<html>
<body>
<pre>
<h1>µVision Build Log</h1>
<h2>Tool Versions:</h2>
IDE-Version: ¦ÌVision V5.29.0.0
Copyright (C) 2019 ARM Ltd and ARM Germany GmbH. All rights reserved.
License Information: 11 AutoBVT, Microsoft, LIC=S5ITG-VCEF3-UMN9A-1PZR7-H4EUQ-VZS0T
 
Tool Versions:
Toolchain:       MDK-ARM Professional  Version: 5.29.0.0
Toolchain Path:  C:\Keil_v5\ARM\ARMCC\Bin
C Compiler:      Armcc.exe V5.06 update 6 (build 750)
Assembler:       Armasm.exe V5.06 update 6 (build 750)
Linker/Locator:  ArmLink.exe V5.06 update 6 (build 750)
Library Manager: ArmAr.exe V5.06 update 6 (build 750)
Hex Converter:   FromElf.exe V5.06 update 6 (build 750)
CPU DLL:         SARMCM3.DLL V5.29.0.0
Dialog DLL:      DCM.DLL V1.17.3.0
Target DLL:      STLink\ST-LINKIII-KEIL_SWO.dll V3.0.7.0
Dialog DLL:      TCM.DLL V1.36.5.0
 
<h2>Project:</h2>
C:\Users\Administrator\Desktop\×ÀÃæ\porting\LWIP_PORTING\Project\YH-F429.uvprojx
Project File Date:  01/05/2021

<h2>Output:</h2>
*** Using Compiler 'V5.06 update 6 (build 750)', folder: 'C:\Keil_v5\ARM\ARMCC\Bin'
Build target 'LwIP'
compiling main.c...
compiling api_lib.c...
compiling api_msg.c...
compiling err.c...
compiling if_api.c...
compiling sockets.c...
compiling tcpip.c...
compiling mem.c...
compiling init.c...
compiling memp.c...
compiling pbuf.c...
compiling netif.c...
compiling sys.c...
compiling bridgeif.c...
compiling timeouts.c...
compiling ethernetif.c...
compiling sys_arch.c...
linking...
Program Size: Code=46752 RO-data=3384 RW-data=380 ZI-data=153764  
FromELF: creating hex file...
"..\Output\YH-F429.axf" - 0 Error(s), 0 Warning(s).

<h2>Software Packages used:</h2>

Package Vendor: Keil
                http://www.keil.com/pack/Keil.STM32F4xx_DFP.2.14.0.pack
                Keil.STM32F4xx_DFP.2.14.0
                STMicroelectronics STM32F4 Series Device Support, Drivers and Examples

<h2>Collection of Component include folders:</h2>
  .\RTE\_LwIP
  C:\Users\Administrator\AppData\Local\Arm\Packs\Keil\STM32F4xx_DFP\2.14.0\Drivers\CMSIS\Device\ST\STM32F4xx\Include

<h2>Collection of Component Files used:</h2>
Build Time Elapsed:  00:01:30
</pre>
</body>
</html>
