Component: ARM Compiler 5.06 update 6 (build 750) Tool: armlink [4d35ed]

==============================================================================

Section Cross References

    startup_stm32f429xx.o(RESET) refers to startup_stm32f429xx.o(STACK) for __initial_sp
    startup_stm32f429xx.o(RESET) refers to startup_stm32f429xx.o(.text) for Reset_Handler
    startup_stm32f429xx.o(RESET) refers to stm32f4xx_it.o(i.NMI_Handler) for NMI_Handler
    startup_stm32f429xx.o(RESET) refers to cmb_fault.o(.text) for HardFault_Handler
    startup_stm32f429xx.o(RESET) refers to stm32f4xx_it.o(i.MemManage_Handler) for MemManage_Handler
    startup_stm32f429xx.o(RESET) refers to stm32f4xx_it.o(i.BusFault_Handler) for BusFault_Handler
    startup_stm32f429xx.o(RESET) refers to stm32f4xx_it.o(i.UsageFault_Handler) for UsageFault_Handler
    startup_stm32f429xx.o(RESET) refers to stm32f4xx_it.o(i.SVC_Handler) for SVC_Handler
    startup_stm32f429xx.o(RESET) refers to port.o(.emb_text) for SVC_Handler
    startup_stm32f429xx.o(RESET) refers to stm32f4xx_it.o(i.DebugMon_Handler) for DebugMon_Handler
    startup_stm32f429xx.o(RESET) refers to stm32f4xx_it.o(i.PendSV_Handler) for PendSV_Handler
    startup_stm32f429xx.o(RESET) refers to stm32f4xx_it.o(i.SysTick_Handler) for SysTick_Handler
    startup_stm32f429xx.o(RESET) refers to bsp_eth.o(i.ETH_IRQHandler) for ETH_IRQHandler
    startup_stm32f429xx.o(.text) refers to system_stm32f4xx.o(i.SystemInit) for SystemInit
    startup_stm32f429xx.o(.text) refers to entry.o(.ARM.Collect$$$$00000000) for __main
    system_stm32f4xx.o(i.SystemCoreClockUpdate) refers to system_stm32f4xx.o(.data) for .data
    system_stm32f4xx.o(i.SystemCoreClockUpdate) refers to system_stm32f4xx.o(.constdata) for .constdata
    stm32f4xx_hal_eth.o(i.ETH_Delay) refers to system_stm32f4xx.o(.data) for SystemCoreClock
    stm32f4xx_hal_eth.o(i.ETH_FlushTransmitFIFO) refers to stm32f4xx_hal_eth.o(i.ETH_Delay) for ETH_Delay
    stm32f4xx_hal_eth.o(i.ETH_MACDMAConfig) refers to stm32f4xx_hal.o(i.HAL_Delay) for HAL_Delay
    stm32f4xx_hal_eth.o(i.HAL_ETH_ConfigDMA) refers to board.o(i.assert_failed) for assert_failed
    stm32f4xx_hal_eth.o(i.HAL_ETH_ConfigDMA) refers to stm32f4xx_hal.o(i.HAL_Delay) for HAL_Delay
    stm32f4xx_hal_eth.o(i.HAL_ETH_ConfigMAC) refers to board.o(i.assert_failed) for assert_failed
    stm32f4xx_hal_eth.o(i.HAL_ETH_ConfigMAC) refers to stm32f4xx_hal.o(i.HAL_Delay) for HAL_Delay
    stm32f4xx_hal_eth.o(i.HAL_ETH_DeInit) refers to bsp_eth.o(i.HAL_ETH_MspDeInit) for HAL_ETH_MspDeInit
    stm32f4xx_hal_eth.o(i.HAL_ETH_IRQHandler) refers to bsp_eth.o(i.HAL_ETH_RxCpltCallback) for HAL_ETH_RxCpltCallback
    stm32f4xx_hal_eth.o(i.HAL_ETH_IRQHandler) refers to bsp_eth.o(i.HAL_ETH_TxCpltCallback) for HAL_ETH_TxCpltCallback
    stm32f4xx_hal_eth.o(i.HAL_ETH_IRQHandler) refers to bsp_eth.o(i.HAL_ETH_ErrorCallback) for HAL_ETH_ErrorCallback
    stm32f4xx_hal_eth.o(i.HAL_ETH_Init) refers to board.o(i.assert_failed) for assert_failed
    stm32f4xx_hal_eth.o(i.HAL_ETH_Init) refers to bsp_eth.o(i.HAL_ETH_MspInit) for HAL_ETH_MspInit
    stm32f4xx_hal_eth.o(i.HAL_ETH_Init) refers to stm32f4xx_hal.o(i.HAL_GetTick) for HAL_GetTick
    stm32f4xx_hal_eth.o(i.HAL_ETH_Init) refers to stm32f4xx_hal_rcc.o(i.HAL_RCC_GetHCLKFreq) for HAL_RCC_GetHCLKFreq
    stm32f4xx_hal_eth.o(i.HAL_ETH_Init) refers to stm32f4xx_hal_eth.o(i.HAL_ETH_WritePHYRegister) for HAL_ETH_WritePHYRegister
    stm32f4xx_hal_eth.o(i.HAL_ETH_Init) refers to stm32f4xx_hal.o(i.HAL_Delay) for HAL_Delay
    stm32f4xx_hal_eth.o(i.HAL_ETH_Init) refers to stm32f4xx_hal_eth.o(i.HAL_ETH_ReadPHYRegister) for HAL_ETH_ReadPHYRegister
    stm32f4xx_hal_eth.o(i.HAL_ETH_Init) refers to stm32f4xx_hal_eth.o(i.ETH_MACDMAConfig) for ETH_MACDMAConfig
    stm32f4xx_hal_eth.o(i.HAL_ETH_ReadPHYRegister) refers to board.o(i.assert_failed) for assert_failed
    stm32f4xx_hal_eth.o(i.HAL_ETH_ReadPHYRegister) refers to stm32f4xx_hal.o(i.HAL_GetTick) for HAL_GetTick
    stm32f4xx_hal_eth.o(i.HAL_ETH_Start) refers to stm32f4xx_hal_eth.o(i.ETH_Delay) for ETH_Delay
    stm32f4xx_hal_eth.o(i.HAL_ETH_Start) refers to stm32f4xx_hal_eth.o(i.ETH_FlushTransmitFIFO) for ETH_FlushTransmitFIFO
    stm32f4xx_hal_eth.o(i.HAL_ETH_Stop) refers to stm32f4xx_hal_eth.o(i.ETH_Delay) for ETH_Delay
    stm32f4xx_hal_eth.o(i.HAL_ETH_Stop) refers to stm32f4xx_hal_eth.o(i.ETH_FlushTransmitFIFO) for ETH_FlushTransmitFIFO
    stm32f4xx_hal_eth.o(i.HAL_ETH_WritePHYRegister) refers to board.o(i.assert_failed) for assert_failed
    stm32f4xx_hal_eth.o(i.HAL_ETH_WritePHYRegister) refers to stm32f4xx_hal.o(i.HAL_GetTick) for HAL_GetTick
    stm32f4xx_hal_tim.o(i.HAL_TIM_Base_DeInit) refers to board.o(i.assert_failed) for assert_failed
    stm32f4xx_hal_tim.o(i.HAL_TIM_Base_DeInit) refers to stm32f4xx_hal_tim.o(i.HAL_TIM_Base_MspDeInit) for HAL_TIM_Base_MspDeInit
    stm32f4xx_hal_tim.o(i.HAL_TIM_Base_Init) refers to board.o(i.assert_failed) for assert_failed
[...]
    dhcp.o(i.dhcp_cleanup) refers to printf8.o(i.__0printf$8) for __2printf
    dhcp.o(i.dhcp_cleanup) refers to mem.o(i.mem_free) for mem_free
    dhcp.o(i.dhcp_coarse_tmr) refers to dhcp.o(i.dhcp_release_and_stop) for dhcp_release_and_stop
    dhcp.o(i.dhcp_coarse_tmr) refers to dhcp.o(i.dhcp_start) for dhcp_start
    dhcp.o(i.dhcp_coarse_tmr) refers to dhcp.o(i.dhcp_rebind) for dhcp_rebind
    dhcp.o(i.dhcp_coarse_tmr) refers to dhcp.o(i.dhcp_renew) for dhcp_renew
    dhcp.o(i.dhcp_coarse_tmr) refers to netif.o(.data) for netif_list
    dhcp.o(i.dhcp_create_msg) refers to pbuf.o(i.pbuf_alloc) for pbuf_alloc
    dhcp.o(i.dhcp_create_msg) refers to printf8.o(i.__0printf$8) for __2printf
    dhcp.o(i.dhcp_create_msg) refers to memseta.o(.text) for __aeabi_memclr
    dhcp.o(i.dhcp_create_msg) refers to def.o(i.lwip_htonl) for lwip_htonl
    dhcp.o(i.dhcp_create_msg) refers to dhcp.o(i.dhcp_option) for dhcp_option
    dhcp.o(i.dhcp_create_msg) refers to dhcp.o(i.dhcp_option_byte) for dhcp_option_byte
    dhcp.o(i.dhcp_create_msg) refers to dhcp.o(.data) for .data
    dhcp.o(i.dhcp_dec_pcb_refcount) refers to printf8.o(i.__0printf$8) for __2printf
    dhcp.o(i.dhcp_dec_pcb_refcount) refers to udp.o(i.udp_remove) for udp_remove
    dhcp.o(i.dhcp_dec_pcb_refcount) refers to dhcp.o(.data) for .data
    dhcp.o(i.dhcp_decline) refers to dhcp.o(i.dhcp_set_state) for dhcp_set_state
    dhcp.o(i.dhcp_decline) refers to dhcp.o(i.dhcp_create_msg) for dhcp_create_msg
    dhcp.o(i.dhcp_decline) refers to dhcp.o(i.dhcp_option) for dhcp_option
    dhcp.o(i.dhcp_decline) refers to def.o(i.lwip_htonl) for lwip_htonl
    dhcp.o(i.dhcp_decline) refers to dhcp.o(i.dhcp_option_long) for dhcp_option_long
    dhcp.o(i.dhcp_decline) refers to dhcp.o(i.dhcp_option_trailer) for dhcp_option_trailer
    dhcp.o(i.dhcp_decline) refers to udp.o(i.udp_sendto_if_src) for udp_sendto_if_src
    dhcp.o(i.dhcp_decline) refers to pbuf.o(i.pbuf_free) for pbuf_free
    dhcp.o(i.dhcp_decline) refers to ip4_addr.o(.constdata) for ip_addr_any
    dhcp.o(i.dhcp_decline) refers to ip4_addr.o(.constdata) for ip_addr_broadcast
    dhcp.o(i.dhcp_decline) refers to dhcp.o(.data) for .data
    dhcp.o(i.dhcp_discover) refers to dhcp.o(i.dhcp_set_state) for dhcp_set_state
    dhcp.o(i.dhcp_discover) refers to dhcp.o(i.dhcp_create_msg) for dhcp_create_msg
    dhcp.o(i.dhcp_discover) refers to dhcp.o(i.dhcp_option) for dhcp_option
    dhcp.o(i.dhcp_discover) refers to dhcp.o(i.dhcp_option_short) for dhcp_option_short
    dhcp.o(i.dhcp_discover) refers to dhcp.o(i.dhcp_option_byte) for dhcp_option_byte
    dhcp.o(i.dhcp_discover) refers to dhcp.o(i.dhcp_option_trailer) for dhcp_option_trailer
    dhcp.o(i.dhcp_discover) refers to udp.o(i.udp_sendto_if_src) for udp_sendto_if_src
    dhcp.o(i.dhcp_discover) refers to pbuf.o(i.pbuf_free) for pbuf_free
    dhcp.o(i.dhcp_discover) refers to dhcp.o(.data) for .data
    dhcp.o(i.dhcp_discover) refers to ip4_addr.o(.constdata) for ip_addr_any
    dhcp.o(i.dhcp_discover) refers to ip4_addr.o(.constdata) for ip_addr_broadcast
    dhcp.o(i.dhcp_fine_tmr) refers to dhcp.o(i.dhcp_timeout) for dhcp_timeout
    dhcp.o(i.dhcp_fine_tmr) refers to netif.o(.data) for netif_list
    dhcp.o(i.dhcp_handle_ack) refers to def.o(i.lwip_htonl) for lwip_htonl
    dhcp.o(i.dhcp_handle_ack) refers to dhcp.o(.data) for .data
    dhcp.o(i.dhcp_handle_ack) refers to dhcp.o(.bss) for .bss
    dhcp.o(i.dhcp_inc_pcb_refcount) refers to printf8.o(i.__0printf$8) for __2printf
    dhcp.o(i.dhcp_inc_pcb_refcount) refers to udp.o(i.udp_new) for udp_new
    dhcp.o(i.dhcp_inc_pcb_refcount) refers to udp.o(i.udp_bind) for udp_bind
    dhcp.o(i.dhcp_inc_pcb_refcount) refers to udp.o(i.udp_connect) for udp_connect
    dhcp.o(i.dhcp_inc_pcb_refcount) refers to udp.o(i.udp_recv) for udp_recv
    dhcp.o(i.dhcp_inc_pcb_refcount) refers to dhcp.o(.data) for .data
    dhcp.o(i.dhcp_inc_pcb_refcount) refers to ip4_addr.o(.constdata) for ip_addr_any
    dhcp.o(i.dhcp_inc_pcb_refcount) refers to dhcp.o(i.dhcp_recv) for dhcp_recv
    dhcp.o(i.dhcp_inform) refers to dhcp.o(i.dhcp_inc_pcb_refcount) for dhcp_inc_pcb_refcount
    dhcp.o(i.dhcp_inform) refers to memseta.o(.text) for __aeabi_memclr4
    dhcp.o(i.dhcp_inform) refers to dhcp.o(i.dhcp_set_state) for dhcp_set_state
    dhcp.o(i.dhcp_inform) refers to dhcp.o(i.dhcp_create_msg) for dhcp_create_msg
    dhcp.o(i.dhcp_inform) refers to dhcp.o(i.dhcp_option) for dhcp_option
    dhcp.o(i.dhcp_inform) refers to dhcp.o(i.dhcp_option_short) for dhcp_option_short
    dhcp.o(i.dhcp_inform) refers to dhcp.o(i.dhcp_option_trailer) for dhcp_option_trailer
    dhcp.o(i.dhcp_inform) refers to udp.o(i.udp_sendto_if) for udp_sendto_if
    dhcp.o(i.dhcp_inform) refers to pbuf.o(i.pbuf_free) for pbuf_free
    dhcp.o(i.dhcp_inform) refers to dhcp.o(i.dhcp_dec_pcb_refcount) for dhcp_dec_pcb_refcount
    dhcp.o(i.dhcp_inform) refers to printf8.o(i.__0printf$8) for __2printf
    dhcp.o(i.dhcp_inform) refers to ip4_addr.o(.constdata) for ip_addr_broadcast
    dhcp.o(i.dhcp_inform) refers to dhcp.o(.data) for .data
    dhcp.o(i.dhcp_network_changed) refers to printf8.o(i.__0printf$8) for __2printf
    dhcp.o(i.dhcp_network_changed) refers to dhcp.o(i.dhcp_discover) for dhcp_discover
    dhcp.o(i.dhcp_network_changed) refers to dhcp.o(i.dhcp_reboot) for dhcp_reboot
    dhcp.o(i.dhcp_option) refers to printf8.o(i.__0printf$8) for __2printf
    dhcp.o(i.dhcp_option) refers to dhcp.o(.conststring) for .conststring
    dhcp.o(i.dhcp_option_byte) refers to printf8.o(i.__0printf$8) for __2printf
    dhcp.o(i.dhcp_option_long) refers to printf8.o(i.__0printf$8) for __2printf
    dhcp.o(i.dhcp_option_short) refers to printf8.o(i.__0printf$8) for __2printf
    dhcp.o(i.dhcp_option_trailer) refers to pbuf.o(i.pbuf_realloc) for pbuf_realloc
    dhcp.o(i.dhcp_parse_reply) refers to printf8.o(i.__0printf$8) for __2printf
    dhcp.o(i.dhcp_parse_reply) refers to pbuf.o(i.pbuf_copy_partial) for pbuf_copy_partial
    dhcp.o(i.dhcp_parse_reply) refers to def.o(i.lwip_htonl) for lwip_htonl
    dhcp.o(i.dhcp_parse_reply) refers to dhcp.o(.data) for .data
    dhcp.o(i.dhcp_parse_reply) refers to dhcp.o(.bss) for .bss
    dhcp.o(i.dhcp_rebind) refers to dhcp.o(i.dhcp_set_state) for dhcp_set_state
    dhcp.o(i.dhcp_rebind) refers to dhcp.o(i.dhcp_create_msg) for dhcp_create_msg
    dhcp.o(i.dhcp_rebind) refers to dhcp.o(i.dhcp_option) for dhcp_option
    dhcp.o(i.dhcp_rebind) refers to dhcp.o(i.dhcp_option_short) for dhcp_option_short
    dhcp.o(i.dhcp_rebind) refers to dhcp.o(i.dhcp_option_byte) for dhcp_option_byte
    dhcp.o(i.dhcp_rebind) refers to dhcp.o(i.dhcp_option_trailer) for dhcp_option_trailer
    dhcp.o(i.dhcp_rebind) refers to udp.o(i.udp_sendto_if) for udp_sendto_if
    dhcp.o(i.dhcp_rebind) refers to pbuf.o(i.pbuf_free) for pbuf_free
    dhcp.o(i.dhcp_rebind) refers to dhcp.o(.data) for .data
    dhcp.o(i.dhcp_rebind) refers to ip4_addr.o(.constdata) for ip_addr_broadcast
    dhcp.o(i.dhcp_reboot) refers to dhcp.o(i.dhcp_set_state) for dhcp_set_state
    dhcp.o(i.dhcp_reboot) refers to dhcp.o(i.dhcp_create_msg) for dhcp_create_msg
    dhcp.o(i.dhcp_reboot) refers to dhcp.o(i.dhcp_option) for dhcp_option
    dhcp.o(i.dhcp_reboot) refers to dhcp.o(i.dhcp_option_short) for dhcp_option_short
    dhcp.o(i.dhcp_reboot) refers to def.o(i.lwip_htonl) for lwip_htonl
    dhcp.o(i.dhcp_reboot) refers to dhcp.o(i.dhcp_option_long) for dhcp_option_long
    dhcp.o(i.dhcp_reboot) refers to dhcp.o(i.dhcp_option_byte) for dhcp_option_byte
    dhcp.o(i.dhcp_reboot) refers to dhcp.o(i.dhcp_option_trailer) for dhcp_option_trailer
    dhcp.o(i.dhcp_reboot) refers to udp.o(i.udp_sendto_if) for udp_sendto_if
    dhcp.o(i.dhcp_reboot) refers to pbuf.o(i.pbuf_free) for pbuf_free
    dhcp.o(i.dhcp_reboot) refers to dhcp.o(.data) for .data
    dhcp.o(i.dhcp_reboot) refers to ip4_addr.o(.constdata) for ip_addr_broadcast
    dhcp.o(i.dhcp_recv) refers to def.o(i.lwip_htonl) for lwip_htonl
    dhcp.o(i.dhcp_recv) refers to dhcp.o(i.dhcp_parse_reply) for dhcp_parse_reply
    dhcp.o(i.dhcp_recv) refers to dhcp.o(i.dhcp_handle_ack) for dhcp_handle_ack
    dhcp.o(i.dhcp_recv) refers to dhcp.o(i.dhcp_check) for dhcp_check
    dhcp.o(i.dhcp_recv) refers to dhcp.o(i.dhcp_bind) for dhcp_bind
    dhcp.o(i.dhcp_recv) refers to dhcp.o(i.dhcp_set_state) for dhcp_set_state
    dhcp.o(i.dhcp_recv) refers to netif.o(i.netif_set_addr) for netif_set_addr
    dhcp.o(i.dhcp_recv) refers to dhcp.o(i.dhcp_discover) for dhcp_discover
    dhcp.o(i.dhcp_recv) refers to dhcp.o(i.dhcp_select) for dhcp_select
    dhcp.o(i.dhcp_recv) refers to pbuf.o(i.pbuf_free) for pbuf_free
    dhcp.o(i.dhcp_recv) refers to ip.o(.bss) for ip_data
    dhcp.o(i.dhcp_recv) refers to dhcp.o(.data) for .data
    dhcp.o(i.dhcp_recv) refers to dhcp.o(.bss) for .bss
    dhcp.o(i.dhcp_recv) refers to ip4_addr.o(.constdata) for ip_addr_any
    dhcp.o(i.dhcp_release) refers to dhcp.o(i.dhcp_release_and_stop) for dhcp_release_and_stop
    dhcp.o(i.dhcp_release_and_stop) refers to dhcp.o(i.dhcp_supplied_address) for dhcp_supplied_address
    dhcp.o(i.dhcp_release_and_stop) refers to dhcp.o(i.dhcp_create_msg) for dhcp_create_msg
    dhcp.o(i.dhcp_release_and_stop) refers to dhcp.o(i.dhcp_option) for dhcp_option
    dhcp.o(i.dhcp_release_and_stop) refers to def.o(i.lwip_htonl) for lwip_htonl
    dhcp.o(i.dhcp_release_and_stop) refers to dhcp.o(i.dhcp_option_long) for dhcp_option_long
    dhcp.o(i.dhcp_release_and_stop) refers to dhcp.o(i.dhcp_option_trailer) for dhcp_option_trailer
    dhcp.o(i.dhcp_release_and_stop) refers to udp.o(i.udp_sendto_if) for udp_sendto_if
    dhcp.o(i.dhcp_release_and_stop) refers to pbuf.o(i.pbuf_free) for pbuf_free
    dhcp.o(i.dhcp_release_and_stop) refers to netif.o(i.netif_set_addr) for netif_set_addr
    dhcp.o(i.dhcp_release_and_stop) refers to dhcp.o(i.dhcp_set_state) for dhcp_set_state
    dhcp.o(i.dhcp_release_and_stop) refers to dhcp.o(i.dhcp_dec_pcb_refcount) for dhcp_dec_pcb_refcount
    dhcp.o(i.dhcp_release_and_stop) refers to dhcp.o(.data) for .data
    dhcp.o(i.dhcp_release_and_stop) refers to ip4_addr.o(.constdata) for ip_addr_any
    dhcp.o(i.dhcp_renew) refers to dhcp.o(i.dhcp_set_state) for dhcp_set_state
    dhcp.o(i.dhcp_renew) refers to dhcp.o(i.dhcp_create_msg) for dhcp_create_msg
    dhcp.o(i.dhcp_renew) refers to dhcp.o(i.dhcp_option) for dhcp_option
    dhcp.o(i.dhcp_renew) refers to dhcp.o(i.dhcp_option_short) for dhcp_option_short
    dhcp.o(i.dhcp_renew) refers to dhcp.o(i.dhcp_option_byte) for dhcp_option_byte
    dhcp.o(i.dhcp_renew) refers to dhcp.o(i.dhcp_option_trailer) for dhcp_option_trailer
    dhcp.o(i.dhcp_renew) refers to udp.o(i.udp_sendto_if) for udp_sendto_if
    dhcp.o(i.dhcp_renew) refers to pbuf.o(i.pbuf_free) for pbuf_free
    dhcp.o(i.dhcp_renew) refers to dhcp.o(.data) for .data
    dhcp.o(i.dhcp_select) refers to dhcp.o(i.dhcp_set_state) for dhcp_set_state
    dhcp.o(i.dhcp_select) refers to dhcp.o(i.dhcp_create_msg) for dhcp_create_msg
    dhcp.o(i.dhcp_select) refers to dhcp.o(i.dhcp_option) for dhcp_option
    dhcp.o(i.dhcp_select) refers to dhcp.o(i.dhcp_option_short) for dhcp_option_short
    dhcp.o(i.dhcp_select) refers to def.o(i.lwip_htonl) for lwip_htonl
    dhcp.o(i.dhcp_select) refers to dhcp.o(i.dhcp_option_long) for dhcp_option_long
    dhcp.o(i.dhcp_select) refers to dhcp.o(i.dhcp_option_byte) for dhcp_option_byte
    dhcp.o(i.dhcp_select) refers to dhcp.o(i.dhcp_option_trailer) for dhcp_option_trailer
    dhcp.o(i.dhcp_select) refers to udp.o(i.udp_sendto_if_src) for udp_sendto_if_src
    dhcp.o(i.dhcp_select) refers to pbuf.o(i.pbuf_free) for pbuf_free
    dhcp.o(i.dhcp_select) refers to printf8.o(i.__0printf$8) for __2printf
    dhcp.o(i.dhcp_select) refers to dhcp.o(.data) for .data
    dhcp.o(i.dhcp_select) refers to ip4_addr.o(.constdata) for ip_addr_any
    dhcp.o(i.dhcp_select) refers to ip4_addr.o(.constdata) for ip_addr_broadcast
    dhcp.o(i.dhcp_set_struct) refers to printf8.o(i.__0printf$8) for __2printf
    dhcp.o(i.dhcp_set_struct) refers to memseta.o(.text) for __aeabi_memclr4
    dhcp.o(i.dhcp_start) refers to dhcp.o(i.dhcp_dec_pcb_refcount) for dhcp_dec_pcb_refcount
    dhcp.o(i.dhcp_start) refers to memseta.o(.text) for __aeabi_memclr4
    dhcp.o(i.dhcp_start) refers to dhcp.o(i.dhcp_inc_pcb_refcount) for dhcp_inc_pcb_refcount
    dhcp.o(i.dhcp_start) refers to printf8.o(i.__0printf$8) for __2printf
    dhcp.o(i.dhcp_start) refers to mem.o(i.mem_malloc) for mem_malloc
    dhcp.o(i.dhcp_start) refers to dhcp.o(i.dhcp_set_state) for dhcp_set_state
    dhcp.o(i.dhcp_start) refers to dhcp.o(i.dhcp_discover) for dhcp_discover
    dhcp.o(i.dhcp_start) refers to dhcp.o(i.dhcp_release_and_stop) for dhcp_release_and_stop
    dhcp.o(i.dhcp_stop) refers to dhcp.o(i.dhcp_release_and_stop) for dhcp_release_and_stop
    dhcp.o(i.dhcp_timeout) refers to dhcp.o(i.dhcp_discover) for dhcp_discover
    dhcp.o(i.dhcp_timeout) refers to dhcp.o(i.dhcp_select) for dhcp_select
    dhcp.o(i.dhcp_timeout) refers to dhcp.o(i.dhcp_release_and_stop) for dhcp_release_and_stop
    dhcp.o(i.dhcp_timeout) refers to dhcp.o(i.dhcp_start) for dhcp_start
    dhcp.o(i.dhcp_timeout) refers to dhcp.o(i.dhcp_check) for dhcp_check
    dhcp.o(i.dhcp_timeout) refers to dhcp.o(i.dhcp_bind) for dhcp_bind
    dhcp.o(i.dhcp_timeout) refers to dhcp.o(i.dhcp_reboot) for dhcp_reboot
    etharp.o(i.etharp_cleanup_netif) refers to etharp.o(i.etharp_free_entry) for etharp_free_entry
    etharp.o(i.etharp_cleanup_netif) refers to etharp.o(.bss) for .bss
    etharp.o(i.etharp_find_addr) refers to printf8.o(i.__0printf$8) for __2printf
    etharp.o(i.etharp_find_addr) refers to etharp.o(i.etharp_find_entry) for etharp_find_entry
    etharp.o(i.etharp_find_addr) refers to etharp.o(.bss) for .bss
    etharp.o(i.etharp_find_entry) refers to printf8.o(i.__0printf$8) for __2printf
    etharp.o(i.etharp_find_entry) refers to etharp.o(i.etharp_free_entry) for etharp_free_entry
    etharp.o(i.etharp_find_entry) refers to etharp.o(.bss) for .bss
    etharp.o(i.etharp_free_entry) refers to pbuf.o(i.pbuf_free) for pbuf_free
    etharp.o(i.etharp_free_entry) refers to etharp.o(.bss) for .bss
    etharp.o(i.etharp_get_entry) refers to printf8.o(i.__0printf$8) for __2printf
    etharp.o(i.etharp_get_entry) refers to etharp.o(.bss) for .bss
    etharp.o(i.etharp_input) refers to printf8.o(i.__0printf$8) for __2printf
    etharp.o(i.etharp_input) refers to etharp.o(i.etharp_update_arp_entry) for etharp_update_arp_entry
    etharp.o(i.etharp_input) refers to etharp.o(i.etharp_raw) for etharp_raw
    etharp.o(i.etharp_input) refers to dhcp.o(i.dhcp_arp_reply) for dhcp_arp_reply
    etharp.o(i.etharp_input) refers to pbuf.o(i.pbuf_free) for pbuf_free
    etharp.o(i.etharp_output) refers to printf8.o(i.__0printf$8) for __2printf
    etharp.o(i.etharp_output) refers to ip4_addr.o(i.ip4_addr_isbroadcast_u32) for ip4_addr_isbroadcast_u32
    etharp.o(i.etharp_output) refers to etharp.o(i.etharp_output_to_arp_index) for etharp_output_to_arp_index
    etharp.o(i.etharp_output) refers to ethernet.o(i.ethernet_output) for ethernet_output
    etharp.o(i.etharp_output) refers to etharp.o(i.etharp_query) for etharp_query
    etharp.o(i.etharp_output) refers to ethernet.o(.constdata) for ethbroadcast
    etharp.o(i.etharp_output) refers to etharp.o(.data) for .data
    etharp.o(i.etharp_output) refers to etharp.o(.bss) for .bss
    etharp.o(i.etharp_output_to_arp_index) refers to printf8.o(i.__0printf$8) for __2printf
    etharp.o(i.etharp_output_to_arp_index) refers to etharp.o(i.etharp_request) for etharp_request
    etharp.o(i.etharp_output_to_arp_index) refers to etharp.o(i.etharp_request_dst) for etharp_request_dst
    etharp.o(i.etharp_output_to_arp_index) refers to ethernet.o(i.ethernet_output) for ethernet_output
    etharp.o(i.etharp_output_to_arp_index) refers to etharp.o(.bss) for .bss
    etharp.o(i.etharp_query) refers to ip4_addr.o(i.ip4_addr_isbroadcast_u32) for ip4_addr_isbroadcast_u32
    etharp.o(i.etharp_query) refers to etharp.o(i.etharp_find_entry) for etharp_find_entry
    etharp.o(i.etharp_query) refers to printf8.o(i.__0printf$8) for __2printf
    etharp.o(i.etharp_query) refers to etharp.o(i.etharp_request) for etharp_request
    etharp.o(i.etharp_query) refers to ethernet.o(i.ethernet_output) for ethernet_output
    etharp.o(i.etharp_query) refers to pbuf.o(i.pbuf_clone) for pbuf_clone
    etharp.o(i.etharp_query) refers to pbuf.o(i.pbuf_ref) for pbuf_ref
    etharp.o(i.etharp_query) refers to pbuf.o(i.pbuf_free) for pbuf_free
    etharp.o(i.etharp_query) refers to etharp.o(.bss) for .bss
    etharp.o(i.etharp_query) refers to etharp.o(.data) for .data
    etharp.o(i.etharp_raw) refers to printf8.o(i.__0printf$8) for __2printf
    etharp.o(i.etharp_raw) refers to pbuf.o(i.pbuf_alloc) for pbuf_alloc
    etharp.o(i.etharp_raw) refers to def.o(i.lwip_htons) for lwip_htons
    etharp.o(i.etharp_raw) refers to ethernet.o(i.ethernet_output) for ethernet_output
    etharp.o(i.etharp_raw) refers to pbuf.o(i.pbuf_free) for pbuf_free
    etharp.o(i.etharp_raw) refers to etharp.o(.conststring) for .conststring
    etharp.o(i.etharp_request) refers to etharp.o(i.etharp_request_dst) for etharp_request_dst
    etharp.o(i.etharp_request) refers to ethernet.o(.constdata) for ethbroadcast
    etharp.o(i.etharp_request_dst) refers to etharp.o(i.etharp_raw) for etharp_raw
    etharp.o(i.etharp_request_dst) refers to ethernet.o(.constdata) for ethzero
    etharp.o(i.etharp_tmr) refers to etharp.o(i.etharp_free_entry) for etharp_free_entry
    etharp.o(i.etharp_tmr) refers to etharp.o(i.etharp_request) for etharp_request
    etharp.o(i.etharp_tmr) refers to etharp.o(.bss) for .bss
    etharp.o(i.etharp_update_arp_entry) refers to printf8.o(i.__0printf$8) for __2printf
    etharp.o(i.etharp_update_arp_entry) refers to ip4_addr.o(i.ip4_addr_isbroadcast_u32) for ip4_addr_isbroadcast_u32
    etharp.o(i.etharp_update_arp_entry) refers to etharp.o(i.etharp_find_entry) for etharp_find_entry
    etharp.o(i.etharp_update_arp_entry) refers to ethernet.o(i.ethernet_output) for ethernet_output
    etharp.o(i.etharp_update_arp_entry) refers to pbuf.o(i.pbuf_free) for pbuf_free
    etharp.o(i.etharp_update_arp_entry) refers to etharp.o(.bss) for .bss
    icmp.o(i.icmp_dest_unreach) refers to icmp.o(i.icmp_send_response) for icmp_send_response
    icmp.o(i.icmp_input) refers to ip4_addr.o(i.ip4_addr_isbroadcast_u32) for ip4_addr_isbroadcast_u32
    icmp.o(i.icmp_input) refers to inet_chksum.o(i.inet_chksum_pbuf) for inet_chksum_pbuf
    icmp.o(i.icmp_input) refers to pbuf.o(i.pbuf_add_header) for pbuf_add_header
    icmp.o(i.icmp_input) refers to pbuf.o(i.pbuf_alloc) for pbuf_alloc
    icmp.o(i.icmp_input) refers to memmovea.o(.text) for __aeabi_memcpy
    icmp.o(i.icmp_input) refers to pbuf.o(i.pbuf_remove_header) for pbuf_remove_header
    icmp.o(i.icmp_input) refers to printf8.o(i.__0printf$8) for __2printf
    icmp.o(i.icmp_input) refers to pbuf.o(i.pbuf_copy) for pbuf_copy
    icmp.o(i.icmp_input) refers to pbuf.o(i.pbuf_free) for pbuf_free
    icmp.o(i.icmp_input) refers to ip4.o(i.ip4_output_if) for ip4_output_if
    icmp.o(i.icmp_input) refers to ip.o(.bss) for ip_data
    icmp.o(i.icmp_send_response) refers to pbuf.o(i.pbuf_alloc) for pbuf_alloc
    icmp.o(i.icmp_send_response) refers to printf8.o(i.__0printf$8) for __2printf
    icmp.o(i.icmp_send_response) refers to memmovea.o(.text) for __aeabi_memcpy
    icmp.o(i.icmp_send_response) refers to ip4.o(i.ip4_route) for ip4_route
    icmp.o(i.icmp_send_response) refers to ip4.o(i.ip4_output_if) for ip4_output_if
    icmp.o(i.icmp_send_response) refers to pbuf.o(i.pbuf_free) for pbuf_free
    icmp.o(i.icmp_time_exceeded) refers to icmp.o(i.icmp_send_response) for icmp_send_response
    ip4.o(i.ip4_input) refers to pbuf.o(i.pbuf_free) for pbuf_free
    ip4.o(i.ip4_input) refers to def.o(i.lwip_htons) for lwip_htons
    ip4.o(i.ip4_input) refers to pbuf.o(i.pbuf_realloc) for pbuf_realloc
    ip4.o(i.ip4_input) refers to ip4.o(i.ip4_input_accept) for ip4_input_accept
    ip4.o(i.ip4_input) refers to ip4_addr.o(i.ip4_addr_isbroadcast_u32) for ip4_addr_isbroadcast_u32
    ip4.o(i.ip4_input) refers to ip4_frag.o(i.ip4_reass) for ip4_reass
    ip4.o(i.ip4_input) refers to pbuf.o(i.pbuf_remove_header) for pbuf_remove_header
    ip4.o(i.ip4_input) refers to udp.o(i.udp_input) for udp_input
    ip4.o(i.ip4_input) refers to tcp_in.o(i.tcp_input) for tcp_input
    ip4.o(i.ip4_input) refers to icmp.o(i.icmp_input) for icmp_input
    ip4.o(i.ip4_input) refers to pbuf.o(i.pbuf_header_force) for pbuf_header_force
    ip4.o(i.ip4_input) refers to icmp.o(i.icmp_dest_unreach) for icmp_dest_unreach
    ip4.o(i.ip4_input) refers to ip.o(.bss) for ip_data
    ip4.o(i.ip4_input) refers to netif.o(.data) for netif_list
    ip4.o(i.ip4_input_accept) refers to ip4_addr.o(i.ip4_addr_isbroadcast_u32) for ip4_addr_isbroadcast_u32
    ip4.o(i.ip4_input_accept) refers to ip.o(.bss) for ip_data
    ip4.o(i.ip4_output) refers to printf8.o(i.__0printf$8) for __2printf
    ip4.o(i.ip4_output) refers to ip4.o(i.ip4_route) for ip4_route
    ip4.o(i.ip4_output) refers to ip4.o(i.ip4_output_if) for ip4_output_if
    ip4.o(i.ip4_output_if) refers to ip4.o(i.ip4_output_if_src) for ip4_output_if_src
    ip4.o(i.ip4_output_if_src) refers to printf8.o(i.__0printf$8) for __2printf
    ip4.o(i.ip4_output_if_src) refers to pbuf.o(i.pbuf_add_header) for pbuf_add_header
    ip4.o(i.ip4_output_if_src) refers to def.o(i.lwip_htons) for lwip_htons
    ip4.o(i.ip4_output_if_src) refers to ip4_frag.o(i.ip4_frag) for ip4_frag
    ip4.o(i.ip4_output_if_src) refers to ip4.o(.data) for .data
    ip4.o(i.ip4_output_if_src) refers to ip4_addr.o(.constdata) for ip_addr_any
    ip4.o(i.ip4_route) refers to netif.o(.data) for netif_list
    ip4_addr.o(i.ip4_addr_netmask_valid) refers to def.o(i.lwip_htonl) for lwip_htonl
    ip4_addr.o(i.ip4addr_aton) refers to ctype_o.o(.text) for __rt_ctype_table
    ip4_addr.o(i.ip4addr_aton) refers to printf8.o(i.__0printf$8) for __2printf
    ip4_addr.o(i.ip4addr_aton) refers to def.o(i.lwip_htonl) for lwip_htonl
    ip4_addr.o(i.ip4addr_ntoa) refers to ip4_addr.o(i.ip4addr_ntoa_r) for ip4addr_ntoa_r
    ip4_addr.o(i.ip4addr_ntoa) refers to ip4_addr.o(.bss) for .bss
    ip4_addr.o(i.ipaddr_addr) refers to ip4_addr.o(i.ip4addr_aton) for ip4addr_aton
    ip4_frag.o(i.ip4_frag) refers to printf8.o(i.__0printf$8) for __2printf
    ip4_frag.o(i.ip4_frag) refers to def.o(i.lwip_htons) for lwip_htons
    ip4_frag.o(i.ip4_frag) refers to pbuf.o(i.pbuf_alloc) for pbuf_alloc
    ip4_frag.o(i.ip4_frag) refers to memmovea.o(.text) for __aeabi_memcpy
    ip4_frag.o(i.ip4_frag) refers to memp.o(i.memp_malloc) for memp_malloc
    ip4_frag.o(i.ip4_frag) refers to pbuf.o(i.pbuf_alloced_custom) for pbuf_alloced_custom
    ip4_frag.o(i.ip4_frag) refers to pbuf.o(i.pbuf_ref) for pbuf_ref
    ip4_frag.o(i.ip4_frag) refers to pbuf.o(i.pbuf_cat) for pbuf_cat
    ip4_frag.o(i.ip4_frag) refers to pbuf.o(i.pbuf_free) for pbuf_free
    ip4_frag.o(i.ip4_frag) refers to ip4_frag.o(i.ip_frag_free_pbuf_custom_ref) for ip_frag_free_pbuf_custom_ref
    ip4_frag.o(i.ip4_frag) refers to ip4_frag.o(i.ipfrag_free_pbuf_custom) for ipfrag_free_pbuf_custom
    ip4_frag.o(i.ip4_reass) refers to def.o(i.lwip_htons) for lwip_htons
    ip4_frag.o(i.ip4_reass) refers to pbuf.o(i.pbuf_clen) for pbuf_clen
    ip4_frag.o(i.ip4_reass) refers to ip4_frag.o(i.ip_reass_remove_oldest_datagram) for ip_reass_remove_oldest_datagram
    ip4_frag.o(i.ip4_reass) refers to memp.o(i.memp_malloc) for memp_malloc
    ip4_frag.o(i.ip4_reass) refers to memseta.o(.text) for __aeabi_memclr4
    ip4_frag.o(i.ip4_reass) refers to memmovea.o(.text) for __aeabi_memcpy
    ip4_frag.o(i.ip4_reass) refers to ip4_frag.o(i.ip_reass_chain_frag_into_datagram_and_validate) for ip_reass_chain_frag_into_datagram_and_validate
    ip4_frag.o(i.ip4_reass) refers to pbuf.o(i.pbuf_remove_header) for pbuf_remove_header
    ip4_frag.o(i.ip4_reass) refers to pbuf.o(i.pbuf_cat) for pbuf_cat
    ip4_frag.o(i.ip4_reass) refers to ip4_frag.o(i.ip_reass_dequeue_datagram) for ip_reass_dequeue_datagram
    ip4_frag.o(i.ip4_reass) refers to printf8.o(i.__0printf$8) for __2printf
    ip4_frag.o(i.ip4_reass) refers to pbuf.o(i.pbuf_free) for pbuf_free
    ip4_frag.o(i.ip4_reass) refers to ip4_frag.o(.data) for .data
    ip4_frag.o(i.ip_frag_free_pbuf_custom_ref) refers to printf8.o(i.__0printf$8) for __2printf
    ip4_frag.o(i.ip_frag_free_pbuf_custom_ref) refers to memp.o(i.memp_free) for memp_free
    ip4_frag.o(i.ip_reass_chain_frag_into_datagram_and_validate) refers to def.o(i.lwip_htons) for lwip_htons
    ip4_frag.o(i.ip_reass_chain_frag_into_datagram_and_validate) refers to printf8.o(i.__0printf$8) for __2printf
    ip4_frag.o(i.ip_reass_dequeue_datagram) refers to printf8.o(i.__0printf$8) for __2printf
    ip4_frag.o(i.ip_reass_dequeue_datagram) refers to memp.o(i.memp_free) for memp_free
    ip4_frag.o(i.ip_reass_dequeue_datagram) refers to ip4_frag.o(.data) for .data
    ip4_frag.o(i.ip_reass_free_complete_datagram) refers to printf8.o(i.__0printf$8) for __2printf
    ip4_frag.o(i.ip_reass_free_complete_datagram) refers to memmovea.o(.text) for __aeabi_memcpy
    ip4_frag.o(i.ip_reass_free_complete_datagram) refers to icmp.o(i.icmp_time_exceeded) for icmp_time_exceeded
    ip4_frag.o(i.ip_reass_free_complete_datagram) refers to pbuf.o(i.pbuf_clen) for pbuf_clen
    ip4_frag.o(i.ip_reass_free_complete_datagram) refers to pbuf.o(i.pbuf_free) for pbuf_free
    ip4_frag.o(i.ip_reass_free_complete_datagram) refers to ip4_frag.o(i.ip_reass_dequeue_datagram) for ip_reass_dequeue_datagram
    ip4_frag.o(i.ip_reass_free_complete_datagram) refers to ip4_frag.o(.data) for .data
    ip4_frag.o(i.ip_reass_remove_oldest_datagram) refers to ip4_frag.o(i.ip_reass_free_complete_datagram) for ip_reass_free_complete_datagram
    ip4_frag.o(i.ip_reass_remove_oldest_datagram) refers to ip4_frag.o(.data) for .data
    ip4_frag.o(i.ip_reass_tmr) refers to ip4_frag.o(i.ip_reass_free_complete_datagram) for ip_reass_free_complete_datagram
    ip4_frag.o(i.ip_reass_tmr) refers to ip4_frag.o(.data) for .data
    ip4_frag.o(i.ipfrag_free_pbuf_custom) refers to printf8.o(i.__0printf$8) for __2printf
    ip4_frag.o(i.ipfrag_free_pbuf_custom) refers to pbuf.o(i.pbuf_free) for pbuf_free
    ip4_frag.o(i.ipfrag_free_pbuf_custom) refers to ip4_frag.o(i.ip_frag_free_pbuf_custom_ref) for ip_frag_free_pbuf_custom_ref
    ethernet.o(i.ethernet_input) refers to memcmp.o(.text) for memcmp
    ethernet.o(i.ethernet_input) refers to pbuf.o(i.pbuf_remove_header) for pbuf_remove_header
    ethernet.o(i.ethernet_input) refers to ip4.o(i.ip4_input) for ip4_input
    ethernet.o(i.ethernet_input) refers to pbuf.o(i.pbuf_free) for pbuf_free
    ethernet.o(i.ethernet_input) refers to etharp.o(i.etharp_input) for etharp_input
    ethernet.o(i.ethernet_input) refers to ethernet.o(.constdata) for .constdata
    ethernet.o(i.ethernet_output) refers to def.o(i.lwip_htons) for lwip_htons
    ethernet.o(i.ethernet_output) refers to pbuf.o(i.pbuf_add_header) for pbuf_add_header
    ethernet.o(i.ethernet_output) refers to printf8.o(i.__0printf$8) for __2printf
    ethernetif.o(i.ethernetif_init) refers to mem.o(i.mem_malloc) for mem_malloc
    ethernetif.o(i.ethernetif_init) refers to printf8.o(i.__0printf$8) for __2printf
    ethernetif.o(i.ethernetif_init) refers to ethernetif.o(i.low_level_init) for low_level_init
    ethernetif.o(i.ethernetif_init) refers to etharp.o(i.etharp_output) for etharp_output
    ethernetif.o(i.ethernetif_init) refers to ethernetif.o(i.low_level_output) for low_level_output
    ethernetif.o(i.ethernetif_input) refers to ethernetif.o(i.low_level_input) for low_level_input
    ethernetif.o(i.ethernetif_input) refers to pbuf.o(i.pbuf_free) for pbuf_free
    ethernetif.o(i.low_level_init) refers to bsp_eth.o(i.Bsp_Eth_Init) for Bsp_Eth_Init
    ethernetif.o(i.low_level_init) refers to stm32f4xx_hal_eth.o(i.HAL_ETH_Start) for HAL_ETH_Start
    ethernetif.o(i.low_level_init) refers to bsp_eth.o(.bss) for heth
    ethernetif.o(i.low_level_input) refers to stm32f4xx_hal_eth.o(i.HAL_ETH_GetReceivedFrame) for HAL_ETH_GetReceivedFrame
    ethernetif.o(i.low_level_input) refers to pbuf.o(i.pbuf_alloc) for pbuf_alloc
    ethernetif.o(i.low_level_input) refers to memmovea.o(.text) for __aeabi_memcpy
    ethernetif.o(i.low_level_input) refers to bsp_eth.o(.bss) for heth
    ethernetif.o(i.low_level_output) refers to memmovea.o(.text) for __aeabi_memcpy
    ethernetif.o(i.low_level_output) refers to stm32f4xx_hal_eth.o(i.HAL_ETH_TransmitFrame) for HAL_ETH_TransmitFrame
    ethernetif.o(i.low_level_output) refers to bsp_eth.o(.bss) for heth
    cm_backtrace.o(i.cm_backtrace_assert) refers to printf8.o(i.__0printf$8) for __2printf
    cm_backtrace.o(i.cm_backtrace_assert) refers to cm_backtrace.o(i.cm_backtrace_firmware_info) for cm_backtrace_firmware_info
    cm_backtrace.o(i.cm_backtrace_assert) refers to cm_backtrace.o(i.dump_stack) for dump_stack
    cm_backtrace.o(i.cm_backtrace_assert) refers to cm_backtrace.o(i.print_call_stack) for print_call_stack
    cm_backtrace.o(i.cm_backtrace_assert) refers to cm_backtrace.o(.data) for .data
    cm_backtrace.o(i.cm_backtrace_assert) refers to cm_backtrace.o(.constdata) for .constdata
    cm_backtrace.o(i.cm_backtrace_call_stack) refers to cm_backtrace.o(.data) for .data
    cm_backtrace.o(i.cm_backtrace_call_stack) refers to cm_backtrace.o(.bss) for .bss
    cm_backtrace.o(i.cm_backtrace_fault) refers to memmovea.o(.text) for __aeabi_memcpy4
    cm_backtrace.o(i.cm_backtrace_fault) refers to printf8.o(i.__0printf$8) for __2printf
    cm_backtrace.o(i.cm_backtrace_fault) refers to cm_backtrace.o(i.cm_backtrace_firmware_info) for cm_backtrace_firmware_info
    cm_backtrace.o(i.cm_backtrace_fault) refers to cm_backtrace.o(i.dump_stack) for dump_stack
    cm_backtrace.o(i.cm_backtrace_fault) refers to cm_backtrace.o(i.fault_diagnosis) for fault_diagnosis
    cm_backtrace.o(i.cm_backtrace_fault) refers to cm_backtrace.o(i.print_call_stack) for print_call_stack
    cm_backtrace.o(i.cm_backtrace_fault) refers to cm_backtrace.o(.constdata) for .constdata
    cm_backtrace.o(i.cm_backtrace_fault) refers to cm_backtrace.o(.data) for .data
    cm_backtrace.o(i.cm_backtrace_fault) refers to cm_backtrace.o(.bss) for .bss
    cm_backtrace.o(i.cm_backtrace_firmware_info) refers to printf8.o(i.__0printf$8) for __2printf
    cm_backtrace.o(i.cm_backtrace_firmware_info) refers to cm_backtrace.o(.constdata) for .constdata
    cm_backtrace.o(i.cm_backtrace_firmware_info) refers to cm_backtrace.o(.bss) for .bss
    cm_backtrace.o(i.cm_backtrace_init) refers to strncpy.o(.text) for strncpy
    cm_backtrace.o(i.cm_backtrace_init) refers to cm_backtrace.o(.bss) for .bss
    cm_backtrace.o(i.cm_backtrace_init) refers to cm_backtrace.o(.data) for .data
    cm_backtrace.o(i.dump_stack) refers to printf8.o(i.__0printf$8) for __2printf
    cm_backtrace.o(i.dump_stack) refers to cm_backtrace.o(.data) for .data
    cm_backtrace.o(i.dump_stack) refers to cm_backtrace.o(.constdata) for .constdata
    cm_backtrace.o(i.fault_diagnosis) refers to printf8.o(i.__0printf$8) for __2printf
    cm_backtrace.o(i.fault_diagnosis) refers to cm_backtrace.o(.bss) for .bss
    cm_backtrace.o(i.fault_diagnosis) refers to cm_backtrace.o(.constdata) for .constdata
    cm_backtrace.o(i.print_call_stack) refers to memseta.o(.text) for __aeabi_memclr4
    cm_backtrace.o(i.print_call_stack) refers to cm_backtrace.o(i.cm_backtrace_call_stack) for cm_backtrace_call_stack
    cm_backtrace.o(i.print_call_stack) refers to printf8.o(i.__0sprintf$8) for __2sprintf
    cm_backtrace.o(i.print_call_stack) refers to printf8.o(i.__0printf$8) for __2printf
    cm_backtrace.o(i.print_call_stack) refers to cm_backtrace.o(.bss) for .bss
    cm_backtrace.o(i.print_call_stack) refers to cm_backtrace.o(.constdata) for .constdata
    cm_backtrace.o(.constdata) refers to cm_backtrace.o(.conststring) for .conststring
    cmb_fault.o(.text) refers to cm_backtrace.o(i.cm_backtrace_fault) for cm_backtrace_fault
    event_groups.o(i.vEventGroupClearBitsCallback) refers to event_groups.o(i.xEventGroupClearBits) for xEventGroupClearBits
    event_groups.o(i.vEventGroupDelete) refers to tasks.o(i.vTaskSuspendAll) for vTaskSuspendAll
    event_groups.o(i.vEventGroupDelete) refers to printf8.o(i.__0printf$8) for __2printf
    event_groups.o(i.vEventGroupDelete) refers to tasks.o(i.vTaskRemoveFromUnorderedEventList) for vTaskRemoveFromUnorderedEventList
    event_groups.o(i.vEventGroupDelete) refers to heap_4.o(i.vPortFree) for vPortFree
    event_groups.o(i.vEventGroupDelete) refers to tasks.o(i.xTaskResumeAll) for xTaskResumeAll
    event_groups.o(i.vEventGroupSetBitsCallback) refers to event_groups.o(i.xEventGroupSetBits) for xEventGroupSetBits
    event_groups.o(i.xEventGroupClearBits) refers to printf8.o(i.__0printf$8) for __2printf
    event_groups.o(i.xEventGroupClearBits) refers to port.o(i.vPortEnterCritical) for vPortEnterCritical
    event_groups.o(i.xEventGroupClearBits) refers to port.o(i.vPortExitCritical) for vPortExitCritical
    event_groups.o(i.xEventGroupCreate) refers to heap_4.o(i.pvPortMalloc) for pvPortMalloc
    event_groups.o(i.xEventGroupCreate) refers to list.o(i.vListInitialise) for vListInitialise
    event_groups.o(i.xEventGroupSetBits) refers to printf8.o(i.__0printf$8) for __2printf
    event_groups.o(i.xEventGroupSetBits) refers to tasks.o(i.vTaskSuspendAll) for vTaskSuspendAll
    event_groups.o(i.xEventGroupSetBits) refers to tasks.o(i.vTaskRemoveFromUnorderedEventList) for vTaskRemoveFromUnorderedEventList
    event_groups.o(i.xEventGroupSetBits) refers to tasks.o(i.xTaskResumeAll) for xTaskResumeAll
    event_groups.o(i.xEventGroupSync) refers to printf8.o(i.__0printf$8) for __2printf
    event_groups.o(i.xEventGroupSync) refers to tasks.o(i.xTaskGetSchedulerState) for xTaskGetSchedulerState
    event_groups.o(i.xEventGroupSync) refers to tasks.o(i.vTaskSuspendAll) for vTaskSuspendAll
    event_groups.o(i.xEventGroupSync) refers to event_groups.o(i.xEventGroupSetBits) for xEventGroupSetBits
    event_groups.o(i.xEventGroupSync) refers to tasks.o(i.vTaskPlaceOnUnorderedEventList) for vTaskPlaceOnUnorderedEventList
    event_groups.o(i.xEventGroupSync) refers to tasks.o(i.xTaskResumeAll) for xTaskResumeAll
    event_groups.o(i.xEventGroupSync) refers to tasks.o(i.uxTaskResetEventItemValue) for uxTaskResetEventItemValue
    event_groups.o(i.xEventGroupSync) refers to port.o(i.vPortEnterCritical) for vPortEnterCritical
    event_groups.o(i.xEventGroupSync) refers to port.o(i.vPortExitCritical) for vPortExitCritical
    event_groups.o(i.xEventGroupWaitBits) refers to printf8.o(i.__0printf$8) for __2printf
    event_groups.o(i.xEventGroupWaitBits) refers to tasks.o(i.xTaskGetSchedulerState) for xTaskGetSchedulerState
    event_groups.o(i.xEventGroupWaitBits) refers to tasks.o(i.vTaskSuspendAll) for vTaskSuspendAll
    event_groups.o(i.xEventGroupWaitBits) refers to event_groups.o(i.prvTestWaitCondition) for prvTestWaitCondition
    event_groups.o(i.xEventGroupWaitBits) refers to tasks.o(i.vTaskPlaceOnUnorderedEventList) for vTaskPlaceOnUnorderedEventList
    event_groups.o(i.xEventGroupWaitBits) refers to tasks.o(i.xTaskResumeAll) for xTaskResumeAll
    event_groups.o(i.xEventGroupWaitBits) refers to tasks.o(i.uxTaskResetEventItemValue) for uxTaskResetEventItemValue
    event_groups.o(i.xEventGroupWaitBits) refers to port.o(i.vPortEnterCritical) for vPortEnterCritical
    event_groups.o(i.xEventGroupWaitBits) refers to port.o(i.vPortExitCritical) for vPortExitCritical
    queue.o(i.pcQueueGetName) refers to queue.o(.bss) for .bss
    queue.o(i.prvCopyDataFromQueue) refers to memmovea.o(.text) for __aeabi_memcpy
    queue.o(i.prvCopyDataToQueue) refers to memmovea.o(.text) for __aeabi_memcpy
    queue.o(i.prvCopyDataToQueue) refers to tasks.o(i.xTaskPriorityDisinherit) for xTaskPriorityDisinherit
    queue.o(i.prvIsQueueEmpty) refers to port.o(i.vPortEnterCritical) for vPortEnterCritical
    queue.o(i.prvIsQueueEmpty) refers to port.o(i.vPortExitCritical) for vPortExitCritical
    queue.o(i.prvUnlockQueue) refers to port.o(i.vPortEnterCritical) for vPortEnterCritical
    queue.o(i.prvUnlockQueue) refers to tasks.o(i.xTaskRemoveFromEventList) for xTaskRemoveFromEventList
    queue.o(i.prvUnlockQueue) refers to tasks.o(i.vTaskMissedYield) for vTaskMissedYield
    queue.o(i.prvUnlockQueue) refers to port.o(i.vPortExitCritical) for vPortExitCritical
    queue.o(i.uxQueueMessagesWaiting) refers to printf8.o(i.__0printf$8) for __2printf
    queue.o(i.uxQueueMessagesWaiting) refers to port.o(i.vPortEnterCritical) for vPortEnterCritical
    queue.o(i.uxQueueMessagesWaiting) refers to port.o(i.vPortExitCritical) for vPortExitCritical
    queue.o(i.uxQueueMessagesWaitingFromISR) refers to printf8.o(i.__0printf$8) for __2printf
    queue.o(i.uxQueueSpacesAvailable) refers to printf8.o(i.__0printf$8) for __2printf
    queue.o(i.uxQueueSpacesAvailable) refers to port.o(i.vPortEnterCritical) for vPortEnterCritical
    queue.o(i.uxQueueSpacesAvailable) refers to port.o(i.vPortExitCritical) for vPortExitCritical
    queue.o(i.vQueueAddToRegistry) refers to queue.o(.bss) for .bss
    queue.o(i.vQueueDelete) refers to printf8.o(i.__0printf$8) for __2printf
    queue.o(i.vQueueDelete) refers to queue.o(i.vQueueUnregisterQueue) for vQueueUnregisterQueue
    queue.o(i.vQueueDelete) refers to heap_4.o(i.vPortFree) for vPortFree
    queue.o(i.vQueueUnregisterQueue) refers to queue.o(.bss) for .bss
    queue.o(i.xQueueCreateCountingSemaphore) refers to printf8.o(i.__0printf$8) for __2printf
    queue.o(i.xQueueCreateCountingSemaphore) refers to queue.o(i.xQueueGenericCreate) for xQueueGenericCreate
    queue.o(i.xQueueCreateMutex) refers to queue.o(i.xQueueGenericCreate) for xQueueGenericCreate
    queue.o(i.xQueueCreateMutex) refers to queue.o(i.xQueueGenericSend) for xQueueGenericSend
    queue.o(i.xQueueGenericCreate) refers to printf8.o(i.__0printf$8) for __2printf
    queue.o(i.xQueueGenericCreate) refers to heap_4.o(i.pvPortMalloc) for pvPortMalloc
    queue.o(i.xQueueGenericCreate) refers to queue.o(i.xQueueGenericReset) for xQueueGenericReset
    queue.o(i.xQueueGenericReset) refers to printf8.o(i.__0printf$8) for __2printf
    queue.o(i.xQueueGenericReset) refers to port.o(i.vPortEnterCritical) for vPortEnterCritical
    queue.o(i.xQueueGenericReset) refers to list.o(i.vListInitialise) for vListInitialise
    queue.o(i.xQueueGenericReset) refers to port.o(i.vPortExitCritical) for vPortExitCritical
    queue.o(i.xQueueGenericReset) refers to tasks.o(i.xTaskRemoveFromEventList) for xTaskRemoveFromEventList
    queue.o(i.xQueueGenericSend) refers to printf8.o(i.__0printf$8) for __2printf
    queue.o(i.xQueueGenericSend) refers to tasks.o(i.xTaskGetSchedulerState) for xTaskGetSchedulerState
    queue.o(i.xQueueGenericSend) refers to port.o(i.vPortEnterCritical) for vPortEnterCritical
    queue.o(i.xQueueGenericSend) refers to queue.o(i.prvCopyDataToQueue) for prvCopyDataToQueue
    queue.o(i.xQueueGenericSend) refers to tasks.o(i.xTaskRemoveFromEventList) for xTaskRemoveFromEventList
    queue.o(i.xQueueGenericSend) refers to port.o(i.vPortExitCritical) for vPortExitCritical
    queue.o(i.xQueueGenericSend) refers to tasks.o(i.vTaskInternalSetTimeOutState) for vTaskInternalSetTimeOutState
    queue.o(i.xQueueGenericSend) refers to tasks.o(i.vTaskSuspendAll) for vTaskSuspendAll
    queue.o(i.xQueueGenericSend) refers to tasks.o(i.xTaskCheckForTimeOut) for xTaskCheckForTimeOut
    queue.o(i.xQueueGenericSend) refers to queue.o(i.prvUnlockQueue) for prvUnlockQueue
    queue.o(i.xQueueGenericSend) refers to tasks.o(i.xTaskResumeAll) for xTaskResumeAll
    queue.o(i.xQueueGenericSend) refers to tasks.o(i.vTaskPlaceOnEventList) for vTaskPlaceOnEventList
    queue.o(i.xQueueGenericSendFromISR) refers to printf8.o(i.__0printf$8) for __2printf
    queue.o(i.xQueueGenericSendFromISR) refers to port.o(i.vPortValidateInterruptPriority) for vPortValidateInterruptPriority
    queue.o(i.xQueueGenericSendFromISR) refers to queue.o(i.prvCopyDataToQueue) for prvCopyDataToQueue
    queue.o(i.xQueueGenericSendFromISR) refers to tasks.o(i.xTaskRemoveFromEventList) for xTaskRemoveFromEventList
    queue.o(i.xQueueGiveFromISR) refers to printf8.o(i.__0printf$8) for __2printf
    queue.o(i.xQueueGiveFromISR) refers to port.o(i.vPortValidateInterruptPriority) for vPortValidateInterruptPriority
    queue.o(i.xQueueGiveFromISR) refers to tasks.o(i.xTaskRemoveFromEventList) for xTaskRemoveFromEventList
    queue.o(i.xQueueGiveMutexRecursive) refers to printf8.o(i.__0printf$8) for __2printf
    queue.o(i.xQueueGiveMutexRecursive) refers to tasks.o(i.xTaskGetCurrentTaskHandle) for xTaskGetCurrentTaskHandle
    queue.o(i.xQueueGiveMutexRecursive) refers to queue.o(i.xQueueGenericSend) for xQueueGenericSend
    queue.o(i.xQueueIsQueueEmptyFromISR) refers to printf8.o(i.__0printf$8) for __2printf
    queue.o(i.xQueueIsQueueFullFromISR) refers to printf8.o(i.__0printf$8) for __2printf
    queue.o(i.xQueuePeek) refers to printf8.o(i.__0printf$8) for __2printf
    queue.o(i.xQueuePeek) refers to tasks.o(i.xTaskGetSchedulerState) for xTaskGetSchedulerState
    queue.o(i.xQueuePeek) refers to port.o(i.vPortEnterCritical) for vPortEnterCritical
    queue.o(i.xQueuePeek) refers to queue.o(i.prvCopyDataFromQueue) for prvCopyDataFromQueue
    queue.o(i.xQueuePeek) refers to tasks.o(i.xTaskRemoveFromEventList) for xTaskRemoveFromEventList
    queue.o(i.xQueuePeek) refers to port.o(i.vPortExitCritical) for vPortExitCritical
    queue.o(i.xQueuePeek) refers to tasks.o(i.vTaskInternalSetTimeOutState) for vTaskInternalSetTimeOutState
    queue.o(i.xQueuePeek) refers to tasks.o(i.vTaskSuspendAll) for vTaskSuspendAll
    queue.o(i.xQueuePeek) refers to tasks.o(i.xTaskCheckForTimeOut) for xTaskCheckForTimeOut
    queue.o(i.xQueuePeek) refers to queue.o(i.prvUnlockQueue) for prvUnlockQueue
    queue.o(i.xQueuePeek) refers to tasks.o(i.xTaskResumeAll) for xTaskResumeAll
    queue.o(i.xQueuePeek) refers to queue.o(i.prvIsQueueEmpty) for prvIsQueueEmpty
    queue.o(i.xQueuePeek) refers to tasks.o(i.vTaskPlaceOnEventList) for vTaskPlaceOnEventList
    queue.o(i.xQueuePeekFromISR) refers to printf8.o(i.__0printf$8) for __2printf
    queue.o(i.xQueuePeekFromISR) refers to port.o(i.vPortValidateInterruptPriority) for vPortValidateInterruptPriority
    queue.o(i.xQueuePeekFromISR) refers to queue.o(i.prvCopyDataFromQueue) for prvCopyDataFromQueue
    queue.o(i.xQueueReceive) refers to printf8.o(i.__0printf$8) for __2printf
    queue.o(i.xQueueReceive) refers to tasks.o(i.xTaskGetSchedulerState) for xTaskGetSchedulerState
    queue.o(i.xQueueReceive) refers to port.o(i.vPortEnterCritical) for vPortEnterCritical
    queue.o(i.xQueueReceive) refers to queue.o(i.prvCopyDataFromQueue) for prvCopyDataFromQueue
    queue.o(i.xQueueReceive) refers to tasks.o(i.xTaskRemoveFromEventList) for xTaskRemoveFromEventList
    queue.o(i.xQueueReceive) refers to port.o(i.vPortExitCritical) for vPortExitCritical
    queue.o(i.xQueueReceive) refers to tasks.o(i.vTaskInternalSetTimeOutState) for vTaskInternalSetTimeOutState
    queue.o(i.xQueueReceive) refers to tasks.o(i.vTaskSuspendAll) for vTaskSuspendAll
    queue.o(i.xQueueReceive) refers to tasks.o(i.xTaskCheckForTimeOut) for xTaskCheckForTimeOut
    queue.o(i.xQueueReceive) refers to queue.o(i.prvUnlockQueue) for prvUnlockQueue
    queue.o(i.xQueueReceive) refers to tasks.o(i.xTaskResumeAll) for xTaskResumeAll
    queue.o(i.xQueueReceive) refers to queue.o(i.prvIsQueueEmpty) for prvIsQueueEmpty
    queue.o(i.xQueueReceive) refers to tasks.o(i.vTaskPlaceOnEventList) for vTaskPlaceOnEventList
    queue.o(i.xQueueReceiveFromISR) refers to printf8.o(i.__0printf$8) for __2printf
    queue.o(i.xQueueReceiveFromISR) refers to port.o(i.vPortValidateInterruptPriority) for vPortValidateInterruptPriority
    queue.o(i.xQueueReceiveFromISR) refers to queue.o(i.prvCopyDataFromQueue) for prvCopyDataFromQueue
    queue.o(i.xQueueReceiveFromISR) refers to tasks.o(i.xTaskRemoveFromEventList) for xTaskRemoveFromEventList
    queue.o(i.xQueueSemaphoreTake) refers to printf8.o(i.__0printf$8) for __2printf
    queue.o(i.xQueueSemaphoreTake) refers to tasks.o(i.xTaskGetSchedulerState) for xTaskGetSchedulerState
    queue.o(i.xQueueSemaphoreTake) refers to port.o(i.vPortEnterCritical) for vPortEnterCritical
    queue.o(i.xQueueSemaphoreTake) refers to tasks.o(i.pvTaskIncrementMutexHeldCount) for pvTaskIncrementMutexHeldCount
    queue.o(i.xQueueSemaphoreTake) refers to tasks.o(i.xTaskRemoveFromEventList) for xTaskRemoveFromEventList
    queue.o(i.xQueueSemaphoreTake) refers to port.o(i.vPortExitCritical) for vPortExitCritical
    queue.o(i.xQueueSemaphoreTake) refers to tasks.o(i.vTaskInternalSetTimeOutState) for vTaskInternalSetTimeOutState
    queue.o(i.xQueueSemaphoreTake) refers to tasks.o(i.vTaskSuspendAll) for vTaskSuspendAll
    queue.o(i.xQueueSemaphoreTake) refers to tasks.o(i.xTaskCheckForTimeOut) for xTaskCheckForTimeOut
    queue.o(i.xQueueSemaphoreTake) refers to queue.o(i.prvUnlockQueue) for prvUnlockQueue
    queue.o(i.xQueueSemaphoreTake) refers to tasks.o(i.xTaskResumeAll) for xTaskResumeAll
    queue.o(i.xQueueSemaphoreTake) refers to queue.o(i.prvIsQueueEmpty) for prvIsQueueEmpty
    queue.o(i.xQueueSemaphoreTake) refers to tasks.o(i.xTaskPriorityInherit) for xTaskPriorityInherit
    queue.o(i.xQueueSemaphoreTake) refers to tasks.o(i.vTaskPlaceOnEventList) for vTaskPlaceOnEventList
    queue.o(i.xQueueSemaphoreTake) refers to tasks.o(i.vTaskPriorityDisinheritAfterTimeout) for vTaskPriorityDisinheritAfterTimeout
    queue.o(i.xQueueTakeMutexRecursive) refers to printf8.o(i.__0printf$8) for __2printf
    queue.o(i.xQueueTakeMutexRecursive) refers to tasks.o(i.xTaskGetCurrentTaskHandle) for xTaskGetCurrentTaskHandle
    queue.o(i.xQueueTakeMutexRecursive) refers to queue.o(i.xQueueSemaphoreTake) for xQueueSemaphoreTake
    stream_buffer.o(i.prvInitialiseNewStreamBuffer) refers to memseta.o(.text) for memset
    stream_buffer.o(i.prvInitialiseNewStreamBuffer) refers to printf8.o(i.__0printf$8) for __2printf
    stream_buffer.o(i.prvReadBytesFromBuffer) refers to printf8.o(i.__0printf$8) for __2printf
    stream_buffer.o(i.prvReadBytesFromBuffer) refers to memmovea.o(.text) for __aeabi_memcpy
    stream_buffer.o(i.prvReadMessageFromBuffer) refers to stream_buffer.o(i.prvReadBytesFromBuffer) for prvReadBytesFromBuffer
    stream_buffer.o(i.prvWriteBytesToBuffer) refers to printf8.o(i.__0printf$8) for __2printf
    stream_buffer.o(i.prvWriteBytesToBuffer) refers to memmovea.o(.text) for __aeabi_memcpy
    stream_buffer.o(i.prvWriteMessageToBuffer) refers to stream_buffer.o(i.prvWriteBytesToBuffer) for prvWriteBytesToBuffer
    stream_buffer.o(i.vStreamBufferDelete) refers to printf8.o(i.__0printf$8) for __2printf
    stream_buffer.o(i.vStreamBufferDelete) refers to heap_4.o(i.vPortFree) for vPortFree
    stream_buffer.o(i.vStreamBufferDelete) refers to memseta.o(.text) for __aeabi_memclr4
    stream_buffer.o(i.xStreamBufferBytesAvailable) refers to printf8.o(i.__0printf$8) for __2printf
    stream_buffer.o(i.xStreamBufferBytesAvailable) refers to stream_buffer.o(i.prvBytesInBuffer) for prvBytesInBuffer
    stream_buffer.o(i.xStreamBufferGenericCreate) refers to printf8.o(i.__0printf$8) for __2printf
    stream_buffer.o(i.xStreamBufferGenericCreate) refers to heap_4.o(i.pvPortMalloc) for pvPortMalloc
    stream_buffer.o(i.xStreamBufferGenericCreate) refers to stream_buffer.o(i.prvInitialiseNewStreamBuffer) for prvInitialiseNewStreamBuffer
    stream_buffer.o(i.xStreamBufferIsEmpty) refers to printf8.o(i.__0printf$8) for __2printf
    stream_buffer.o(i.xStreamBufferIsFull) refers to printf8.o(i.__0printf$8) for __2printf
    stream_buffer.o(i.xStreamBufferIsFull) refers to stream_buffer.o(i.xStreamBufferSpacesAvailable) for xStreamBufferSpacesAvailable
    stream_buffer.o(i.xStreamBufferReceive) refers to printf8.o(i.__0printf$8) for __2printf
    stream_buffer.o(i.xStreamBufferReceive) refers to port.o(i.vPortEnterCritical) for vPortEnterCritical
    stream_buffer.o(i.xStreamBufferReceive) refers to stream_buffer.o(i.prvBytesInBuffer) for prvBytesInBuffer
    stream_buffer.o(i.xStreamBufferReceive) refers to tasks.o(i.xTaskNotifyStateClear) for xTaskNotifyStateClear
    stream_buffer.o(i.xStreamBufferReceive) refers to tasks.o(i.xTaskGetCurrentTaskHandle) for xTaskGetCurrentTaskHandle
    stream_buffer.o(i.xStreamBufferReceive) refers to port.o(i.vPortExitCritical) for vPortExitCritical
    stream_buffer.o(i.xStreamBufferReceive) refers to tasks.o(i.xTaskNotifyWait) for xTaskNotifyWait
    stream_buffer.o(i.xStreamBufferReceive) refers to stream_buffer.o(i.prvReadMessageFromBuffer) for prvReadMessageFromBuffer
    stream_buffer.o(i.xStreamBufferReceive) refers to tasks.o(i.vTaskSuspendAll) for vTaskSuspendAll
    stream_buffer.o(i.xStreamBufferReceive) refers to tasks.o(i.xTaskGenericNotify) for xTaskGenericNotify
    stream_buffer.o(i.xStreamBufferReceive) refers to tasks.o(i.xTaskResumeAll) for xTaskResumeAll
    stream_buffer.o(i.xStreamBufferReceiveCompletedFromISR) refers to printf8.o(i.__0printf$8) for __2printf
    stream_buffer.o(i.xStreamBufferReceiveCompletedFromISR) refers to tasks.o(i.xTaskGenericNotifyFromISR) for xTaskGenericNotifyFromISR
    stream_buffer.o(i.xStreamBufferReceiveFromISR) refers to printf8.o(i.__0printf$8) for __2printf
    stream_buffer.o(i.xStreamBufferReceiveFromISR) refers to stream_buffer.o(i.prvBytesInBuffer) for prvBytesInBuffer
    stream_buffer.o(i.xStreamBufferReceiveFromISR) refers to stream_buffer.o(i.prvReadMessageFromBuffer) for prvReadMessageFromBuffer
    stream_buffer.o(i.xStreamBufferReceiveFromISR) refers to tasks.o(i.xTaskGenericNotifyFromISR) for xTaskGenericNotifyFromISR
    stream_buffer.o(i.xStreamBufferReset) refers to printf8.o(i.__0printf$8) for __2printf
    stream_buffer.o(i.xStreamBufferReset) refers to stream_buffer.o(i.prvInitialiseNewStreamBuffer) for prvInitialiseNewStreamBuffer
    stream_buffer.o(i.xStreamBufferSend) refers to printf8.o(i.__0printf$8) for __2printf
    stream_buffer.o(i.xStreamBufferSend) refers to tasks.o(i.vTaskSetTimeOutState) for vTaskSetTimeOutState
    stream_buffer.o(i.xStreamBufferSend) refers to port.o(i.vPortEnterCritical) for vPortEnterCritical
    stream_buffer.o(i.xStreamBufferSend) refers to stream_buffer.o(i.xStreamBufferSpacesAvailable) for xStreamBufferSpacesAvailable
    stream_buffer.o(i.xStreamBufferSend) refers to tasks.o(i.xTaskNotifyStateClear) for xTaskNotifyStateClear
    stream_buffer.o(i.xStreamBufferSend) refers to tasks.o(i.xTaskGetCurrentTaskHandle) for xTaskGetCurrentTaskHandle
    stream_buffer.o(i.xStreamBufferSend) refers to port.o(i.vPortExitCritical) for vPortExitCritical
    stream_buffer.o(i.xStreamBufferSend) refers to tasks.o(i.xTaskNotifyWait) for xTaskNotifyWait
    stream_buffer.o(i.xStreamBufferSend) refers to tasks.o(i.xTaskCheckForTimeOut) for xTaskCheckForTimeOut
    stream_buffer.o(i.xStreamBufferSend) refers to stream_buffer.o(i.prvWriteMessageToBuffer) for prvWriteMessageToBuffer
    stream_buffer.o(i.xStreamBufferSend) refers to stream_buffer.o(i.prvBytesInBuffer) for prvBytesInBuffer
    stream_buffer.o(i.xStreamBufferSend) refers to tasks.o(i.vTaskSuspendAll) for vTaskSuspendAll
    stream_buffer.o(i.xStreamBufferSend) refers to tasks.o(i.xTaskGenericNotify) for xTaskGenericNotify
    stream_buffer.o(i.xStreamBufferSend) refers to tasks.o(i.xTaskResumeAll) for xTaskResumeAll
    stream_buffer.o(i.xStreamBufferSendCompletedFromISR) refers to printf8.o(i.__0printf$8) for __2printf
    stream_buffer.o(i.xStreamBufferSendCompletedFromISR) refers to tasks.o(i.xTaskGenericNotifyFromISR) for xTaskGenericNotifyFromISR
    stream_buffer.o(i.xStreamBufferSendFromISR) refers to printf8.o(i.__0printf$8) for __2printf
    stream_buffer.o(i.xStreamBufferSendFromISR) refers to stream_buffer.o(i.xStreamBufferSpacesAvailable) for xStreamBufferSpacesAvailable
    stream_buffer.o(i.xStreamBufferSendFromISR) refers to stream_buffer.o(i.prvWriteMessageToBuffer) for prvWriteMessageToBuffer
    stream_buffer.o(i.xStreamBufferSendFromISR) refers to stream_buffer.o(i.prvBytesInBuffer) for prvBytesInBuffer
    stream_buffer.o(i.xStreamBufferSendFromISR) refers to tasks.o(i.xTaskGenericNotifyFromISR) for xTaskGenericNotifyFromISR
    stream_buffer.o(i.xStreamBufferSetTriggerLevel) refers to printf8.o(i.__0printf$8) for __2printf
    stream_buffer.o(i.xStreamBufferSpacesAvailable) refers to printf8.o(i.__0printf$8) for __2printf
    tasks.o(i.eTaskGetState) refers to printf8.o(i.__0printf$8) for __2printf
    tasks.o(i.eTaskGetState) refers to port.o(i.vPortEnterCritical) for vPortEnterCritical
    tasks.o(i.eTaskGetState) refers to port.o(i.vPortExitCritical) for vPortExitCritical
    tasks.o(i.eTaskGetState) refers to tasks.o(.data) for .data
    tasks.o(i.eTaskGetState) refers to tasks.o(.bss) for .bss
    tasks.o(i.pcTaskGetName) refers to printf8.o(i.__0printf$8) for __2printf
    tasks.o(i.pcTaskGetName) refers to tasks.o(.data) for .data
    tasks.o(i.prvAddCurrentTaskToDelayedList) refers to list.o(i.uxListRemove) for uxListRemove
    tasks.o(i.prvAddCurrentTaskToDelayedList) refers to list.o(i.vListInsertEnd) for vListInsertEnd
    tasks.o(i.prvAddCurrentTaskToDelayedList) refers to list.o(i.vListInsert) for vListInsert
    tasks.o(i.prvAddCurrentTaskToDelayedList) refers to tasks.o(.data) for .data
    tasks.o(i.prvAddCurrentTaskToDelayedList) refers to tasks.o(.bss) for .bss
    tasks.o(i.prvAddNewTaskToReadyList) refers to port.o(i.vPortEnterCritical) for vPortEnterCritical
    tasks.o(i.prvAddNewTaskToReadyList) refers to list.o(i.vListInitialise) for vListInitialise
    tasks.o(i.prvAddNewTaskToReadyList) refers to list.o(i.vListInsertEnd) for vListInsertEnd
    tasks.o(i.prvAddNewTaskToReadyList) refers to port.o(i.vPortExitCritical) for vPortExitCritical
    tasks.o(i.prvAddNewTaskToReadyList) refers to tasks.o(.data) for .data
    tasks.o(i.prvAddNewTaskToReadyList) refers to tasks.o(.bss) for .bss
    tasks.o(i.prvDeleteTCB) refers to heap_4.o(i.vPortFree) for vPortFree
    tasks.o(i.prvIdleTask) refers to port.o(i.vPortEnterCritical) for vPortEnterCritical
    tasks.o(i.prvIdleTask) refers to list.o(i.uxListRemove) for uxListRemove
    tasks.o(i.prvIdleTask) refers to port.o(i.vPortExitCritical) for vPortExitCritical
    tasks.o(i.prvIdleTask) refers to tasks.o(i.prvDeleteTCB) for prvDeleteTCB
    tasks.o(i.prvIdleTask) refers to tasks.o(.bss) for .bss
    tasks.o(i.prvIdleTask) refers to tasks.o(.data) for .data
    tasks.o(i.prvInitialiseNewTask) refers to printf8.o(i.__0printf$8) for __2printf
    tasks.o(i.prvInitialiseNewTask) refers to list.o(i.vListInitialiseItem) for vListInitialiseItem
    tasks.o(i.prvInitialiseNewTask) refers to port.o(i.pxPortInitialiseStack) for pxPortInitialiseStack
    tasks.o(i.prvResetNextTaskUnblockTime) refers to tasks.o(.data) for .data
    tasks.o(i.prvTaskIsTaskSuspended) refers to printf8.o(i.__0printf$8) for __2printf
    tasks.o(i.prvTaskIsTaskSuspended) refers to tasks.o(.bss) for .bss
    tasks.o(i.pvTaskIncrementMutexHeldCount) refers to tasks.o(.data) for .data
    tasks.o(i.ulTaskNotifyTake) refers to port.o(i.vPortEnterCritical) for vPortEnterCritical
    tasks.o(i.ulTaskNotifyTake) refers to tasks.o(i.prvAddCurrentTaskToDelayedList) for prvAddCurrentTaskToDelayedList
    tasks.o(i.ulTaskNotifyTake) refers to port.o(i.vPortExitCritical) for vPortExitCritical
    tasks.o(i.ulTaskNotifyTake) refers to tasks.o(.data) for .data
    tasks.o(i.uxTaskGetNumberOfTasks) refers to tasks.o(.data) for .data
    tasks.o(i.uxTaskPriorityGet) refers to port.o(i.vPortEnterCritical) for vPortEnterCritical
    tasks.o(i.uxTaskPriorityGet) refers to port.o(i.vPortExitCritical) for vPortExitCritical
    tasks.o(i.uxTaskPriorityGet) refers to tasks.o(.data) for .data
    tasks.o(i.uxTaskPriorityGetFromISR) refers to port.o(i.vPortValidateInterruptPriority) for vPortValidateInterruptPriority
    tasks.o(i.uxTaskPriorityGetFromISR) refers to tasks.o(.data) for .data
    tasks.o(i.uxTaskResetEventItemValue) refers to tasks.o(.data) for .data
    tasks.o(i.vTaskDelay) refers to printf8.o(i.__0printf$8) for __2printf
    tasks.o(i.vTaskDelay) refers to tasks.o(i.vTaskSuspendAll) for vTaskSuspendAll
    tasks.o(i.vTaskDelay) refers to tasks.o(i.prvAddCurrentTaskToDelayedList) for prvAddCurrentTaskToDelayedList
    tasks.o(i.vTaskDelay) refers to tasks.o(i.xTaskResumeAll) for xTaskResumeAll
    tasks.o(i.vTaskDelay) refers to tasks.o(.data) for .data
    tasks.o(i.vTaskDelayUntil) refers to printf8.o(i.__0printf$8) for __2printf
    tasks.o(i.vTaskDelayUntil) refers to tasks.o(i.vTaskSuspendAll) for vTaskSuspendAll
    tasks.o(i.vTaskDelayUntil) refers to tasks.o(i.prvAddCurrentTaskToDelayedList) for prvAddCurrentTaskToDelayedList
    tasks.o(i.vTaskDelayUntil) refers to tasks.o(i.xTaskResumeAll) for xTaskResumeAll
    tasks.o(i.vTaskDelayUntil) refers to tasks.o(.data) for .data
    tasks.o(i.vTaskDelete) refers to port.o(i.vPortEnterCritical) for vPortEnterCritical
    tasks.o(i.vTaskDelete) refers to list.o(i.uxListRemove) for uxListRemove
    tasks.o(i.vTaskDelete) refers to list.o(i.vListInsertEnd) for vListInsertEnd
    tasks.o(i.vTaskDelete) refers to tasks.o(i.prvDeleteTCB) for prvDeleteTCB
    tasks.o(i.vTaskDelete) refers to tasks.o(i.prvResetNextTaskUnblockTime) for prvResetNextTaskUnblockTime
    tasks.o(i.vTaskDelete) refers to port.o(i.vPortExitCritical) for vPortExitCritical
    tasks.o(i.vTaskDelete) refers to printf8.o(i.__0printf$8) for __2printf
    tasks.o(i.vTaskDelete) refers to tasks.o(.data) for .data
    tasks.o(i.vTaskDelete) refers to tasks.o(.bss) for .bss
    tasks.o(i.vTaskEndScheduler) refers to port.o(i.vPortEndScheduler) for vPortEndScheduler
    tasks.o(i.vTaskEndScheduler) refers to tasks.o(.data) for .data
    tasks.o(i.vTaskInternalSetTimeOutState) refers to tasks.o(.data) for .data
    tasks.o(i.vTaskMissedYield) refers to tasks.o(.data) for .data
    tasks.o(i.vTaskNotifyGiveFromISR) refers to printf8.o(i.__0printf$8) for __2printf
    tasks.o(i.vTaskNotifyGiveFromISR) refers to port.o(i.vPortValidateInterruptPriority) for vPortValidateInterruptPriority
    tasks.o(i.vTaskNotifyGiveFromISR) refers to list.o(i.vListInsertEnd) for vListInsertEnd
    tasks.o(i.vTaskNotifyGiveFromISR) refers to list.o(i.uxListRemove) for uxListRemove
    tasks.o(i.vTaskNotifyGiveFromISR) refers to tasks.o(.data) for .data
    tasks.o(i.vTaskNotifyGiveFromISR) refers to tasks.o(.bss) for .bss
    tasks.o(i.vTaskPlaceOnEventList) refers to printf8.o(i.__0printf$8) for __2printf
    tasks.o(i.vTaskPlaceOnEventList) refers to list.o(i.vListInsert) for vListInsert
    tasks.o(i.vTaskPlaceOnEventList) refers to tasks.o(i.prvAddCurrentTaskToDelayedList) for prvAddCurrentTaskToDelayedList
    tasks.o(i.vTaskPlaceOnEventList) refers to tasks.o(.data) for .data
    tasks.o(i.vTaskPlaceOnUnorderedEventList) refers to printf8.o(i.__0printf$8) for __2printf
    tasks.o(i.vTaskPlaceOnUnorderedEventList) refers to list.o(i.vListInsertEnd) for vListInsertEnd
    tasks.o(i.vTaskPlaceOnUnorderedEventList) refers to tasks.o(i.prvAddCurrentTaskToDelayedList) for prvAddCurrentTaskToDelayedList
    tasks.o(i.vTaskPlaceOnUnorderedEventList) refers to tasks.o(.data) for .data
    tasks.o(i.vTaskPriorityDisinheritAfterTimeout) refers to printf8.o(i.__0printf$8) for __2printf
    tasks.o(i.vTaskPriorityDisinheritAfterTimeout) refers to list.o(i.uxListRemove) for uxListRemove
    tasks.o(i.vTaskPriorityDisinheritAfterTimeout) refers to list.o(i.vListInsertEnd) for vListInsertEnd
    tasks.o(i.vTaskPriorityDisinheritAfterTimeout) refers to tasks.o(.data) for .data
    tasks.o(i.vTaskPriorityDisinheritAfterTimeout) refers to tasks.o(.bss) for .bss
    tasks.o(i.vTaskPrioritySet) refers to printf8.o(i.__0printf$8) for __2printf
    tasks.o(i.vTaskPrioritySet) refers to port.o(i.vPortEnterCritical) for vPortEnterCritical
    tasks.o(i.vTaskPrioritySet) refers to list.o(i.uxListRemove) for uxListRemove
    tasks.o(i.vTaskPrioritySet) refers to list.o(i.vListInsertEnd) for vListInsertEnd
    tasks.o(i.vTaskPrioritySet) refers to port.o(i.vPortExitCritical) for vPortExitCritical
    tasks.o(i.vTaskPrioritySet) refers to tasks.o(.data) for .data
    tasks.o(i.vTaskPrioritySet) refers to tasks.o(.bss) for .bss
    tasks.o(i.vTaskRemoveFromUnorderedEventList) refers to printf8.o(i.__0printf$8) for __2printf
    tasks.o(i.vTaskRemoveFromUnorderedEventList) refers to list.o(i.uxListRemove) for uxListRemove
    tasks.o(i.vTaskRemoveFromUnorderedEventList) refers to list.o(i.vListInsertEnd) for vListInsertEnd
    tasks.o(i.vTaskRemoveFromUnorderedEventList) refers to tasks.o(.data) for .data
    tasks.o(i.vTaskRemoveFromUnorderedEventList) refers to tasks.o(.bss) for .bss
    tasks.o(i.vTaskResume) refers to port.o(i.vPortEnterCritical) for vPortEnterCritical
    tasks.o(i.vTaskResume) refers to tasks.o(i.prvTaskIsTaskSuspended) for prvTaskIsTaskSuspended
    tasks.o(i.vTaskResume) refers to list.o(i.uxListRemove) for uxListRemove
    tasks.o(i.vTaskResume) refers to list.o(i.vListInsertEnd) for vListInsertEnd
    tasks.o(i.vTaskResume) refers to port.o(i.vPortExitCritical) for vPortExitCritical
    tasks.o(i.vTaskResume) refers to printf8.o(i.__0printf$8) for __2printf
    tasks.o(i.vTaskResume) refers to tasks.o(.data) for .data
    tasks.o(i.vTaskResume) refers to tasks.o(.bss) for .bss
    tasks.o(i.vTaskSetTimeOutState) refers to printf8.o(i.__0printf$8) for __2printf
    tasks.o(i.vTaskSetTimeOutState) refers to port.o(i.vPortEnterCritical) for vPortEnterCritical
    tasks.o(i.vTaskSetTimeOutState) refers to port.o(i.vPortExitCritical) for vPortExitCritical
    tasks.o(i.vTaskSetTimeOutState) refers to tasks.o(.data) for .data
    tasks.o(i.vTaskStartScheduler) refers to tasks.o(i.xTaskCreate) for xTaskCreate
    tasks.o(i.vTaskStartScheduler) refers to printf8.o(i.__0printf$8) for __2printf
    tasks.o(i.vTaskStartScheduler) refers to port.o(i.xPortStartScheduler) for xPortStartScheduler
    tasks.o(i.vTaskStartScheduler) refers to tasks.o(.data) for .data
    tasks.o(i.vTaskStartScheduler) refers to tasks.o(i.prvIdleTask) for prvIdleTask
    tasks.o(i.vTaskSuspend) refers to port.o(i.vPortEnterCritical) for vPortEnterCritical
    tasks.o(i.vTaskSuspend) refers to list.o(i.uxListRemove) for uxListRemove
    tasks.o(i.vTaskSuspend) refers to list.o(i.vListInsertEnd) for vListInsertEnd
    tasks.o(i.vTaskSuspend) refers to port.o(i.vPortExitCritical) for vPortExitCritical
    tasks.o(i.vTaskSuspend) refers to tasks.o(i.prvResetNextTaskUnblockTime) for prvResetNextTaskUnblockTime
    tasks.o(i.vTaskSuspend) refers to printf8.o(i.__0printf$8) for __2printf
    tasks.o(i.vTaskSuspend) refers to tasks.o(i.vTaskSwitchContext) for vTaskSwitchContext
    tasks.o(i.vTaskSuspend) refers to tasks.o(.data) for .data
    tasks.o(i.vTaskSuspend) refers to tasks.o(.bss) for .bss
    tasks.o(i.vTaskSuspendAll) refers to tasks.o(.data) for .data
    tasks.o(i.vTaskSwitchContext) refers to printf8.o(i.__0printf$8) for __2printf
    tasks.o(i.vTaskSwitchContext) refers to tasks.o(.data) for .data
    tasks.o(i.vTaskSwitchContext) refers to tasks.o(.bss) for .bss
    tasks.o(i.xTaskCheckForTimeOut) refers to printf8.o(i.__0printf$8) for __2printf
    tasks.o(i.xTaskCheckForTimeOut) refers to port.o(i.vPortEnterCritical) for vPortEnterCritical
    tasks.o(i.xTaskCheckForTimeOut) refers to port.o(i.vPortExitCritical) for vPortExitCritical
    tasks.o(i.xTaskCheckForTimeOut) refers to tasks.o(i.vTaskInternalSetTimeOutState) for vTaskInternalSetTimeOutState
    tasks.o(i.xTaskCheckForTimeOut) refers to tasks.o(.data) for .data
    tasks.o(i.xTaskCreate) refers to heap_4.o(i.pvPortMalloc) for pvPortMalloc
    tasks.o(i.xTaskCreate) refers to tasks.o(i.prvInitialiseNewTask) for prvInitialiseNewTask
    tasks.o(i.xTaskCreate) refers to tasks.o(i.prvAddNewTaskToReadyList) for prvAddNewTaskToReadyList
    tasks.o(i.xTaskCreate) refers to heap_4.o(i.vPortFree) for vPortFree
    tasks.o(i.xTaskGenericNotify) refers to printf8.o(i.__0printf$8) for __2printf
    tasks.o(i.xTaskGenericNotify) refers to port.o(i.vPortEnterCritical) for vPortEnterCritical
    tasks.o(i.xTaskGenericNotify) refers to list.o(i.uxListRemove) for uxListRemove
    tasks.o(i.xTaskGenericNotify) refers to list.o(i.vListInsertEnd) for vListInsertEnd
    tasks.o(i.xTaskGenericNotify) refers to port.o(i.vPortExitCritical) for vPortExitCritical
    tasks.o(i.xTaskGenericNotify) refers to tasks.o(.data) for .data
    tasks.o(i.xTaskGenericNotify) refers to tasks.o(.bss) for .bss
    tasks.o(i.xTaskGenericNotifyFromISR) refers to printf8.o(i.__0printf$8) for __2printf
    tasks.o(i.xTaskGenericNotifyFromISR) refers to port.o(i.vPortValidateInterruptPriority) for vPortValidateInterruptPriority
    tasks.o(i.xTaskGenericNotifyFromISR) refers to list.o(i.vListInsertEnd) for vListInsertEnd
    tasks.o(i.xTaskGenericNotifyFromISR) refers to list.o(i.uxListRemove) for uxListRemove
    tasks.o(i.xTaskGenericNotifyFromISR) refers to tasks.o(.data) for .data
    tasks.o(i.xTaskGenericNotifyFromISR) refers to tasks.o(.bss) for .bss
    tasks.o(i.xTaskGetCurrentTaskHandle) refers to tasks.o(.data) for .data
    tasks.o(i.xTaskGetSchedulerState) refers to tasks.o(.data) for .data
    tasks.o(i.xTaskGetTickCount) refers to tasks.o(.data) for .data
    tasks.o(i.xTaskGetTickCountFromISR) refers to port.o(i.vPortValidateInterruptPriority) for vPortValidateInterruptPriority
    tasks.o(i.xTaskGetTickCountFromISR) refers to tasks.o(.data) for .data
    tasks.o(i.xTaskIncrementTick) refers to printf8.o(i.__0printf$8) for __2printf
    tasks.o(i.xTaskIncrementTick) refers to tasks.o(i.prvResetNextTaskUnblockTime) for prvResetNextTaskUnblockTime
    tasks.o(i.xTaskIncrementTick) refers to list.o(i.uxListRemove) for uxListRemove
    tasks.o(i.xTaskIncrementTick) refers to list.o(i.vListInsertEnd) for vListInsertEnd
    tasks.o(i.xTaskIncrementTick) refers to tasks.o(.data) for .data
    tasks.o(i.xTaskIncrementTick) refers to tasks.o(.bss) for .bss
    tasks.o(i.xTaskNotifyStateClear) refers to port.o(i.vPortEnterCritical) for vPortEnterCritical
    tasks.o(i.xTaskNotifyStateClear) refers to port.o(i.vPortExitCritical) for vPortExitCritical
    tasks.o(i.xTaskNotifyStateClear) refers to tasks.o(.data) for .data
    tasks.o(i.xTaskNotifyWait) refers to port.o(i.vPortEnterCritical) for vPortEnterCritical
    tasks.o(i.xTaskNotifyWait) refers to tasks.o(i.prvAddCurrentTaskToDelayedList) for prvAddCurrentTaskToDelayedList
    tasks.o(i.xTaskNotifyWait) refers to port.o(i.vPortExitCritical) for vPortExitCritical
    tasks.o(i.xTaskNotifyWait) refers to tasks.o(.data) for .data
    tasks.o(i.xTaskPriorityDisinherit) refers to printf8.o(i.__0printf$8) for __2printf
    tasks.o(i.xTaskPriorityDisinherit) refers to list.o(i.uxListRemove) for uxListRemove
    tasks.o(i.xTaskPriorityDisinherit) refers to list.o(i.vListInsertEnd) for vListInsertEnd
    tasks.o(i.xTaskPriorityDisinherit) refers to tasks.o(.data) for .data
    tasks.o(i.xTaskPriorityDisinherit) refers to tasks.o(.bss) for .bss
    tasks.o(i.xTaskPriorityInherit) refers to list.o(i.uxListRemove) for uxListRemove
    tasks.o(i.xTaskPriorityInherit) refers to list.o(i.vListInsertEnd) for vListInsertEnd
    tasks.o(i.xTaskPriorityInherit) refers to tasks.o(.data) for .data
    tasks.o(i.xTaskPriorityInherit) refers to tasks.o(.bss) for .bss
    tasks.o(i.xTaskRemoveFromEventList) refers to printf8.o(i.__0printf$8) for __2printf
    tasks.o(i.xTaskRemoveFromEventList) refers to list.o(i.uxListRemove) for uxListRemove
    tasks.o(i.xTaskRemoveFromEventList) refers to list.o(i.vListInsertEnd) for vListInsertEnd
    tasks.o(i.xTaskRemoveFromEventList) refers to tasks.o(.data) for .data
    tasks.o(i.xTaskRemoveFromEventList) refers to tasks.o(.bss) for .bss
    tasks.o(i.xTaskResumeAll) refers to printf8.o(i.__0printf$8) for __2printf
    tasks.o(i.xTaskResumeAll) refers to port.o(i.vPortEnterCritical) for vPortEnterCritical
    tasks.o(i.xTaskResumeAll) refers to list.o(i.uxListRemove) for uxListRemove
    tasks.o(i.xTaskResumeAll) refers to list.o(i.vListInsertEnd) for vListInsertEnd
    tasks.o(i.xTaskResumeAll) refers to tasks.o(i.prvResetNextTaskUnblockTime) for prvResetNextTaskUnblockTime
    tasks.o(i.xTaskResumeAll) refers to tasks.o(i.xTaskIncrementTick) for xTaskIncrementTick
    tasks.o(i.xTaskResumeAll) refers to port.o(i.vPortExitCritical) for vPortExitCritical
    tasks.o(i.xTaskResumeAll) refers to tasks.o(.data) for .data
    tasks.o(i.xTaskResumeAll) refers to tasks.o(.bss) for .bss
    tasks.o(i.xTaskResumeFromISR) refers to printf8.o(i.__0printf$8) for __2printf
    tasks.o(i.xTaskResumeFromISR) refers to port.o(i.vPortValidateInterruptPriority) for vPortValidateInterruptPriority
    tasks.o(i.xTaskResumeFromISR) refers to tasks.o(i.prvTaskIsTaskSuspended) for prvTaskIsTaskSuspended
    tasks.o(i.xTaskResumeFromISR) refers to list.o(i.uxListRemove) for uxListRemove
    tasks.o(i.xTaskResumeFromISR) refers to list.o(i.vListInsertEnd) for vListInsertEnd
    tasks.o(i.xTaskResumeFromISR) refers to tasks.o(.data) for .data
    tasks.o(i.xTaskResumeFromISR) refers to tasks.o(.bss) for .bss
    port.o(.emb_text) refers to tasks.o(i.vTaskSwitchContext) for vTaskSwitchContext
    port.o(.emb_text) refers to tasks.o(.data) for pxCurrentTCB
    port.o(i.prvTaskExitError) refers to printf8.o(i.__0printf$8) for __2printf
    port.o(i.prvTaskExitError) refers to port.o(.data) for .data
    port.o(i.pxPortInitialiseStack) refers to port.o(i.prvTaskExitError) for prvTaskExitError
    port.o(i.vPortEndScheduler) refers to printf8.o(i.__0printf$8) for __2printf
    port.o(i.vPortEndScheduler) refers to port.o(.data) for .data
    port.o(i.vPortEnterCritical) refers to printf8.o(i.__0printf$8) for __2printf
    port.o(i.vPortEnterCritical) refers to port.o(.data) for .data
    port.o(i.vPortExitCritical) refers to printf8.o(i.__0printf$8) for __2printf
    port.o(i.vPortExitCritical) refers to port.o(.data) for .data
    port.o(i.vPortSetupTimerInterrupt) refers to system_stm32f4xx.o(.data) for SystemCoreClock
    port.o(i.vPortValidateInterruptPriority) refers to port.o(.emb_text) for vPortGetIPSR
    port.o(i.vPortValidateInterruptPriority) refers to printf8.o(i.__0printf$8) for __2printf
    port.o(i.vPortValidateInterruptPriority) refers to port.o(.data) for .data
    port.o(i.xPortStartScheduler) refers to printf8.o(i.__0printf$8) for __2printf
    port.o(i.xPortStartScheduler) refers to port.o(i.vPortSetupTimerInterrupt) for vPortSetupTimerInterrupt
    port.o(i.xPortStartScheduler) refers to port.o(.emb_text) for __asm___6_port_c_39a90d8d__prvEnableVFP
    port.o(i.xPortStartScheduler) refers to port.o(.data) for .data
    port.o(i.xPortSysTickHandler) refers to tasks.o(i.xTaskIncrementTick) for xTaskIncrementTick
    heap_4.o(i.prvHeapInit) refers to heap_4.o(.bss) for .bss
    heap_4.o(i.prvHeapInit) refers to heap_4.o(.data) for .data
    heap_4.o(i.prvInsertBlockIntoFreeList) refers to heap_4.o(.data) for .data
    heap_4.o(i.pvPortMalloc) refers to tasks.o(i.vTaskSuspendAll) for vTaskSuspendAll
    heap_4.o(i.pvPortMalloc) refers to heap_4.o(i.prvHeapInit) for prvHeapInit
    heap_4.o(i.pvPortMalloc) refers to printf8.o(i.__0printf$8) for __2printf
    heap_4.o(i.pvPortMalloc) refers to heap_4.o(i.prvInsertBlockIntoFreeList) for prvInsertBlockIntoFreeList
    heap_4.o(i.pvPortMalloc) refers to tasks.o(i.xTaskResumeAll) for xTaskResumeAll
    heap_4.o(i.pvPortMalloc) refers to heap_4.o(.data) for .data
    heap_4.o(i.vPortFree) refers to printf8.o(i.__0printf$8) for __2printf
    heap_4.o(i.vPortFree) refers to tasks.o(i.vTaskSuspendAll) for vTaskSuspendAll
    heap_4.o(i.vPortFree) refers to heap_4.o(i.prvInsertBlockIntoFreeList) for prvInsertBlockIntoFreeList
    heap_4.o(i.vPortFree) refers to tasks.o(i.xTaskResumeAll) for xTaskResumeAll
    heap_4.o(i.vPortFree) refers to heap_4.o(.data) for .data
    heap_4.o(i.xPortGetFreeHeapSize) refers to heap_4.o(.data) for .data
    heap_4.o(i.xPortGetMinimumEverFreeHeapSize) refers to heap_4.o(.data) for .data
    entry.o(.ARM.Collect$$$$00000000) refers (Special) to entry10a.o(.ARM.Collect$$$$0000000D) for __rt_final_cpp
    entry.o(.ARM.Collect$$$$00000000) refers (Special) to entry11a.o(.ARM.Collect$$$$0000000F) for __rt_final_exit
    entry.o(.ARM.Collect$$$$00000000) refers (Special) to entry7b.o(.ARM.Collect$$$$00000008) for _main_clock
    entry.o(.ARM.Collect$$$$00000000) refers (Special) to entry8b.o(.ARM.Collect$$$$0000000A) for _main_cpp_init
    entry.o(.ARM.Collect$$$$00000000) refers (Special) to entry9a.o(.ARM.Collect$$$$0000000B) for _main_init
    entry.o(.ARM.Collect$$$$00000000) refers (Special) to entry5.o(.ARM.Collect$$$$00000004) for _main_scatterload
    entry.o(.ARM.Collect$$$$00000000) refers (Special) to entry2.o(.ARM.Collect$$$$00000001) for _main_stk
    uldiv.o(.text) refers to llushr.o(.text) for __aeabi_llsr
    uldiv.o(.text) refers to llshl.o(.text) for __aeabi_llsl
    ctype_o.o(.text) refers to ctype_o.o(.constdata) for .constdata
    ctype_o.o(.constdata) refers to ctype_o.o(.constdata) for __ctype_table
    isalnum_o.o(.text) refers to ctype_o.o(.text) for __rt_ctype_table
    isalpha_o.o(.text) refers to ctype_o.o(.text) for __rt_ctype_table
    isblank_o.o(.text) refers to ctype_o.o(.constdata) for __ctype_table
    iscntrl_o.o(.text) refers to ctype_o.o(.text) for __rt_ctype_table
    isdigit_o.o(.text) refers to ctype_o.o(.text) for __rt_ctype_table
    isgraph_o.o(.text) refers to ctype_o.o(.text) for __rt_ctype_table
    islower_o.o(.text) refers to ctype_o.o(.text) for __rt_ctype_table
    isprint_o.o(.text) refers to ctype_o.o(.text) for __rt_ctype_table
    ispunct_o.o(.text) refers to ctype_o.o(.text) for __rt_ctype_table
    isspace_o.o(.text) refers to ctype_o.o(.text) for __rt_ctype_table
    isupper_o.o(.text) refers to ctype_o.o(.text) for __rt_ctype_table
    isxdigit_o.o(.text) refers to ctype_o.o(.text) for __rt_ctype_table
    printfb.o(i.__0fprintf$bare) refers to printfb.o(i._printf_core) for _printf_core
    printfb.o(i.__0fprintf$bare) refers to bsp_debug_usart.o(i.fputc) for fputc
    printfb.o(i.__0printf$bare) refers to printfb.o(i._printf_core) for _printf_core
    printfb.o(i.__0printf$bare) refers to bsp_debug_usart.o(i.fputc) for fputc
    printfb.o(i.__0printf$bare) refers to stdout.o(.data) for __stdout
    printfb.o(i.__0snprintf$bare) refers to printfb.o(i._printf_core) for _printf_core
    printfb.o(i.__0snprintf$bare) refers to printfb.o(i._snputc) for _snputc
    printfb.o(i.__0sprintf$bare) refers to printfb.o(i._printf_core) for _printf_core
    printfb.o(i.__0sprintf$bare) refers to printfb.o(i._sputc) for _sputc
    printfb.o(i.__0vfprintf$bare) refers to printfb.o(i._printf_core) for _printf_core
    printfb.o(i.__0vfprintf$bare) refers to bsp_debug_usart.o(i.fputc) for fputc
    printfb.o(i.__0vprintf$bare) refers to printfb.o(i._printf_core) for _printf_core
    printfb.o(i.__0vprintf$bare) refers to bsp_debug_usart.o(i.fputc) for fputc
    printfb.o(i.__0vprintf$bare) refers to stdout.o(.data) for __stdout
    printfb.o(i.__0vsnprintf$bare) refers to printfb.o(i._printf_core) for _printf_core
    printfb.o(i.__0vsnprintf$bare) refers to printfb.o(i._snputc) for _snputc
    printfb.o(i.__0vsprintf$bare) refers to printfb.o(i._printf_core) for _printf_core
    printfb.o(i.__0vsprintf$bare) refers to printfb.o(i._sputc) for _sputc
    printf0.o(i.__0fprintf$0) refers to printf0.o(i._printf_core) for _printf_core
    printf0.o(i.__0fprintf$0) refers to bsp_debug_usart.o(i.fputc) for fputc
    printf0.o(i.__0printf$0) refers to printf0.o(i._printf_core) for _printf_core
    printf0.o(i.__0printf$0) refers to bsp_debug_usart.o(i.fputc) for fputc
    printf0.o(i.__0printf$0) refers to stdout.o(.data) for __stdout
    printf0.o(i.__0snprintf$0) refers to printf0.o(i._printf_core) for _printf_core
    printf0.o(i.__0snprintf$0) refers to printf0.o(i._snputc) for _snputc
    printf0.o(i.__0sprintf$0) refers to printf0.o(i._printf_core) for _printf_core
    printf0.o(i.__0sprintf$0) refers to printf0.o(i._sputc) for _sputc
    printf0.o(i.__0vfprintf$0) refers to printf0.o(i._printf_core) for _printf_core
    printf0.o(i.__0vfprintf$0) refers to bsp_debug_usart.o(i.fputc) for fputc
    printf0.o(i.__0vprintf$0) refers to printf0.o(i._printf_core) for _printf_core
    printf0.o(i.__0vprintf$0) refers to bsp_debug_usart.o(i.fputc) for fputc
    printf0.o(i.__0vprintf$0) refers to stdout.o(.data) for __stdout
    printf0.o(i.__0vsnprintf$0) refers to printf0.o(i._printf_core) for _printf_core
    printf0.o(i.__0vsnprintf$0) refers to printf0.o(i._snputc) for _snputc
    printf0.o(i.__0vsprintf$0) refers to printf0.o(i._printf_core) for _printf_core
    printf0.o(i.__0vsprintf$0) refers to printf0.o(i._sputc) for _sputc
    printf1.o(i.__0fprintf$1) refers to printf1.o(i._printf_core) for _printf_core
    printf1.o(i.__0fprintf$1) refers to bsp_debug_usart.o(i.fputc) for fputc
    printf1.o(i.__0printf$1) refers to printf1.o(i._printf_core) for _printf_core
    printf1.o(i.__0printf$1) refers to bsp_debug_usart.o(i.fputc) for fputc
    printf1.o(i.__0printf$1) refers to stdout.o(.data) for __stdout
    printf1.o(i.__0snprintf$1) refers to printf1.o(i._printf_core) for _printf_core
    printf1.o(i.__0snprintf$1) refers to printf1.o(i._snputc) for _snputc
    printf1.o(i.__0sprintf$1) refers to printf1.o(i._printf_core) for _printf_core
    printf1.o(i.__0sprintf$1) refers to printf1.o(i._sputc) for _sputc
    printf1.o(i.__0vfprintf$1) refers to printf1.o(i._printf_core) for _printf_core
    printf1.o(i.__0vfprintf$1) refers to bsp_debug_usart.o(i.fputc) for fputc
    printf1.o(i.__0vprintf$1) refers to printf1.o(i._printf_core) for _printf_core
    printf1.o(i.__0vprintf$1) refers to bsp_debug_usart.o(i.fputc) for fputc
    printf1.o(i.__0vprintf$1) refers to stdout.o(.data) for __stdout
    printf1.o(i.__0vsnprintf$1) refers to printf1.o(i._printf_core) for _printf_core
    printf1.o(i.__0vsnprintf$1) refers to printf1.o(i._snputc) for _snputc
    printf1.o(i.__0vsprintf$1) refers to printf1.o(i._printf_core) for _printf_core
    printf1.o(i.__0vsprintf$1) refers to printf1.o(i._sputc) for _sputc
    printf1.o(i._printf_core) refers to uidiv.o(.text) for __aeabi_uidivmod
    printf2.o(i.__0fprintf$2) refers to printf2.o(i._printf_core) for _printf_core
    printf2.o(i.__0fprintf$2) refers to bsp_debug_usart.o(i.fputc) for fputc
    printf2.o(i.__0printf$2) refers to printf2.o(i._printf_core) for _printf_core
    printf2.o(i.__0printf$2) refers to bsp_debug_usart.o(i.fputc) for fputc
    printf2.o(i.__0printf$2) refers to stdout.o(.data) for __stdout
    printf2.o(i.__0snprintf$2) refers to printf2.o(i._printf_core) for _printf_core
    printf2.o(i.__0snprintf$2) refers to printf2.o(i._snputc) for _snputc
    printf2.o(i.__0sprintf$2) refers to printf2.o(i._printf_core) for _printf_core
    printf2.o(i.__0sprintf$2) refers to printf2.o(i._sputc) for _sputc
    printf2.o(i.__0vfprintf$2) refers to printf2.o(i._printf_core) for _printf_core
    printf2.o(i.__0vfprintf$2) refers to bsp_debug_usart.o(i.fputc) for fputc
    printf2.o(i.__0vprintf$2) refers to printf2.o(i._printf_core) for _printf_core
    printf2.o(i.__0vprintf$2) refers to bsp_debug_usart.o(i.fputc) for fputc
    printf2.o(i.__0vprintf$2) refers to stdout.o(.data) for __stdout
    printf2.o(i.__0vsnprintf$2) refers to printf2.o(i._printf_core) for _printf_core
    printf2.o(i.__0vsnprintf$2) refers to printf2.o(i._snputc) for _snputc
    printf2.o(i.__0vsprintf$2) refers to printf2.o(i._printf_core) for _printf_core
    printf2.o(i.__0vsprintf$2) refers to printf2.o(i._sputc) for _sputc
    printf3.o(i.__0fprintf$3) refers to printf3.o(i._printf_core) for _printf_core
    printf3.o(i.__0fprintf$3) refers to bsp_debug_usart.o(i.fputc) for fputc
    printf3.o(i.__0printf$3) refers to printf3.o(i._printf_core) for _printf_core
    printf3.o(i.__0printf$3) refers to bsp_debug_usart.o(i.fputc) for fputc
    printf3.o(i.__0printf$3) refers to stdout.o(.data) for __stdout
    printf3.o(i.__0snprintf$3) refers to printf3.o(i._printf_core) for _printf_core
    printf3.o(i.__0snprintf$3) refers to printf3.o(i._snputc) for _snputc
    printf3.o(i.__0sprintf$3) refers to printf3.o(i._printf_core) for _printf_core
    printf3.o(i.__0sprintf$3) refers to printf3.o(i._sputc) for _sputc
    printf3.o(i.__0vfprintf$3) refers to printf3.o(i._printf_core) for _printf_core
    printf3.o(i.__0vfprintf$3) refers to bsp_debug_usart.o(i.fputc) for fputc
    printf3.o(i.__0vprintf$3) refers to printf3.o(i._printf_core) for _printf_core
    printf3.o(i.__0vprintf$3) refers to bsp_debug_usart.o(i.fputc) for fputc
    printf3.o(i.__0vprintf$3) refers to stdout.o(.data) for __stdout
    printf3.o(i.__0vsnprintf$3) refers to printf3.o(i._printf_core) for _printf_core
    printf3.o(i.__0vsnprintf$3) refers to printf3.o(i._snputc) for _snputc
    printf3.o(i.__0vsprintf$3) refers to printf3.o(i._printf_core) for _printf_core
    printf3.o(i.__0vsprintf$3) refers to printf3.o(i._sputc) for _sputc
    printf3.o(i._printf_core) refers to uidiv.o(.text) for __aeabi_uidivmod
    printf4.o(i.__0fprintf$4) refers to printf4.o(i._printf_core) for _printf_core
    printf4.o(i.__0fprintf$4) refers to bsp_debug_usart.o(i.fputc) for fputc
    printf4.o(i.__0printf$4) refers to printf4.o(i._printf_core) for _printf_core
    printf4.o(i.__0printf$4) refers to bsp_debug_usart.o(i.fputc) for fputc
    printf4.o(i.__0printf$4) refers to stdout.o(.data) for __stdout
    printf4.o(i.__0snprintf$4) refers to printf4.o(i._printf_core) for _printf_core
    printf4.o(i.__0snprintf$4) refers to printf4.o(i._snputc) for _snputc
    printf4.o(i.__0sprintf$4) refers to printf4.o(i._printf_core) for _printf_core
    printf4.o(i.__0sprintf$4) refers to printf4.o(i._sputc) for _sputc
    printf4.o(i.__0vfprintf$4) refers to printf4.o(i._printf_core) for _printf_core
    printf4.o(i.__0vfprintf$4) refers to bsp_debug_usart.o(i.fputc) for fputc
    printf4.o(i.__0vprintf$4) refers to printf4.o(i._printf_core) for _printf_core
    printf4.o(i.__0vprintf$4) refers to bsp_debug_usart.o(i.fputc) for fputc
    printf4.o(i.__0vprintf$4) refers to stdout.o(.data) for __stdout
    printf4.o(i.__0vsnprintf$4) refers to printf4.o(i._printf_core) for _printf_core
    printf4.o(i.__0vsnprintf$4) refers to printf4.o(i._snputc) for _snputc
    printf4.o(i.__0vsprintf$4) refers to printf4.o(i._printf_core) for _printf_core
    printf4.o(i.__0vsprintf$4) refers to printf4.o(i._sputc) for _sputc
    printf4.o(i._printf_core) refers to uldiv.o(.text) for __aeabi_uldivmod
    printf5.o(i.__0fprintf$5) refers to printf5.o(i._printf_core) for _printf_core
    printf5.o(i.__0fprintf$5) refers to bsp_debug_usart.o(i.fputc) for fputc
    printf5.o(i.__0printf$5) refers to printf5.o(i._printf_core) for _printf_core
    printf5.o(i.__0printf$5) refers to bsp_debug_usart.o(i.fputc) for fputc
    printf5.o(i.__0printf$5) refers to stdout.o(.data) for __stdout
    printf5.o(i.__0snprintf$5) refers to printf5.o(i._printf_core) for _printf_core
    printf5.o(i.__0snprintf$5) refers to printf5.o(i._snputc) for _snputc
    printf5.o(i.__0sprintf$5) refers to printf5.o(i._printf_core) for _printf_core
    printf5.o(i.__0sprintf$5) refers to printf5.o(i._sputc) for _sputc
    printf5.o(i.__0vfprintf$5) refers to printf5.o(i._printf_core) for _printf_core
    printf5.o(i.__0vfprintf$5) refers to bsp_debug_usart.o(i.fputc) for fputc
    printf5.o(i.__0vprintf$5) refers to printf5.o(i._printf_core) for _printf_core
    printf5.o(i.__0vprintf$5) refers to bsp_debug_usart.o(i.fputc) for fputc
    printf5.o(i.__0vprintf$5) refers to stdout.o(.data) for __stdout
    printf5.o(i.__0vsnprintf$5) refers to printf5.o(i._printf_core) for _printf_core
    printf5.o(i.__0vsnprintf$5) refers to printf5.o(i._snputc) for _snputc
    printf5.o(i.__0vsprintf$5) refers to printf5.o(i._printf_core) for _printf_core
    printf5.o(i.__0vsprintf$5) refers to printf5.o(i._sputc) for _sputc
    printf5.o(i._printf_core) refers to uldiv.o(.text) for __aeabi_uldivmod
    printf6.o(i.__0fprintf$6) refers to printf6.o(i._printf_core) for _printf_core
    printf6.o(i.__0fprintf$6) refers to bsp_debug_usart.o(i.fputc) for fputc
    printf6.o(i.__0printf$6) refers to printf6.o(i._printf_core) for _printf_core
    printf6.o(i.__0printf$6) refers to bsp_debug_usart.o(i.fputc) for fputc
    printf6.o(i.__0printf$6) refers to stdout.o(.data) for __stdout
    printf6.o(i.__0snprintf$6) refers to printf6.o(i._printf_core) for _printf_core
    printf6.o(i.__0snprintf$6) refers to printf6.o(i._snputc) for _snputc
    printf6.o(i.__0sprintf$6) refers to printf6.o(i._printf_core) for _printf_core
    printf6.o(i.__0sprintf$6) refers to printf6.o(i._sputc) for _sputc
    printf6.o(i.__0vfprintf$6) refers to printf6.o(i._printf_core) for _printf_core
    printf6.o(i.__0vfprintf$6) refers to bsp_debug_usart.o(i.fputc) for fputc
    printf6.o(i.__0vprintf$6) refers to printf6.o(i._printf_core) for _printf_core
    printf6.o(i.__0vprintf$6) refers to bsp_debug_usart.o(i.fputc) for fputc
    printf6.o(i.__0vprintf$6) refers to stdout.o(.data) for __stdout
    printf6.o(i.__0vsnprintf$6) refers to printf6.o(i._printf_core) for _printf_core
    printf6.o(i.__0vsnprintf$6) refers to printf6.o(i._snputc) for _snputc
    printf6.o(i.__0vsprintf$6) refers to printf6.o(i._printf_core) for _printf_core
    printf6.o(i.__0vsprintf$6) refers to printf6.o(i._sputc) for _sputc
    printf6.o(i._printf_core) refers to printf6.o(i._printf_pre_padding) for _printf_pre_padding
    printf6.o(i._printf_core) refers to uidiv.o(.text) for __aeabi_uidivmod
    printf6.o(i._printf_core) refers to printf6.o(i._printf_post_padding) for _printf_post_padding
    printf7.o(i.__0fprintf$7) refers to printf7.o(i._printf_core) for _printf_core
    printf7.o(i.__0fprintf$7) refers to bsp_debug_usart.o(i.fputc) for fputc
    printf7.o(i.__0printf$7) refers to printf7.o(i._printf_core) for _printf_core
    printf7.o(i.__0printf$7) refers to bsp_debug_usart.o(i.fputc) for fputc
    printf7.o(i.__0printf$7) refers to stdout.o(.data) for __stdout
    printf7.o(i.__0snprintf$7) refers to printf7.o(i._printf_core) for _printf_core
    printf7.o(i.__0snprintf$7) refers to printf7.o(i._snputc) for _snputc
    printf7.o(i.__0sprintf$7) refers to printf7.o(i._printf_core) for _printf_core
    printf7.o(i.__0sprintf$7) refers to printf7.o(i._sputc) for _sputc
    printf7.o(i.__0vfprintf$7) refers to printf7.o(i._printf_core) for _printf_core
    printf7.o(i.__0vfprintf$7) refers to bsp_debug_usart.o(i.fputc) for fputc
    printf7.o(i.__0vprintf$7) refers to printf7.o(i._printf_core) for _printf_core
    printf7.o(i.__0vprintf$7) refers to bsp_debug_usart.o(i.fputc) for fputc
    printf7.o(i.__0vprintf$7) refers to stdout.o(.data) for __stdout
    printf7.o(i.__0vsnprintf$7) refers to printf7.o(i._printf_core) for _printf_core
    printf7.o(i.__0vsnprintf$7) refers to printf7.o(i._snputc) for _snputc
    printf7.o(i.__0vsprintf$7) refers to printf7.o(i._printf_core) for _printf_core
    printf7.o(i.__0vsprintf$7) refers to printf7.o(i._sputc) for _sputc
    printf7.o(i._printf_core) refers to printf7.o(i._printf_pre_padding) for _printf_pre_padding
    printf7.o(i._printf_core) refers to uldiv.o(.text) for __aeabi_uldivmod
    printf7.o(i._printf_core) refers to printf7.o(i._printf_post_padding) for _printf_post_padding
    printf8.o(i.__0fprintf$8) refers to printf8.o(i._printf_core) for _printf_core
    printf8.o(i.__0fprintf$8) refers to bsp_debug_usart.o(i.fputc) for fputc
    printf8.o(i.__0printf$8) refers to printf8.o(i._printf_core) for _printf_core
    printf8.o(i.__0printf$8) refers to bsp_debug_usart.o(i.fputc) for fputc
    printf8.o(i.__0printf$8) refers to stdout.o(.data) for __stdout
    printf8.o(i.__0snprintf$8) refers to printf8.o(i._printf_core) for _printf_core
    printf8.o(i.__0snprintf$8) refers to printf8.o(i._snputc) for _snputc
    printf8.o(i.__0sprintf$8) refers to printf8.o(i._printf_core) for _printf_core
    printf8.o(i.__0sprintf$8) refers to printf8.o(i._sputc) for _sputc
    printf8.o(i.__0vfprintf$8) refers to printf8.o(i._printf_core) for _printf_core
    printf8.o(i.__0vfprintf$8) refers to bsp_debug_usart.o(i.fputc) for fputc
    printf8.o(i.__0vprintf$8) refers to printf8.o(i._printf_core) for _printf_core
    printf8.o(i.__0vprintf$8) refers to bsp_debug_usart.o(i.fputc) for fputc
    printf8.o(i.__0vprintf$8) refers to stdout.o(.data) for __stdout
    printf8.o(i.__0vsnprintf$8) refers to printf8.o(i._printf_core) for _printf_core
    printf8.o(i.__0vsnprintf$8) refers to printf8.o(i._snputc) for _snputc
    printf8.o(i.__0vsprintf$8) refers to printf8.o(i._printf_core) for _printf_core
    printf8.o(i.__0vsprintf$8) refers to printf8.o(i._sputc) for _sputc
    printf8.o(i._printf_core) refers to printf8.o(i._printf_pre_padding) for _printf_pre_padding
    printf8.o(i._printf_core) refers to uldiv.o(.text) for __aeabi_uldivmod
    printf8.o(i._printf_core) refers to printf8.o(i._printf_post_padding) for _printf_post_padding
    printfa.o(i.__0fprintf) refers (Special) to iusefp.o(.text) for __I$use$fp
    printfa.o(i.__0fprintf) refers to printfa.o(i._printf_core) for _printf_core
    printfa.o(i.__0fprintf) refers to bsp_debug_usart.o(i.fputc) for fputc
    printfa.o(i.__0printf) refers (Special) to iusefp.o(.text) for __I$use$fp
    printfa.o(i.__0printf) refers to printfa.o(i._printf_core) for _printf_core
    printfa.o(i.__0printf) refers to bsp_debug_usart.o(i.fputc) for fputc
    printfa.o(i.__0printf) refers to stdout.o(.data) for __stdout
    printfa.o(i.__0snprintf) refers (Special) to iusefp.o(.text) for __I$use$fp
    printfa.o(i.__0snprintf) refers to printfa.o(i._printf_core) for _printf_core
    printfa.o(i.__0snprintf) refers to printfa.o(i._snputc) for _snputc
    printfa.o(i.__0sprintf) refers (Special) to iusefp.o(.text) for __I$use$fp
    printfa.o(i.__0sprintf) refers to printfa.o(i._printf_core) for _printf_core
    printfa.o(i.__0sprintf) refers to printfa.o(i._sputc) for _sputc
    printfa.o(i.__0vfprintf) refers (Special) to iusefp.o(.text) for __I$use$fp
    printfa.o(i.__0vfprintf) refers to printfa.o(i._printf_core) for _printf_core
    printfa.o(i.__0vfprintf) refers to bsp_debug_usart.o(i.fputc) for fputc
    printfa.o(i.__0vprintf) refers (Special) to iusefp.o(.text) for __I$use$fp
    printfa.o(i.__0vprintf) refers to printfa.o(i._printf_core) for _printf_core
    printfa.o(i.__0vprintf) refers to bsp_debug_usart.o(i.fputc) for fputc
    printfa.o(i.__0vprintf) refers to stdout.o(.data) for __stdout
    printfa.o(i.__0vsnprintf) refers (Special) to iusefp.o(.text) for __I$use$fp
    printfa.o(i.__0vsnprintf) refers to printfa.o(i._printf_core) for _printf_core
    printfa.o(i.__0vsnprintf) refers to printfa.o(i._snputc) for _snputc
    printfa.o(i.__0vsprintf) refers (Special) to iusefp.o(.text) for __I$use$fp
    printfa.o(i.__0vsprintf) refers to printfa.o(i._printf_core) for _printf_core
    printfa.o(i.__0vsprintf) refers to printfa.o(i._sputc) for _sputc
    printfa.o(i._fp_digits) refers (Special) to iusefp.o(.text) for __I$use$fp
    printfa.o(i._fp_digits) refers to dmul.o(.text) for __aeabi_dmul
    printfa.o(i._fp_digits) refers to ddiv.o(.text) for __aeabi_ddiv
    printfa.o(i._fp_digits) refers to cdrcmple.o(.text) for __aeabi_cdrcmple
    printfa.o(i._fp_digits) refers to dadd.o(.text) for __aeabi_dadd
    printfa.o(i._fp_digits) refers to dfixul.o(.text) for __aeabi_d2ulz
    printfa.o(i._fp_digits) refers to uldiv.o(.text) for __aeabi_uldivmod
    printfa.o(i._printf_core) refers (Special) to iusefp.o(.text) for __I$use$fp
    printfa.o(i._printf_core) refers to printfa.o(i._printf_pre_padding) for _printf_pre_padding
    printfa.o(i._printf_core) refers to uldiv.o(.text) for __aeabi_uldivmod
    printfa.o(i._printf_core) refers to printfa.o(i._printf_post_padding) for _printf_post_padding
    printfa.o(i._printf_core) refers to printfa.o(i._fp_digits) for _fp_digits
    printfa.o(i._printf_core) refers to uidiv.o(.text) for __aeabi_uidivmod
    printfa.o(i._printf_post_padding) refers (Special) to iusefp.o(.text) for __I$use$fp
    printfa.o(i._printf_pre_padding) refers (Special) to iusefp.o(.text) for __I$use$fp
    printfa.o(i._snputc) refers (Special) to iusefp.o(.text) for __I$use$fp
    printfa.o(i._sputc) refers (Special) to iusefp.o(.text) for __I$use$fp
    atoi.o(.text) refers to errno.o(i.__aeabi_errno_addr) for __aeabi_errno_addr
    atoi.o(.text) refers to strtol.o(.text) for strtol
    entry2.o(.ARM.Collect$$$$00000001) refers to entry2.o(.ARM.Collect$$$$00002712) for __lit__00000000
    entry2.o(.ARM.Collect$$$$00002712) refers to startup_stm32f429xx.o(STACK) for __initial_sp
    entry2.o(__vectab_stack_and_reset_area) refers to startup_stm32f429xx.o(STACK) for __initial_sp
    entry2.o(__vectab_stack_and_reset_area) refers to entry.o(.ARM.Collect$$$$00000000) for __main
    entry5.o(.ARM.Collect$$$$00000004) refers to init.o(.text) for __scatterload
    entry9a.o(.ARM.Collect$$$$0000000B) refers to main.o(i.main) for main
    entry9b.o(.ARM.Collect$$$$0000000C) refers to main.o(i.main) for main
    errno.o(i.__aeabi_errno_addr) refers to errno.o(.data) for .data
    errno.o(i.__read_errno) refers to errno.o(.data) for .data
    errno.o(i.__set_errno) refers to errno.o(.data) for .data
    strtol.o(.text) refers to ctype_o.o(.text) for __rt_ctype_table
    strtol.o(.text) refers to _strtoul.o(.text) for _strtoul
    strtol.o(.text) refers to errno.o(i.__aeabi_errno_addr) for __aeabi_errno_addr
    dadd.o(.text) refers to llshl.o(.text) for __aeabi_llsl
    dadd.o(.text) refers to llsshr.o(.text) for __aeabi_lasr
    dadd.o(.text) refers to depilogue.o(.text) for _double_epilogue
    dmul.o(.text) refers to depilogue.o(.text) for _double_epilogue
    ddiv.o(.text) refers to depilogue.o(.text) for _double_round
    dfixul.o(.text) refers to llushr.o(.text) for __aeabi_llsr
    dfixul.o(.text) refers to llshl.o(.text) for __aeabi_llsl
    init.o(.text) refers to entry5.o(.ARM.Collect$$$$00000004) for __main_after_scatterload
    _strtoul.o(.text) refers to _chval.o(.text) for _chval
    _strtoul.o(.text) refers to errno.o(i.__aeabi_errno_addr) for __aeabi_errno_addr
    depilogue.o(.text) refers to llshl.o(.text) for __aeabi_llsl
    depilogue.o(.text) refers to llushr.o(.text) for __aeabi_llsr

