Component: ARM Compiler 5.06 update 6 (build 750) Tool: armlink [4d35ed]

==============================================================================

Section Cross References

    startup_stm32f429xx.o(RESET) refers to startup_stm32f429xx.o(STACK) for __initial_sp
    startup_stm32f429xx.o(RESET) refers to startup_stm32f429xx.o(.text) for Reset_Handler
    startup_stm32f429xx.o(RESET) refers to stm32f4xx_it.o(i.NMI_Handler) for NMI_Handler
    startup_stm32f429xx.o(RESET) refers to cmb_fault.o(.text) for HardFault_Handler
    startup_stm32f429xx.o(RESET) refers to stm32f4xx_it.o(i.MemManage_Handler) for MemManage_Handler
    startup_stm32f429xx.o(RESET) refers to stm32f4xx_it.o(i.BusFault_Handler) for BusFault_Handler
    startup_stm32f429xx.o(RESET) refers to stm32f4xx_it.o(i.UsageFault_Handler) for UsageFault_Handler
    startup_stm32f429xx.o(RESET) refers to port.o(.emb_text) for SVC_Handler
    startup_stm32f429xx.o(RESET) refers to stm32f4xx_it.o(i.DebugMon_Handler) for DebugMon_Handler
    startup_stm32f429xx.o(RESET) refers to stm32f4xx_it.o(i.SysTick_Handler) for SysTick_Handler
    startup_stm32f429xx.o(RESET) refers to bsp_eth.o(i.ETH_IRQHandler) for ETH_IRQHandler
    startup_stm32f429xx.o(.text) refers to system_stm32f4xx.o(i.SystemInit) for SystemInit
    startup_stm32f429xx.o(.text) refers to entry.o(.ARM.Collect$$$$00000000) for __main
    system_stm32f4xx.o(i.SystemCoreClockUpdate) refers to system_stm32f4xx.o(.data) for .data
    system_stm32f4xx.o(i.SystemCoreClockUpdate) refers to system_stm32f4xx.o(.constdata) for .constdata
    stm32f4xx_hal_eth.o(i.ETH_Delay) refers to system_stm32f4xx.o(.data) for SystemCoreClock
    stm32f4xx_hal_eth.o(i.ETH_FlushTransmitFIFO) refers to stm32f4xx_hal_eth.o(i.ETH_Delay) for ETH_Delay
    stm32f4xx_hal_eth.o(i.ETH_MACDMAConfig) refers to stm32f4xx_hal.o(i.HAL_Delay) for HAL_Delay
    stm32f4xx_hal_eth.o(i.HAL_ETH_ConfigDMA) refers to board.o(i.assert_failed) for assert_failed
    stm32f4xx_hal_eth.o(i.HAL_ETH_ConfigDMA) refers to stm32f4xx_hal.o(i.HAL_Delay) for HAL_Delay
    stm32f4xx_hal_eth.o(i.HAL_ETH_ConfigMAC) refers to board.o(i.assert_failed) for assert_failed
    stm32f4xx_hal_eth.o(i.HAL_ETH_ConfigMAC) refers to stm32f4xx_hal.o(i.HAL_Delay) for HAL_Delay
    stm32f4xx_hal_eth.o(i.HAL_ETH_DeInit) refers to bsp_eth.o(i.HAL_ETH_MspDeInit) for HAL_ETH_MspDeInit
    stm32f4xx_hal_eth.o(i.HAL_ETH_IRQHandler) refers to bsp_eth.o(i.HAL_ETH_RxCpltCallback) for HAL_ETH_RxCpltCallback
    stm32f4xx_hal_eth.o(i.HAL_ETH_IRQHandler) refers to bsp_eth.o(i.HAL_ETH_TxCpltCallback) for HAL_ETH_TxCpltCallback
    stm32f4xx_hal_eth.o(i.HAL_ETH_IRQHandler) refers to bsp_eth.o(i.HAL_ETH_ErrorCallback) for HAL_ETH_ErrorCallback
    stm32f4xx_hal_eth.o(i.HAL_ETH_Init) refers to board.o(i.assert_failed) for assert_failed
    stm32f4xx_hal_eth.o(i.HAL_ETH_Init) refers to bsp_eth.o(i.HAL_ETH_MspInit) for HAL_ETH_MspInit
    stm32f4xx_hal_eth.o(i.HAL_ETH_Init) refers to stm32f4xx_hal.o(i.HAL_GetTick) for HAL_GetTick
    stm32f4xx_hal_eth.o(i.HAL_ETH_Init) refers to stm32f4xx_hal_rcc.o(i.HAL_RCC_GetHCLKFreq) for HAL_RCC_GetHCLKFreq
    stm32f4xx_hal_eth.o(i.HAL_ETH_Init) refers to stm32f4xx_hal_eth.o(i.HAL_ETH_WritePHYRegister) for HAL_ETH_WritePHYRegister
    stm32f4xx_hal_eth.o(i.HAL_ETH_Init) refers to stm32f4xx_hal.o(i.HAL_Delay) for HAL_Delay
    stm32f4xx_hal_eth.o(i.HAL_ETH_Init) refers to stm32f4xx_hal_eth.o(i.HAL_ETH_ReadPHYRegister) for HAL_ETH_ReadPHYRegister
    stm32f4xx_hal_eth.o(i.HAL_ETH_Init) refers to stm32f4xx_hal_eth.o(i.ETH_MACDMAConfig) for ETH_MACDMAConfig
    stm32f4xx_hal_eth.o(i.HAL_ETH_ReadPHYRegister) refers to board.o(i.assert_failed) for assert_failed
    stm32f4xx_hal_eth.o(i.HAL_ETH_ReadPHYRegister) refers to stm32f4xx_hal.o(i.HAL_GetTick) for HAL_GetTick
    stm32f4xx_hal_eth.o(i.HAL_ETH_Start) refers to stm32f4xx_hal_eth.o(i.ETH_Delay) for ETH_Delay
    stm32f4xx_hal_eth.o(i.HAL_ETH_Start) refers to stm32f4xx_hal_eth.o(i.ETH_FlushTransmitFIFO) for ETH_FlushTransmitFIFO
    stm32f4xx_hal_eth.o(i.HAL_ETH_Stop) refers to stm32f4xx_hal_eth.o(i.ETH_Delay) for ETH_Delay
    stm32f4xx_hal_eth.o(i.HAL_ETH_Stop) refers to stm32f4xx_hal_eth.o(i.ETH_FlushTransmitFIFO) for ETH_FlushTransmitFIFO
    stm32f4xx_hal_eth.o(i.HAL_ETH_WritePHYRegister) refers to board.o(i.assert_failed) for assert_failed
    stm32f4xx_hal_eth.o(i.HAL_ETH_WritePHYRegister) refers to stm32f4xx_hal.o(i.HAL_GetTick) for HAL_GetTick
    stm32f4xx_hal_tim.o(i.HAL_TIM_Base_DeInit) refers to board.o(i.assert_failed) for assert_failed
    stm32f4xx_hal_tim.o(i.HAL_TIM_Base_DeInit) refers to stm32f4xx_hal_tim.o(i.HAL_TIM_Base_MspDeInit) for HAL_TIM_Base_MspDeInit
    stm32f4xx_hal_tim.o(i.HAL_TIM_Base_Init) refers to board.o(i.assert_failed) for assert_failed
    stm32f4xx_hal_tim.o(i.HAL_TIM_Base_Init) refers to stm32f4xx_hal_tim.o(i.HAL_TIM_Base_MspInit) for HAL_TIM_Base_MspInit
[...]
    DMA1_Stream3_IRQHandler                  0x080002bb   Thumb Code     0  startup_stm32f429xx.o(.text)
    DMA1_Stream4_IRQHandler                  0x080002bb   Thumb Code     0  startup_stm32f429xx.o(.text)
    DMA1_Stream5_IRQHandler                  0x080002bb   Thumb Code     0  startup_stm32f429xx.o(.text)
    DMA1_Stream6_IRQHandler                  0x080002bb   Thumb Code     0  startup_stm32f429xx.o(.text)
    DMA1_Stream7_IRQHandler                  0x080002bb   Thumb Code     0  startup_stm32f429xx.o(.text)
    DMA2D_IRQHandler                         0x080002bb   Thumb Code     0  startup_stm32f429xx.o(.text)
    DMA2_Stream0_IRQHandler                  0x080002bb   Thumb Code     0  startup_stm32f429xx.o(.text)
    DMA2_Stream1_IRQHandler                  0x080002bb   Thumb Code     0  startup_stm32f429xx.o(.text)
    DMA2_Stream2_IRQHandler                  0x080002bb   Thumb Code     0  startup_stm32f429xx.o(.text)
    DMA2_Stream3_IRQHandler                  0x080002bb   Thumb Code     0  startup_stm32f429xx.o(.text)
    DMA2_Stream4_IRQHandler                  0x080002bb   Thumb Code     0  startup_stm32f429xx.o(.text)
    DMA2_Stream5_IRQHandler                  0x080002bb   Thumb Code     0  startup_stm32f429xx.o(.text)
    DMA2_Stream6_IRQHandler                  0x080002bb   Thumb Code     0  startup_stm32f429xx.o(.text)
    DMA2_Stream7_IRQHandler                  0x080002bb   Thumb Code     0  startup_stm32f429xx.o(.text)
    ETH_WKUP_IRQHandler                      0x080002bb   Thumb Code     0  startup_stm32f429xx.o(.text)
    EXTI0_IRQHandler                         0x080002bb   Thumb Code     0  startup_stm32f429xx.o(.text)
    EXTI15_10_IRQHandler                     0x080002bb   Thumb Code     0  startup_stm32f429xx.o(.text)
    EXTI1_IRQHandler                         0x080002bb   Thumb Code     0  startup_stm32f429xx.o(.text)
    EXTI2_IRQHandler                         0x080002bb   Thumb Code     0  startup_stm32f429xx.o(.text)
    EXTI3_IRQHandler                         0x080002bb   Thumb Code     0  startup_stm32f429xx.o(.text)
    EXTI4_IRQHandler                         0x080002bb   Thumb Code     0  startup_stm32f429xx.o(.text)
    EXTI9_5_IRQHandler                       0x080002bb   Thumb Code     0  startup_stm32f429xx.o(.text)
    FLASH_IRQHandler                         0x080002bb   Thumb Code     0  startup_stm32f429xx.o(.text)
    FMC_IRQHandler                           0x080002bb   Thumb Code     0  startup_stm32f429xx.o(.text)
    FPU_IRQHandler                           0x080002bb   Thumb Code     0  startup_stm32f429xx.o(.text)
    HASH_RNG_IRQHandler                      0x080002bb   Thumb Code     0  startup_stm32f429xx.o(.text)
    I2C1_ER_IRQHandler                       0x080002bb   Thumb Code     0  startup_stm32f429xx.o(.text)
    I2C1_EV_IRQHandler                       0x080002bb   Thumb Code     0  startup_stm32f429xx.o(.text)
    I2C2_ER_IRQHandler                       0x080002bb   Thumb Code     0  startup_stm32f429xx.o(.text)
    I2C2_EV_IRQHandler                       0x080002bb   Thumb Code     0  startup_stm32f429xx.o(.text)
    I2C3_ER_IRQHandler                       0x080002bb   Thumb Code     0  startup_stm32f429xx.o(.text)
    I2C3_EV_IRQHandler                       0x080002bb   Thumb Code     0  startup_stm32f429xx.o(.text)
    LTDC_ER_IRQHandler                       0x080002bb   Thumb Code     0  startup_stm32f429xx.o(.text)
    LTDC_IRQHandler                          0x080002bb   Thumb Code     0  startup_stm32f429xx.o(.text)
    OTG_FS_IRQHandler                        0x080002bb   Thumb Code     0  startup_stm32f429xx.o(.text)
    OTG_FS_WKUP_IRQHandler                   0x080002bb   Thumb Code     0  startup_stm32f429xx.o(.text)
    OTG_HS_EP1_IN_IRQHandler                 0x080002bb   Thumb Code     0  startup_stm32f429xx.o(.text)
    OTG_HS_EP1_OUT_IRQHandler                0x080002bb   Thumb Code     0  startup_stm32f429xx.o(.text)
    OTG_HS_IRQHandler                        0x080002bb   Thumb Code     0  startup_stm32f429xx.o(.text)
    OTG_HS_WKUP_IRQHandler                   0x080002bb   Thumb Code     0  startup_stm32f429xx.o(.text)
    PVD_IRQHandler                           0x080002bb   Thumb Code     0  startup_stm32f429xx.o(.text)
    RCC_IRQHandler                           0x080002bb   Thumb Code     0  startup_stm32f429xx.o(.text)
    RTC_Alarm_IRQHandler                     0x080002bb   Thumb Code     0  startup_stm32f429xx.o(.text)
    RTC_WKUP_IRQHandler                      0x080002bb   Thumb Code     0  startup_stm32f429xx.o(.text)
    SAI1_IRQHandler                          0x080002bb   Thumb Code     0  startup_stm32f429xx.o(.text)
    SDIO_IRQHandler                          0x080002bb   Thumb Code     0  startup_stm32f429xx.o(.text)
    SPI1_IRQHandler                          0x080002bb   Thumb Code     0  startup_stm32f429xx.o(.text)
    SPI2_IRQHandler                          0x080002bb   Thumb Code     0  startup_stm32f429xx.o(.text)
    SPI3_IRQHandler                          0x080002bb   Thumb Code     0  startup_stm32f429xx.o(.text)
    SPI4_IRQHandler                          0x080002bb   Thumb Code     0  startup_stm32f429xx.o(.text)
    SPI5_IRQHandler                          0x080002bb   Thumb Code     0  startup_stm32f429xx.o(.text)
    SPI6_IRQHandler                          0x080002bb   Thumb Code     0  startup_stm32f429xx.o(.text)
    TAMP_STAMP_IRQHandler                    0x080002bb   Thumb Code     0  startup_stm32f429xx.o(.text)
    TIM1_BRK_TIM9_IRQHandler                 0x080002bb   Thumb Code     0  startup_stm32f429xx.o(.text)
    TIM1_CC_IRQHandler                       0x080002bb   Thumb Code     0  startup_stm32f429xx.o(.text)
    TIM1_TRG_COM_TIM11_IRQHandler            0x080002bb   Thumb Code     0  startup_stm32f429xx.o(.text)
    TIM1_UP_TIM10_IRQHandler                 0x080002bb   Thumb Code     0  startup_stm32f429xx.o(.text)
    TIM2_IRQHandler                          0x080002bb   Thumb Code     0  startup_stm32f429xx.o(.text)
    TIM3_IRQHandler                          0x080002bb   Thumb Code     0  startup_stm32f429xx.o(.text)
    TIM4_IRQHandler                          0x080002bb   Thumb Code     0  startup_stm32f429xx.o(.text)
    TIM5_IRQHandler                          0x080002bb   Thumb Code     0  startup_stm32f429xx.o(.text)
    TIM6_DAC_IRQHandler                      0x080002bb   Thumb Code     0  startup_stm32f429xx.o(.text)
    TIM7_IRQHandler                          0x080002bb   Thumb Code     0  startup_stm32f429xx.o(.text)
    TIM8_BRK_TIM12_IRQHandler                0x080002bb   Thumb Code     0  startup_stm32f429xx.o(.text)
    TIM8_CC_IRQHandler                       0x080002bb   Thumb Code     0  startup_stm32f429xx.o(.text)
    TIM8_TRG_COM_TIM14_IRQHandler            0x080002bb   Thumb Code     0  startup_stm32f429xx.o(.text)
    TIM8_UP_TIM13_IRQHandler                 0x080002bb   Thumb Code     0  startup_stm32f429xx.o(.text)
    UART4_IRQHandler                         0x080002bb   Thumb Code     0  startup_stm32f429xx.o(.text)
    UART5_IRQHandler                         0x080002bb   Thumb Code     0  startup_stm32f429xx.o(.text)
    UART7_IRQHandler                         0x080002bb   Thumb Code     0  startup_stm32f429xx.o(.text)
    UART8_IRQHandler                         0x080002bb   Thumb Code     0  startup_stm32f429xx.o(.text)
    USART1_IRQHandler                        0x080002bb   Thumb Code     0  startup_stm32f429xx.o(.text)
    USART2_IRQHandler                        0x080002bb   Thumb Code     0  startup_stm32f429xx.o(.text)
    USART3_IRQHandler                        0x080002bb   Thumb Code     0  startup_stm32f429xx.o(.text)
    USART6_IRQHandler                        0x080002bb   Thumb Code     0  startup_stm32f429xx.o(.text)
    WWDG_IRQHandler                          0x080002bb   Thumb Code     0  startup_stm32f429xx.o(.text)
    HardFault_Handler                        0x080002c5   Thumb Code    12  cmb_fault.o(.text)
    __aeabi_uldivmod                         0x080002d1   Thumb Code    98  uldiv.o(.text)
    ___aeabi_memcpy8$move                    0x08000333   Thumb Code     0  memmovea.o(.text)
    __aeabi_memcpy                           0x08000333   Thumb Code    64  memmovea.o(.text)
    __aeabi_memcpy4                          0x08000333   Thumb Code     0  memmovea.o(.text)
    __aeabi_memmove                          0x08000333   Thumb Code     0  memmovea.o(.text)
    __aeabi_memmove4                         0x08000333   Thumb Code     0  memmovea.o(.text)
    __aeabi_memmove8                         0x08000333   Thumb Code     0  memmovea.o(.text)
    __aeabi_memset                           0x08000373   Thumb Code    14  memseta.o(.text)
    __aeabi_memset4                          0x08000373   Thumb Code     0  memseta.o(.text)
    __aeabi_memset8                          0x08000373   Thumb Code     0  memseta.o(.text)
    __aeabi_memclr                           0x08000381   Thumb Code     4  memseta.o(.text)
    __aeabi_memclr4                          0x08000381   Thumb Code     0  memseta.o(.text)
    __aeabi_memclr8                          0x08000381   Thumb Code     0  memseta.o(.text)
    memset                                   0x08000385   Thumb Code    18  memseta.o(.text)
    memcmp                                   0x08000397   Thumb Code    26  memcmp.o(.text)
    __aeabi_llsl                             0x080003b1   Thumb Code    30  llshl.o(.text)
    _ll_shift_l                              0x080003b1   Thumb Code     0  llshl.o(.text)
    __aeabi_llsr                             0x080003cf   Thumb Code    32  llushr.o(.text)
    _ll_ushift_r                             0x080003cf   Thumb Code     0  llushr.o(.text)
    __scatterload                            0x080003f1   Thumb Code    28  init.o(.text)
    __scatterload_rt2                        0x080003f1   Thumb Code     0  init.o(.text)
    __decompress                             0x08000415   Thumb Code     0  __dczerorl.o(.text)
    __decompress0                            0x08000415   Thumb Code    58  __dczerorl.o(.text)
    BSP_Init                                 0x08000471   Thumb Code    28  board.o(i.BSP_Init)
    Bsp_Eth_Init                             0x080004b1   Thumb Code   156  bsp_eth.o(i.Bsp_Eth_Init)
    BusFault_Handler                         0x080005ad   Thumb Code     2  stm32f4xx_it.o(i.BusFault_Handler)
    DEBUG_USART_Config                       0x080005b1   Thumb Code    30  bsp_debug_usart.o(i.DEBUG_USART_Config)
    DebugMon_Handler                         0x080005d9   Thumb Code     2  stm32f4xx_it.o(i.DebugMon_Handler)
    ETH_IRQHandler                           0x0800062d   Thumb Code    32  bsp_eth.o(i.ETH_IRQHandler)
    HAL_Delay                                0x080007e1   Thumb Code    32  stm32f4xx_hal.o(i.HAL_Delay)
    HAL_ETH_DMARxDescListInit                0x08000805   Thumb Code   114  stm32f4xx_hal_eth.o(i.HAL_ETH_DMARxDescListInit)
    HAL_ETH_DMATxDescListInit                0x08000877   Thumb Code   120  stm32f4xx_hal_eth.o(i.HAL_ETH_DMATxDescListInit)
    HAL_ETH_ErrorCallback                    0x080008f1   Thumb Code    18  bsp_eth.o(i.HAL_ETH_ErrorCallback)
    HAL_ETH_GetReceivedFrame                 0x0800091d   Thumb Code   122  stm32f4xx_hal_eth.o(i.HAL_ETH_GetReceivedFrame)
    HAL_ETH_IRQHandler                       0x08000997   Thumb Code   122  stm32f4xx_hal_eth.o(i.HAL_ETH_IRQHandler)
    HAL_ETH_Init                             0x08000a11   Thumb Code   554  stm32f4xx_hal_eth.o(i.HAL_ETH_Init)
    HAL_ETH_MspInit                          0x08000ca1   Thumb Code   146  bsp_eth.o(i.HAL_ETH_MspInit)
    HAL_ETH_ReadPHYRegister                  0x08000d4d   Thumb Code   148  stm32f4xx_hal_eth.o(i.HAL_ETH_ReadPHYRegister)
    HAL_ETH_RxCpltCallback                   0x08000e1d   Thumb Code    40  bsp_eth.o(i.HAL_ETH_RxCpltCallback)
    HAL_ETH_Start                            0x08000e4d   Thumb Code   132  stm32f4xx_hal_eth.o(i.HAL_ETH_Start)
    HAL_ETH_TransmitFrame                    0x08000ed1   Thumb Code   264  stm32f4xx_hal_eth.o(i.HAL_ETH_TransmitFrame)
    HAL_ETH_TxCpltCallback                   0x08000fd9   Thumb Code     2  bsp_eth.o(i.HAL_ETH_TxCpltCallback)
    HAL_ETH_WritePHYRegister                 0x08000fdd   Thumb Code   138  stm32f4xx_hal_eth.o(i.HAL_ETH_WritePHYRegister)
    HAL_GPIO_Init                            0x080010a5   Thumb Code   682  stm32f4xx_hal_gpio.o(i.HAL_GPIO_Init)
    HAL_GetTick                              0x080013dd   Thumb Code     6  stm32f4xx_hal.o(i.HAL_GetTick)
    HAL_IncTick                              0x080013e9   Thumb Code    12  stm32f4xx_hal.o(i.HAL_IncTick)
    HAL_Init                                 0x080013f9   Thumb Code    48  stm32f4xx_hal.o(i.HAL_Init)
    HAL_InitTick                             0x0800142d   Thumb Code    54  stm32f4xx_hal.o(i.HAL_InitTick)
    HAL_MspInit                              0x0800146d   Thumb Code     2  stm32f4xx_hal.o(i.HAL_MspInit)
    HAL_NVIC_EnableIRQ                       0x08001471   Thumb Code    36  stm32f4xx_hal_cortex.o(i.HAL_NVIC_EnableIRQ)
    HAL_NVIC_SetPriority                     0x080014d5   Thumb Code    92  stm32f4xx_hal_cortex.o(i.HAL_NVIC_SetPriority)
    HAL_NVIC_SetPriorityGrouping             0x08001575   Thumb Code    58  stm32f4xx_hal_cortex.o(i.HAL_NVIC_SetPriorityGrouping)
    HAL_PWREx_EnableOverDrive                0x080015f9   Thumb Code   100  stm32f4xx_hal_pwr_ex.o(i.HAL_PWREx_EnableOverDrive)
    HAL_RCC_ClockConfig                      0x08001669   Thumb Code   534  stm32f4xx_hal_rcc.o(i.HAL_RCC_ClockConfig)
    HAL_RCC_GetHCLKFreq                      0x080018cd   Thumb Code     6  stm32f4xx_hal_rcc.o(i.HAL_RCC_GetHCLKFreq)
    HAL_RCC_GetPCLK1Freq                     0x080018d9   Thumb Code    20  stm32f4xx_hal_rcc.o(i.HAL_RCC_GetPCLK1Freq)
    HAL_RCC_GetPCLK2Freq                     0x080018f9   Thumb Code    20  stm32f4xx_hal_rcc.o(i.HAL_RCC_GetPCLK2Freq)
    HAL_RCC_GetSysClockFreq                  0x08001919   Thumb Code    88  stm32f4xx_hal_rcc.o(i.HAL_RCC_GetSysClockFreq)
    HAL_RCC_OscConfig                        0x0800197d   Thumb Code  1092  stm32f4xx_hal_rcc.o(i.HAL_RCC_OscConfig)
    HAL_SYSTICK_CLKSourceConfig              0x08001dc1   Thumb Code    40  stm32f4xx_hal_cortex.o(i.HAL_SYSTICK_CLKSourceConfig)
    HAL_SYSTICK_Config                       0x08001e29   Thumb Code    40  stm32f4xx_hal_cortex.o(i.HAL_SYSTICK_Config)
    HAL_UART_Init                            0x08001e51   Thumb Code   256  stm32f4xx_hal_uart.o(i.HAL_UART_Init)
    HAL_UART_MspInit                         0x08001fad   Thumb Code   124  bsp_debug_usart.o(i.HAL_UART_MspInit)
    HAL_UART_Transmit                        0x08002031   Thumb Code   186  stm32f4xx_hal_uart.o(i.HAL_UART_Transmit)
    IIC_Ack                                  0x080020ed   Thumb Code    56  myiic.o(i.IIC_Ack)
    IIC_Init                                 0x0800212d   Thumb Code    58  myiic.o(i.IIC_Init)
    IIC_NAck                                 0x08002175   Thumb Code    56  myiic.o(i.IIC_NAck)
    IIC_Read_Byte                            0x080021b5   Thumb Code    96  myiic.o(i.IIC_Read_Byte)
    IIC_Send_Byte                            0x0800221d   Thumb Code    86  myiic.o(i.IIC_Send_Byte)
    IIC_Start                                0x0800227d   Thumb Code    56  myiic.o(i.IIC_Start)
    IIC_Stop                                 0x080022bd   Thumb Code    58  myiic.o(i.IIC_Stop)
    IIC_Wait_Ack                             0x08002301   Thumb Code    74  myiic.o(i.IIC_Wait_Ack)
    MemManage_Handler                        0x08002355   Thumb Code     2  stm32f4xx_it.o(i.MemManage_Handler)
    NMI_Handler                              0x08002357   Thumb Code     2  stm32f4xx_it.o(i.NMI_Handler)
    PCF8574_Init                             0x08002379   Thumb Code    86  pcf8574.o(i.PCF8574_Init)
    PCF8574_ReadOneByte                      0x080023dd   Thumb Code    32  pcf8574.o(i.PCF8574_ReadOneByte)
    PCF8574_WriteBit                         0x080023fd   Thumb Code    32  pcf8574.o(i.PCF8574_WriteBit)
    PCF8574_WriteOneByte                     0x0800241d   Thumb Code    42  pcf8574.o(i.PCF8574_WriteOneByte)
    SysTick_Handler                          0x08002447   Thumb Code    42  stm32f4xx_it.o(i.SysTick_Handler)
    SystemInit                               0x080024f9   Thumb Code    66  system_stm32f4xx.o(i.SystemInit)
    TCPIP_Init                               0x0800254d   Thumb Code   108  sys_arch.o(i.TCPIP_Init)
    UsageFault_Handler                       0x08002993   Thumb Code     2  stm32f4xx_it.o(i.UsageFault_Handler)
    __0printf$8                              0x08002995   Thumb Code    22  printf8.o(i.__0printf$8)
    __1printf$8                              0x08002995   Thumb Code     0  printf8.o(i.__0printf$8)
    __2printf                                0x08002995   Thumb Code     0  printf8.o(i.__0printf$8)
    __0sprintf$8                             0x080029b5   Thumb Code    34  printf8.o(i.__0sprintf$8)
    __1sprintf$8                             0x080029b5   Thumb Code     0  printf8.o(i.__0sprintf$8)
    __2sprintf                               0x080029b5   Thumb Code     0  printf8.o(i.__0sprintf$8)
    __scatterload_copy                       0x080029dd   Thumb Code    14  handlers.o(i.__scatterload_copy)
    __scatterload_null                       0x080029eb   Thumb Code     2  handlers.o(i.__scatterload_null)
    __scatterload_zeroinit                   0x080029ed   Thumb Code    14  handlers.o(i.__scatterload_zeroinit)
    assert_failed                            0x08002e69   Thumb Code    24  board.o(i.assert_failed)
    cm_backtrace_assert                      0x08002e9d   Thumb Code    64  cm_backtrace.o(i.cm_backtrace_assert)
    cm_backtrace_call_stack                  0x08002f15   Thumb Code   150  cm_backtrace.o(i.cm_backtrace_call_stack)
    cm_backtrace_fault                       0x08002fb5   Thumb Code   388  cm_backtrace.o(i.cm_backtrace_fault)
    cm_backtrace_firmware_info               0x080031f1   Thumb Code    30  cm_backtrace.o(i.cm_backtrace_firmware_info)
    delay_init                               0x0800321d   Thumb Code    16  delay.o(i.delay_init)
    delay_ms                                 0x08003231   Thumb Code    26  delay.o(i.delay_ms)
    delay_us                                 0x0800324d   Thumb Code    48  delay.o(i.delay_us)
    etharp_cleanup_netif                     0x080033dd   Thumb Code    40  etharp.o(i.etharp_cleanup_netif)
    etharp_input                             0x08003601   Thumb Code   144  etharp.o(i.etharp_input)
    etharp_output                            0x080036a1   Thumb Code   256  etharp.o(i.etharp_output)
    etharp_query                             0x08003881   Thumb Code   276  etharp.o(i.etharp_query)
    etharp_request                           0x08003aed   Thumb Code     6  etharp.o(i.etharp_request)
    etharp_tmr                               0x08003b19   Thumb Code    88  etharp.o(i.etharp_tmr)
    ethernet_input                           0x08003c29   Thumb Code   160  ethernet.o(i.ethernet_input)
    ethernet_output                          0x08003ccd   Thumb Code    90  ethernet.o(i.ethernet_output)
    ethernetif_init                          0x08003d5d   Thumb Code    78  ethernetif.o(i.ethernetif_init)
    ethernetif_input                         0x08003df1   Thumb Code    66  ethernetif.o(i.ethernetif_input)
    fputc                                    0x08004079   Thumb Code    20  bsp_debug_usart.o(i.fputc)
    icmp_dest_unreach                        0x08004091   Thumb Code     8  icmp.o(i.icmp_dest_unreach)
    icmp_input                               0x08004099   Thumb Code   272  icmp.o(i.icmp_input)
    icmp_time_exceeded                       0x080042c1   Thumb Code     8  icmp.o(i.icmp_time_exceeded)
    inet_chksum_pbuf                         0x080042c9   Thumb Code    74  inet_chksum.o(i.inet_chksum_pbuf)
    ip4_addr_isbroadcast_u32                 0x08004313   Thumb Code    46  ip4_addr.o(i.ip4_addr_isbroadcast_u32)
    ip4_frag                                 0x08004341   Thumb Code   406  ip4_frag.o(i.ip4_frag)
    ip4_input                                0x08004529   Thumb Code   364  ip4.o(i.ip4_input)
    ip4_output_if                            0x080046c9   Thumb Code    30  ip4.o(i.ip4_output_if)
    ip4_output_if_src                        0x080046e9   Thumb Code   198  ip4.o(i.ip4_output_if_src)
    ip4_reass                                0x080047f5   Thumb Code   486  ip4_frag.o(i.ip4_reass)
    ip4_route                                0x08004a1d   Thumb Code    86  ip4.o(i.ip4_route)
    ip_reass_tmr                             0x08004e39   Thumb Code    40  ip4_frag.o(i.ip_reass_tmr)
    lwip_htonl                               0x0800512d   Thumb Code     4  def.o(i.lwip_htonl)
    lwip_htons                               0x08005131   Thumb Code     4  def.o(i.lwip_htons)
    lwip_init                                0x08005135   Thumb Code    34  init.o(i.lwip_init)
    lwip_standard_chksum                     0x08005157   Thumb Code    86  inet_chksum.o(i.lwip_standard_chksum)
    main                                     0x080051ad   Thumb Code    52  main.o(i.main)
    mem_free                                 0x080051f9   Thumb Code   182  mem.o(i.mem_free)
    mem_init                                 0x08005351   Thumb Code    68  mem.o(i.mem_init)
    mem_malloc                               0x080053b9   Thumb Code   280  mem.o(i.mem_malloc)
    mem_trim                                 0x08005599   Thumb Code   284  mem.o(i.mem_trim)
    memp_free                                0x08005705   Thumb Code    26  memp.o(i.memp_free)
    memp_init                                0x08005741   Thumb Code    24  memp.o(i.memp_init)
    memp_init_pool                           0x0800575d   Thumb Code    42  memp.o(i.memp_init_pool)
    memp_malloc                              0x08005789   Thumb Code    30  memp.o(i.memp_malloc)
    netif_add                                0x080057cd   Thumb Code   198  netif.o(i.netif_add)
    netif_get_by_index                       0x080059c1   Thumb Code    32  netif.o(i.netif_get_by_index)
    netif_init                               0x080059e5   Thumb Code     2  netif.o(i.netif_init)
    netif_set_addr                           0x08005a4d   Thumb Code    92  netif.o(i.netif_set_addr)
    netif_set_default                        0x08005aad   Thumb Code     6  netif.o(i.netif_set_default)
    netif_set_down                           0x08005ab9   Thumb Code    34  netif.o(i.netif_set_down)
    netif_set_up                             0x08005afd   Thumb Code    32  netif.o(i.netif_set_up)
    pbuf_add_header                          0x08005b39   Thumb Code     6  pbuf.o(i.pbuf_add_header)
    pbuf_alloc                               0x08005ba1   Thumb Code   266  pbuf.o(i.pbuf_alloc)
    pbuf_alloc_reference                     0x08005d59   Thumb Code    60  pbuf.o(i.pbuf_alloc_reference)
    pbuf_alloced_custom                      0x08005da9   Thumb Code    56  pbuf.o(i.pbuf_alloced_custom)
    pbuf_cat                                 0x08005de1   Thumb Code    70  pbuf.o(i.pbuf_cat)
    pbuf_clen                                0x08005ea1   Thumb Code    18  pbuf.o(i.pbuf_clen)
    pbuf_clone                               0x08005eb5   Thumb Code    38  pbuf.o(i.pbuf_clone)
    pbuf_copy                                0x08005ef1   Thumb Code   182  pbuf.o(i.pbuf_copy)
    pbuf_copy_partial                        0x08006049   Thumb Code   110  pbuf.o(i.pbuf_copy_partial)
    pbuf_free                                0x080060fd   Thumb Code   140  pbuf.o(i.pbuf_free)
    pbuf_header_force                        0x080061e5   Thumb Code     6  pbuf.o(i.pbuf_header_force)
    pbuf_realloc                             0x08006215   Thumb Code   112  pbuf.o(i.pbuf_realloc)
    pbuf_ref                                 0x080062d1   Thumb Code    38  pbuf.o(i.pbuf_ref)
    pbuf_remove_header                       0x0800630d   Thumb Code    58  pbuf.o(i.pbuf_remove_header)
    pvPortMalloc                             0x080069d1   Thumb Code   214  heap_4.o(i.pvPortMalloc)
    pvTaskIncrementMutexHeldCount            0x08006ae5   Thumb Code    18  tasks.o(i.pvTaskIncrementMutexHeldCount)
    pxPortInitialiseStack                    0x08006afd   Thumb Code    40  port.o(i.pxPortInitialiseStack)
    sys_arch_mbox_fetch                      0x08006b29   Thumb Code    64  sys_arch.o(i.sys_arch_mbox_fetch)
    sys_arch_protect                         0x08006b69   Thumb Code    10  sys_arch.o(i.sys_arch_protect)
    sys_arch_unprotect                       0x08006b73   Thumb Code     4  sys_arch.o(i.sys_arch_unprotect)
    sys_check_timeouts                       0x08006b79   Thumb Code    60  timeouts.o(i.sys_check_timeouts)
    sys_init                                 0x08006bb9   Thumb Code    28  sys_arch.o(i.sys_init)
    sys_mbox_new                             0x08006bdd   Thumb Code    30  sys_arch.o(i.sys_mbox_new)
    sys_mbox_trypost                         0x08006bfb   Thumb Code    28  sys_arch.o(i.sys_mbox_trypost)
    sys_mbox_valid                           0x08006c17   Thumb Code    10  sys_arch.o(i.sys_mbox_valid)
    sys_mutex_lock                           0x08006c21   Thumb Code    10  sys_arch.o(i.sys_mutex_lock)
    sys_mutex_new                            0x08006c2d   Thumb Code    30  sys_arch.o(i.sys_mutex_new)
    sys_mutex_unlock                         0x08006c69   Thumb Code    12  sys_arch.o(i.sys_mutex_unlock)
    sys_now                                  0x08006c75   Thumb Code    12  sys_arch.o(i.sys_now)
    sys_sem_new                              0x08006c85   Thumb Code    60  sys_arch.o(i.sys_sem_new)
    sys_sem_signal                           0x08006cdd   Thumb Code    30  sys_arch.o(i.sys_sem_signal)
    sys_thread_new                           0x08006d1d   Thumb Code    52  sys_arch.o(i.sys_thread_new)
    sys_timeout                              0x08006d79   Thumb Code    38  timeouts.o(i.sys_timeout)
    sys_timeouts_init                        0x08006e71   Thumb Code    28  timeouts.o(i.sys_timeouts_init)
    sys_timeouts_sleeptime                   0x08006e95   Thumb Code    34  timeouts.o(i.sys_timeouts_sleeptime)
    tcp_abandon                              0x08006ebd   Thumb Code   230  tcp.o(i.tcp_abandon)
    tcp_abort                                0x08006ff9   Thumb Code     6  tcp.o(i.tcp_abort)
    tcp_alloc                                0x08007001   Thumb Code   282  tcp.o(i.tcp_alloc)
    tcp_close                                0x08007129   Thumb Code    40  tcp.o(i.tcp_close)
    tcp_eff_send_mss_netif                   0x08007445   Thumb Code    44  tcp.o(i.tcp_eff_send_mss_netif)
    tcp_enqueue_flags                        0x08007499   Thumb Code   216  tcp_out.o(i.tcp_enqueue_flags)
    tcp_fasttmr                              0x0800763d   Thumb Code   102  tcp.o(i.tcp_fasttmr)
    tcp_free                                 0x080076a9   Thumb Code    28  tcp.o(i.tcp_free)
    tcp_init                                 0x080077d5   Thumb Code     2  tcp.o(i.tcp_init)
    tcp_input                                0x080077d9   Thumb Code  1424  tcp_in.o(i.tcp_input)
    tcp_keepalive                            0x08007dd9   Thumb Code    74  tcp_out.o(i.tcp_keepalive)
    tcp_netif_ip_addr_changed                0x08008069   Thumb Code    70  tcp.o(i.tcp_netif_ip_addr_changed)
    tcp_next_iss                             0x08008115   Thumb Code    22  tcp.o(i.tcp_next_iss)
    tcp_output                               0x0800814d   Thumb Code   530  tcp_out.o(i.tcp_output)
    tcp_pcb_purge                            0x080087f1   Thumb Code    70  tcp.o(i.tcp_pcb_purge)
    tcp_pcb_remove                           0x08008855   Thumb Code   122  tcp.o(i.tcp_pcb_remove)
    tcp_process_refused_data                 0x08008d8d   Thumb Code   124  tcp.o(i.tcp_process_refused_data)
    tcp_recv_null                            0x08009311   Thumb Code    50  tcp.o(i.tcp_recv_null)
    tcp_recved                               0x08009361   Thumb Code    90  tcp.o(i.tcp_recved)
    tcp_rexmit                               0x080093fd   Thumb Code   110  tcp_out.o(i.tcp_rexmit)
    tcp_rexmit_fast                          0x08009485   Thumb Code   100  tcp_out.o(i.tcp_rexmit_fast)
    tcp_rexmit_rto                           0x08009509   Thumb Code    34  tcp_out.o(i.tcp_rexmit_rto)
    tcp_rexmit_rto_commit                    0x08009549   Thumb Code    36  tcp_out.o(i.tcp_rexmit_rto_commit)
    tcp_rexmit_rto_prepare                   0x08009591   Thumb Code   110  tcp_out.o(i.tcp_rexmit_rto_prepare)
    tcp_rst                                  0x08009635   Thumb Code   110  tcp_out.o(i.tcp_rst)
    tcp_seg_free                             0x080096dd   Thumb Code    28  tcp.o(i.tcp_seg_free)
    tcp_segs_free                            0x080096f9   Thumb Code    18  tcp.o(i.tcp_segs_free)
    tcp_send_empty_ack                       0x0800970d   Thumb Code   102  tcp_out.o(i.tcp_send_empty_ack)
    tcp_send_fin                             0x08009795   Thumb Code    78  tcp_out.o(i.tcp_send_fin)
    tcp_slowtmr                              0x08009801   Thumb Code   794  tcp.o(i.tcp_slowtmr)
    tcp_split_unsent_seg                     0x08009cf9   Thumb Code   326  tcp_out.o(i.tcp_split_unsent_seg)
    tcp_timer_needed                         0x08009ea9   Thumb Code    36  timeouts.o(i.tcp_timer_needed)
    tcp_tmr                                  0x08009f75   Thumb Code    28  tcp.o(i.tcp_tmr)
    tcp_trigger_input_pcb_close              0x08009f95   Thumb Code    12  tcp_in.o(i.tcp_trigger_input_pcb_close)
    tcp_update_rcv_ann_wnd                   0x08009fa5   Thumb Code    76  tcp.o(i.tcp_update_rcv_ann_wnd)
    tcp_zero_window_probe                    0x0800a031   Thumb Code   190  tcp_out.o(i.tcp_zero_window_probe)
    tcpip_init                               0x0800a115   Thumb Code    68  tcpip.o(i.tcpip_init)
    tcpip_inpkt                              0x0800a1b1   Thumb Code    76  tcpip.o(i.tcpip_inpkt)
    tcpip_input                              0x0800a211   Thumb Code    20  tcpip.o(i.tcpip_input)
    udp_init                                 0x0800a369   Thumb Code     2  udp.o(i.udp_init)
    udp_input                                0x0800a36d   Thumb Code   288  udp.o(i.udp_input)
    udp_netif_ip_addr_changed                0x0800a591   Thumb Code    48  udp.o(i.udp_netif_ip_addr_changed)
    uxListRemove                             0x0800a5c5   Thumb Code    38  list.o(i.uxListRemove)
    vListInitialise                          0x0800a5eb   Thumb Code    22  list.o(i.vListInitialise)
    vListInitialiseItem                      0x0800a601   Thumb Code     6  list.o(i.vListInitialiseItem)
    vListInsert                              0x0800a607   Thumb Code    48  list.o(i.vListInsert)
    vListInsertEnd                           0x0800a637   Thumb Code    24  list.o(i.vListInsertEnd)
    vPortEnterCritical                       0x0800a651   Thumb Code    50  port.o(i.vPortEnterCritical)
    vPortExitCritical                        0x0800a6c9   Thumb Code    34  port.o(i.vPortExitCritical)
    vPortFree                                0x0800a72d   Thumb Code    94  heap_4.o(i.vPortFree)
    vPortSetupTimerInterrupt                 0x0800a7c9   Thumb Code    32  port.o(i.vPortSetupTimerInterrupt)
    vPortValidateInterruptPriority           0x0800a7ed   Thumb Code    70  port.o(i.vPortValidateInterruptPriority)
    vTaskDelete                              0x0800a879   Thumb Code   152  tasks.o(i.vTaskDelete)
    vTaskInternalSetTimeOutState             0x0800a945   Thumb Code    12  tasks.o(i.vTaskInternalSetTimeOutState)
    vTaskMissedYield                         0x0800a955   Thumb Code     8  tasks.o(i.vTaskMissedYield)
    vTaskPlaceOnEventList                    0x0800a961   Thumb Code    44  tasks.o(i.vTaskPlaceOnEventList)
    vTaskPriorityDisinheritAfterTimeout      0x0800a9b5   Thumb Code   158  tasks.o(i.vTaskPriorityDisinheritAfterTimeout)
    vTaskStartScheduler                      0x0800aa81   Thumb Code    88  tasks.o(i.vTaskStartScheduler)
    vTaskSuspendAll                          0x0800ab0d   Thumb Code    10  tasks.o(i.vTaskSuspendAll)
    vTaskSwitchContext                       0x0800ab1d   Thumb Code    80  tasks.o(i.vTaskSwitchContext)
    xPortStartScheduler                      0x0800ab99   Thumb Code   230  port.o(i.xPortStartScheduler)
    xPortSysTickHandler                      0x0800acd1   Thumb Code    38  port.o(i.xPortSysTickHandler)
    xQueueCreateCountingSemaphore            0x0800acfd   Thumb Code    54  queue.o(i.xQueueCreateCountingSemaphore)
    xQueueCreateMutex                        0x0800ad59   Thumb Code    36  queue.o(i.xQueueCreateMutex)
    xQueueGenericCreate                      0x0800ad7d   Thumb Code    68  queue.o(i.xQueueGenericCreate)
    xQueueGenericReset                       0x0800ade5   Thumb Code   126  queue.o(i.xQueueGenericReset)
    xQueueGenericSend                        0x0800ae8d   Thumb Code   332  queue.o(i.xQueueGenericSend)
    xQueueGiveFromISR                        0x0800b001   Thumb Code   144  queue.o(i.xQueueGiveFromISR)
    xQueueReceive                            0x0800b0b5   Thumb Code   294  queue.o(i.xQueueReceive)
    xQueueSemaphoreTake                      0x0800b205   Thumb Code   356  queue.o(i.xQueueSemaphoreTake)
    xTaskCheckForTimeOut                     0x0800b391   Thumb Code   104  tasks.o(i.xTaskCheckForTimeOut)
    xTaskCreate                              0x0800b421   Thumb Code    86  tasks.o(i.xTaskCreate)
    xTaskGetSchedulerState                   0x0800b479   Thumb Code    22  tasks.o(i.xTaskGetSchedulerState)
    xTaskGetTickCount                        0x0800b495   Thumb Code     6  tasks.o(i.xTaskGetTickCount)
    xTaskIncrementTick                       0x0800b4a1   Thumb Code   188  tasks.o(i.xTaskIncrementTick)
    xTaskPriorityDisinherit                  0x0800b589   Thumb Code   136  tasks.o(i.xTaskPriorityDisinherit)
    xTaskPriorityInherit                     0x0800b63d   Thumb Code   140  tasks.o(i.xTaskPriorityInherit)
    xTaskRemoveFromEventList                 0x0800b6d1   Thumb Code   102  tasks.o(i.xTaskRemoveFromEventList)
    xTaskResumeAll                           0x0800b769   Thumb Code   180  tasks.o(i.xTaskResumeAll)
    AHBPrescTable                            0x0800b84c   Data          16  system_stm32f4xx.o(.constdata)
    APBPrescTable                            0x0800b85c   Data           8  system_stm32f4xx.o(.constdata)
    memp_UDP_PCB                             0x0800b864   Data          12  memp.o(.constdata)
    memp_TCP_PCB                             0x0800b870   Data          12  memp.o(.constdata)
    memp_TCP_PCB_LISTEN                      0x0800b87c   Data          12  memp.o(.constdata)
    memp_TCP_SEG                             0x0800b888   Data          12  memp.o(.constdata)
    memp_REASSDATA                           0x0800b894   Data          12  memp.o(.constdata)
    memp_FRAG_PBUF                           0x0800b8a0   Data          12  memp.o(.constdata)
    memp_NETBUF                              0x0800b8ac   Data          12  memp.o(.constdata)
    memp_NETCONN                             0x0800b8b8   Data          12  memp.o(.constdata)
    memp_TCPIP_MSG_API                       0x0800b8c4   Data          12  memp.o(.constdata)
    memp_TCPIP_MSG_INPKT                     0x0800b8d0   Data          12  memp.o(.constdata)
    memp_SYS_TIMEOUT                         0x0800b8dc   Data          12  memp.o(.constdata)
    memp_PBUF                                0x0800b8e8   Data          12  memp.o(.constdata)
    memp_PBUF_POOL                           0x0800b8f4   Data          12  memp.o(.constdata)
    memp_pools                               0x0800b900   Data          52  memp.o(.constdata)
    tcp_pcb_lists                            0x0800b978   Data          16  tcp.o(.constdata)
    lwip_cyclic_timers                       0x0800b988   Data          24  timeouts.o(.constdata)
    ip_addr_any                              0x0800b9a0   Data           4  ip4_addr.o(.constdata)
    ethbroadcast                             0x0800b9a4   Data           6  ethernet.o(.constdata)
    ethzero                                  0x0800b9aa   Data           6  ethernet.o(.constdata)
    Region$$Table$$Base                      0x0800c3b8   Number         0  anon$$obj.o(Region$$Table)
    Image$$ER_IROM1$$Limit                   0x0800c3d8   Number         0  anon$$obj.o ABSOLUTE
    Region$$Table$$Limit                     0x0800c3d8   Number         0  anon$$obj.o(Region$$Table)
    SystemCoreClock                          0x20000000   Data           4  system_stm32f4xx.o(.data)
    uwTickFreq                               0x20000004   Data           1  stm32f4xx_hal.o(.data)
    uwTickPrio                               0x20000008   Data           4  stm32f4xx_hal.o(.data)
    uwTick                                   0x2000000c   Data           4  stm32f4xx_hal.o(.data)
    temp                                     0x20000018   Data           1  pcf8574.o(.data)
    lock_tcpip_core                          0x20000028   Data           4  tcpip.o(.data)
    netif_list                               0x20000074   Data           4  netif.o(.data)
    netif_default                            0x20000078   Data           4  netif.o(.data)
    tcp_active_pcbs_changed                  0x2000007c   Data           1  tcp.o(.data)
    tcp_ticks                                0x20000088   Data           4  tcp.o(.data)
    tcp_bound_pcbs                           0x2000008c   Data           4  tcp.o(.data)
    tcp_listen_pcbs                          0x20000090   Data           4  tcp.o(.data)
    tcp_active_pcbs                          0x20000094   Data           4  tcp.o(.data)
    tcp_tw_pcbs                              0x20000098   Data           4  tcp.o(.data)
    tcp_input_pcb                            0x200000bc   Data           4  tcp_in.o(.data)
    udp_pcbs                                 0x200000d0   Data           4  udp.o(.data)
    s_xSemaphore                             0x200000e0   Data           4  ethernetif.o(.data)
    tx_sem                                   0x200000e4   Data           4  ethernetif.o(.data)
    eth_tx_mb                                0x200000e8   Data           4  ethernetif.o(.data)
    lwip_sys_now                             0x200000f0   Data           4  sys_arch.o(.data)
    ipaddr                                   0x200000f4   Data           4  sys_arch.o(.data)
    netmask                                  0x200000f8   Data           4  sys_arch.o(.data)
    gw                                       0x200000fc   Data           4  sys_arch.o(.data)
    pxCurrentTCB                             0x20000118   Data           4  tasks.o(.data)
    __stdout                                 0x20000178   Data           4  stdout.o(.data)
    UartHandle                               0x2000017c   Data          64  bsp_debug_usart.o(.bss)
    heth                                     0x200001bc   Data          72  bsp_eth.o(.bss)
    DMARxDscrTab                             0x20000204   Data         256  bsp_eth.o(.bss)
    DMATxDscrTab                             0x20000304   Data         256  bsp_eth.o(.bss)
    Rx_Buff                                  0x20000404   Data       12192  bsp_eth.o(.bss)
    Tx_Buff                                  0x200033a4   Data       12192  bsp_eth.o(.bss)
    ip_data                                  0x20006344   Data          24  ip.o(.bss)
    ram_heap                                 0x2000635c   Data       15379  mem.o(.bss)
    memp_memory_UDP_PCB_base                 0x20009f6f   Data         131  memp.o(.bss)
    memp_memory_TCP_PCB_base                 0x20009ff2   Data         915  memp.o(.bss)
    memp_memory_TCP_PCB_LISTEN_base          0x2000a385   Data         171  memp.o(.bss)
    memp_memory_TCP_SEG_base                 0x2000a430   Data        2403  memp.o(.bss)
    memp_memory_REASSDATA_base               0x2000ad93   Data         163  memp.o(.bss)
    memp_memory_FRAG_PBUF_base               0x2000ae36   Data         363  memp.o(.bss)
    memp_memory_NETBUF_base                  0x2000afa1   Data          35  memp.o(.bss)
    memp_memory_NETCONN_base                 0x2000afc4   Data         163  memp.o(.bss)
    memp_memory_TCPIP_MSG_API_base           0x2000b067   Data         131  memp.o(.bss)
    memp_memory_TCPIP_MSG_INPKT_base         0x2000b0ea   Data         131  memp.o(.bss)
    memp_memory_SYS_TIMEOUT_base             0x2000b16d   Data          99  memp.o(.bss)
    memp_memory_PBUF_base                    0x2000b1d0   Data         403  memp.o(.bss)
    memp_memory_PBUF_POOL_base               0x2000b363   Data       68943  memp.o(.bss)
    gnetif                                   0x2001c1d4   Data          48  sys_arch.o(.bss)
    STACK$$Base                              0x20025620   Number         0  startup_stm32f429xx.o(STACK)
    STACK$$Limit                             0x20025a20   Number         0  startup_stm32f429xx.o(STACK)
    __initial_sp                             0x20025a20   Data           0  startup_stm32f429xx.o(STACK)



==============================================================================

Memory Map of the image

  Image Entry point : 0x080001ad

  Load Region LR_IROM1 (Base: 0x08000000, Size: 0x0000c554, Max: 0x00100000, ABSOLUTE, COMPRESSED[0x0000c3f4])

    Execution Region ER_IROM1 (Exec base: 0x08000000, Load base: 0x08000000, Size: 0x0000c3d8, Max: 0x00100000, ABSOLUTE)

    Exec Addr    Load Addr    Size         Type   Attr      Idx    E Section Name        Object

    0x08000000   0x08000000   0x000001ac   Data   RO            3    RESET               startup_stm32f429xx.o
    0x080001ac   0x080001ac   0x00000000   Code   RO         9053  * .ARM.Collect$$$$00000000  mc_w.l(entry.o)
    0x080001ac   0x080001ac   0x00000004   Code   RO         9369    .ARM.Collect$$$$00000001  mc_w.l(entry2.o)
    0x080001b0   0x080001b0   0x00000004   Code   RO         9372    .ARM.Collect$$$$00000004  mc_w.l(entry5.o)
    0x080001b4   0x080001b4   0x00000000   Code   RO         9374    .ARM.Collect$$$$00000008  mc_w.l(entry7b.o)
    0x080001b4   0x080001b4   0x00000000   Code   RO         9376    .ARM.Collect$$$$0000000A  mc_w.l(entry8b.o)
    0x080001b4   0x080001b4   0x00000008   Code   RO         9377    .ARM.Collect$$$$0000000B  mc_w.l(entry9a.o)
    0x080001bc   0x080001bc   0x00000000   Code   RO         9379    .ARM.Collect$$$$0000000D  mc_w.l(entry10a.o)
    0x080001bc   0x080001bc   0x00000000   Code   RO         9381    .ARM.Collect$$$$0000000F  mc_w.l(entry11a.o)
    0x080001bc   0x080001bc   0x00000004   Code   RO         9370    .ARM.Collect$$$$00002712  mc_w.l(entry2.o)
    0x080001c0   0x080001c0   0x00000010   Code   RO         4021    .emb_text           board.o
    0x080001d0   0x080001d0   0x00000010   Code   RO         4292    .emb_text           sys.o
    0x080001e0   0x080001e0   0x000000be   Code   RO         8906    .emb_text           port.o
    0x0800029e   0x0800029e   0x00000002   PAD
    0x080002a0   0x080002a0   0x00000024   Code   RO            4    .text               startup_stm32f429xx.o
    0x080002c4   0x080002c4   0x0000000c   Code   RO         8047    .text               cmb_fault.o
    0x080002d0   0x080002d0   0x00000062   Code   RO         9056    .text               mc_w.l(uldiv.o)
    0x08000332   0x08000332   0x00000040   Code   RO         9088    .text               mc_w.l(memmovea.o)
    0x08000372   0x08000372   0x00000024   Code   RO         9092    .text               mc_w.l(memseta.o)
    0x08000396   0x08000396   0x0000001a   Code   RO         9098    .text               mc_w.l(memcmp.o)
    0x080003b0   0x080003b0   0x0000001e   Code   RO         9386    .text               mc_w.l(llshl.o)
    0x080003ce   0x080003ce   0x00000020   Code   RO         9388    .text               mc_w.l(llushr.o)
    0x080003ee   0x080003ee   0x00000002   PAD
    0x080003f0   0x080003f0   0x00000024   Code   RO         9410    .text               mc_w.l(init.o)
    0x08000414   0x08000414   0x0000003a   Code   RO         9428    .text               mc_w.l(__dczerorl.o)
    0x0800044e   0x0800044e   0x00000002   PAD
    0x08000450   0x08000450   0x00000020   Code   RO         3590    i.AppTaskCreate     main.o
    0x08000470   0x08000470   0x00000040   Code   RO         4022    i.BSP_Init          board.o
    0x080004b0   0x080004b0   0x000000fc   Code   RO         4074    i.Bsp_Eth_Init      bsp_eth.o
    0x080005ac   0x080005ac   0x00000002   Code   RO         3812    i.BusFault_Handler  stm32f4xx_it.o
    0x080005ae   0x080005ae   0x00000002   PAD
    0x080005b0   0x080005b0   0x00000028   Code   RO         3884    i.DEBUG_USART_Config  bsp_debug_usart.o
    0x080005d8   0x080005d8   0x00000002   Code   RO         3813    i.DebugMon_Handler  stm32f4xx_it.o
    0x080005da   0x080005da   0x00000002   PAD
    0x080005dc   0x080005dc   0x00000020   Code   RO          261    i.ETH_Delay         stm32f4xx_hal_eth.o
    0x080005fc   0x080005fc   0x0000002e   Code   RO          262    i.ETH_FlushTransmitFIFO  stm32f4xx_hal_eth.o
    0x0800062a   0x0800062a   0x00000002   PAD
    0x0800062c   0x0800062c   0x00000024   Code   RO         4075    i.ETH_IRQHandler    bsp_eth.o
    0x08000650   0x08000650   0x00000124   Code   RO          263    i.ETH_MACDMAConfig  stm32f4xx_hal_eth.o
    0x08000774   0x08000774   0x0000006c   Code   RO         4023    i.GPIO_CLK_Init     board.o
    0x080007e0   0x080007e0   0x00000024   Code   RO         2794    i.HAL_Delay         stm32f4xx_hal.o
    0x08000804   0x08000804   0x00000072   Code   RO          266    i.HAL_ETH_DMARxDescListInit  stm32f4xx_hal_eth.o
    0x08000876   0x08000876   0x00000078   Code   RO          267    i.HAL_ETH_DMATxDescListInit  stm32f4xx_hal_eth.o
    0x080008ee   0x080008ee   0x00000002   PAD
    0x080008f0   0x080008f0   0x0000002c   Code   RO         4076    i.HAL_ETH_ErrorCallback  bsp_eth.o
    0x0800091c   0x0800091c   0x0000007a   Code   RO          270    i.HAL_ETH_GetReceivedFrame  stm32f4xx_hal_eth.o
    0x08000996   0x08000996   0x0000007a   Code   RO          273    i.HAL_ETH_IRQHandler  stm32f4xx_hal_eth.o
    0x08000a10   0x08000a10   0x00000290   Code   RO          274    i.HAL_ETH_Init      stm32f4xx_hal_eth.o
    0x08000ca0   0x08000ca0   0x000000ac   Code   RO         4078    i.HAL_ETH_MspInit   bsp_eth.o
    0x08000d4c   0x08000d4c   0x000000d0   Code   RO          276    i.HAL_ETH_ReadPHYRegister  stm32f4xx_hal_eth.o
    0x08000e1c   0x08000e1c   0x00000030   Code   RO         4079    i.HAL_ETH_RxCpltCallback  bsp_eth.o
    0x08000e4c   0x08000e4c   0x00000084   Code   RO          278    i.HAL_ETH_Start     stm32f4xx_hal_eth.o
    0x08000ed0   0x08000ed0   0x00000108   Code   RO          280    i.HAL_ETH_TransmitFrame  stm32f4xx_hal_eth.o
    0x08000fd8   0x08000fd8   0x00000002   Code   RO         4080    i.HAL_ETH_TxCpltCallback  bsp_eth.o
    0x08000fda   0x08000fda   0x00000002   PAD
    0x08000fdc   0x08000fdc   0x000000c8   Code   RO          282    i.HAL_ETH_WritePHYRegister  stm32f4xx_hal_eth.o
    0x080010a4   0x080010a4   0x00000338   Code   RO         2291    i.HAL_GPIO_Init     stm32f4xx_hal_gpio.o
    0x080013dc   0x080013dc   0x0000000c   Code   RO         2802    i.HAL_GetTick       stm32f4xx_hal.o
    0x080013e8   0x080013e8   0x00000010   Code   RO         2806    i.HAL_IncTick       stm32f4xx_hal.o
    0x080013f8   0x080013f8   0x00000034   Code   RO         2807    i.HAL_Init          stm32f4xx_hal.o
    0x0800142c   0x0800142c   0x00000040   Code   RO         2808    i.HAL_InitTick      stm32f4xx_hal.o
    0x0800146c   0x0800146c   0x00000002   Code   RO         2810    i.HAL_MspInit       stm32f4xx_hal.o
    0x0800146e   0x0800146e   0x00000002   PAD
    0x08001470   0x08001470   0x00000064   Code   RO         2657    i.HAL_NVIC_EnableIRQ  stm32f4xx_hal_cortex.o
    0x080014d4   0x080014d4   0x000000a0   Code   RO         2663    i.HAL_NVIC_SetPriority  stm32f4xx_hal_cortex.o
    0x08001574   0x08001574   0x00000084   Code   RO         2664    i.HAL_NVIC_SetPriorityGrouping  stm32f4xx_hal_cortex.o
    0x080015f8   0x080015f8   0x00000070   Code   RO         2586    i.HAL_PWREx_EnableOverDrive  stm32f4xx_hal_pwr_ex.o
    0x08001668   0x08001668   0x00000264   Code   RO         1870    i.HAL_RCC_ClockConfig  stm32f4xx_hal_rcc.o
    0x080018cc   0x080018cc   0x0000000c   Code   RO         1875    i.HAL_RCC_GetHCLKFreq  stm32f4xx_hal_rcc.o
    0x080018d8   0x080018d8   0x00000020   Code   RO         1877    i.HAL_RCC_GetPCLK1Freq  stm32f4xx_hal_rcc.o
    0x080018f8   0x080018f8   0x00000020   Code   RO         1878    i.HAL_RCC_GetPCLK2Freq  stm32f4xx_hal_rcc.o
    0x08001918   0x08001918   0x00000064   Code   RO         1879    i.HAL_RCC_GetSysClockFreq  stm32f4xx_hal_rcc.o
    0x0800197c   0x0800197c   0x00000444   Code   RO         1882    i.HAL_RCC_OscConfig  stm32f4xx_hal_rcc.o
    0x08001dc0   0x08001dc0   0x00000068   Code   RO         2666    i.HAL_SYSTICK_CLKSourceConfig  stm32f4xx_hal_cortex.o
    0x08001e28   0x08001e28   0x00000028   Code   RO         2668    i.HAL_SYSTICK_Config  stm32f4xx_hal_cortex.o
    0x08001e50   0x08001e50   0x0000015c   Code   RO         1568    i.HAL_UART_Init     stm32f4xx_hal_uart.o
    0x08001fac   0x08001fac   0x00000084   Code   RO         3885    i.HAL_UART_MspInit  bsp_debug_usart.o
    0x08002030   0x08002030   0x000000ba   Code   RO         1576    i.HAL_UART_Transmit  stm32f4xx_hal_uart.o
    0x080020ea   0x080020ea   0x00000002   PAD
    0x080020ec   0x080020ec   0x00000040   Code   RO         4176    i.IIC_Ack           myiic.o
    0x0800212c   0x0800212c   0x00000048   Code   RO         4177    i.IIC_Init          myiic.o
    0x08002174   0x08002174   0x00000040   Code   RO         4178    i.IIC_NAck          myiic.o
    0x080021b4   0x080021b4   0x00000068   Code   RO         4179    i.IIC_Read_Byte     myiic.o
    0x0800221c   0x0800221c   0x00000060   Code   RO         4180    i.IIC_Send_Byte     myiic.o
    0x0800227c   0x0800227c   0x00000040   Code   RO         4181    i.IIC_Start         myiic.o
    0x080022bc   0x080022bc   0x00000044   Code   RO         4182    i.IIC_Stop          myiic.o
    0x08002300   0x08002300   0x00000054   Code   RO         4183    i.IIC_Wait_Ack      myiic.o
    0x08002354   0x08002354   0x00000002   Code   RO         3814    i.MemManage_Handler  stm32f4xx_it.o
    0x08002356   0x08002356   0x00000002   Code   RO         3815    i.NMI_Handler       stm32f4xx_it.o
    0x08002358   0x08002358   0x00000020   Code   RO         2670    i.NVIC_SetPriority  stm32f4xx_hal_cortex.o
    0x08002378   0x08002378   0x00000064   Code   RO         4242    i.PCF8574_Init      pcf8574.o
    0x080023dc   0x080023dc   0x00000020   Code   RO         4244    i.PCF8574_ReadOneByte  pcf8574.o
    0x080023fc   0x080023fc   0x00000020   Code   RO         4245    i.PCF8574_WriteBit  pcf8574.o
    0x0800241c   0x0800241c   0x0000002a   Code   RO         4246    i.PCF8574_WriteOneByte  pcf8574.o
    0x08002446   0x08002446   0x0000002a   Code   RO         3816    i.SysTick_Handler   stm32f4xx_it.o
    0x08002470   0x08002470   0x00000088   Code   RO         4024    i.SystemClock_Config  board.o
    0x080024f8   0x080024f8   0x00000054   Code   RO           14    i.SystemInit        system_stm32f4xx.o
    0x0800254c   0x0800254c   0x000000a0   Code   RO         7779    i.TCPIP_Init        sys_arch.o
    0x080025ec   0x080025ec   0x00000344   Code   RO         1594    i.UART_SetConfig    stm32f4xx_hal_uart.o
    0x08002930   0x08002930   0x00000062   Code   RO         1596    i.UART_WaitOnFlagUntilTimeout  stm32f4xx_hal_uart.o
    0x08002992   0x08002992   0x00000002   Code   RO         3817    i.UsageFault_Handler  stm32f4xx_it.o
    0x08002994   0x08002994   0x00000020   Code   RO         9313    i.__0printf$8       mc_w.l(printf8.o)
    0x080029b4   0x080029b4   0x00000028   Code   RO         9315    i.__0sprintf$8      mc_w.l(printf8.o)
    0x080029dc   0x080029dc   0x0000000e   Code   RO         9422    i.__scatterload_copy  mc_w.l(handlers.o)
    0x080029ea   0x080029ea   0x00000002   Code   RO         9423    i.__scatterload_null  mc_w.l(handlers.o)
    0x080029ec   0x080029ec   0x0000000e   Code   RO         9424    i.__scatterload_zeroinit  mc_w.l(handlers.o)
    0x080029fa   0x080029fa   0x00000002   PAD
    0x080029fc   0x080029fc   0x00000410   Code   RO         9320    i._printf_core      mc_w.l(printf8.o)
    0x08002e0c   0x08002e0c   0x00000024   Code   RO         9321    i._printf_post_padding  mc_w.l(printf8.o)
    0x08002e30   0x08002e30   0x0000002e   Code   RO         9322    i._printf_pre_padding  mc_w.l(printf8.o)
    0x08002e5e   0x08002e5e   0x0000000a   Code   RO         9324    i._sputc            mc_w.l(printf8.o)
    0x08002e68   0x08002e68   0x00000034   Code   RO         4025    i.assert_failed     board.o
    0x08002e9c   0x08002e9c   0x00000078   Code   RO         7975    i.cm_backtrace_assert  cm_backtrace.o
    0x08002f14   0x08002f14   0x000000a0   Code   RO         7976    i.cm_backtrace_call_stack  cm_backtrace.o
    0x08002fb4   0x08002fb4   0x0000023c   Code   RO         7977    i.cm_backtrace_fault  cm_backtrace.o
    0x080031f0   0x080031f0   0x0000002c   Code   RO         7978    i.cm_backtrace_firmware_info  cm_backtrace.o
    0x0800321c   0x0800321c   0x00000014   Code   RO         4138    i.delay_init        delay.o
    0x08003230   0x08003230   0x0000001a   Code   RO         4139    i.delay_ms          delay.o
    0x0800324a   0x0800324a   0x00000002   PAD
    0x0800324c   0x0800324c   0x00000034   Code   RO         4140    i.delay_us          delay.o
    0x08003280   0x08003280   0x00000048   Code   RO         5781    i.do_memp_free_pool  memp.o
    0x080032c8   0x080032c8   0x00000058   Code   RO         5782    i.do_memp_malloc_pool  memp.o
    0x08003320   0x08003320   0x000000bc   Code   RO         7980    i.dump_stack        cm_backtrace.o
    0x080033dc   0x080033dc   0x0000002c   Code   RO         7176    i.etharp_cleanup_netif  etharp.o
    0x08003408   0x08003408   0x000001d4   Code   RO         7178    i.etharp_find_entry  etharp.o
    0x080035dc   0x080035dc   0x00000024   Code   RO         7179    i.etharp_free_entry  etharp.o
    0x08003600   0x08003600   0x000000a0   Code   RO         7181    i.etharp_input      etharp.o
    0x080036a0   0x080036a0   0x00000138   Code   RO         7182    i.etharp_output     etharp.o
    0x080037d8   0x080037d8   0x000000a8   Code   RO         7183    i.etharp_output_to_arp_index  etharp.o
    0x08003880   0x08003880   0x00000170   Code   RO         7184    i.etharp_query      etharp.o
    0x080039f0   0x080039f0   0x000000fc   Code   RO         7185    i.etharp_raw        etharp.o
    0x08003aec   0x08003aec   0x0000000c   Code   RO         7186    i.etharp_request    etharp.o
    0x08003af8   0x08003af8   0x00000020   Code   RO         7187    i.etharp_request_dst  etharp.o
    0x08003b18   0x08003b18   0x0000005c   Code   RO         7188    i.etharp_tmr        etharp.o
    0x08003b74   0x08003b74   0x000000b4   Code   RO         7189    i.etharp_update_arp_entry  etharp.o
    0x08003c28   0x08003c28   0x000000a4   Code   RO         7553    i.ethernet_input    ethernet.o
    0x08003ccc   0x08003ccc   0x00000090   Code   RO         7554    i.ethernet_output   ethernet.o
    0x08003d5c   0x08003d5c   0x00000094   Code   RO         7717    i.ethernetif_init   ethernetif.o
    0x08003df0   0x08003df0   0x00000048   Code   RO         7718    i.ethernetif_input  ethernetif.o
    0x08003e38   0x08003e38   0x00000240   Code   RO         7981    i.fault_diagnosis   cm_backtrace.o
    0x08004078   0x08004078   0x00000018   Code   RO         3888    i.fputc             bsp_debug_usart.o
    0x08004090   0x08004090   0x00000008   Code   RO         7282    i.icmp_dest_unreach  icmp.o
    0x08004098   0x08004098   0x00000180   Code   RO         7283    i.icmp_input        icmp.o
    0x08004218   0x08004218   0x000000a8   Code   RO         7284    i.icmp_send_response  icmp.o
    0x080042c0   0x080042c0   0x00000008   Code   RO         7285    i.icmp_time_exceeded  icmp.o
    0x080042c8   0x080042c8   0x0000004a   Code   RO         5549    i.inet_chksum_pbuf  inet_chksum.o
    0x08004312   0x08004312   0x0000002e   Code   RO         7413    i.ip4_addr_isbroadcast_u32  ip4_addr.o
    0x08004340   0x08004340   0x000001e8   Code   RO         7482    i.ip4_frag          ip4_frag.o
    0x08004528   0x08004528   0x00000174   Code   RO         7344    i.ip4_input         ip4.o
    0x0800469c   0x0800469c   0x0000002c   Code   RO         7345    i.ip4_input_accept  ip4.o
    0x080046c8   0x080046c8   0x0000001e   Code   RO         7347    i.ip4_output_if     ip4.o
    0x080046e6   0x080046e6   0x00000002   PAD
    0x080046e8   0x080046e8   0x0000010c   Code   RO         7348    i.ip4_output_if_src  ip4.o
    0x080047f4   0x080047f4   0x00000228   Code   RO         7483    i.ip4_reass         ip4_frag.o
    0x08004a1c   0x08004a1c   0x00000060   Code   RO         7349    i.ip4_route         ip4.o
    0x08004a7c   0x08004a7c   0x00000024   Code   RO         7484    i.ip_frag_free_pbuf_custom_ref  ip4_frag.o
    0x08004aa0   0x08004aa0   0x000001b4   Code   RO         7485    i.ip_reass_chain_frag_into_datagram_and_validate  ip4_frag.o
    0x08004c54   0x08004c54   0x0000004c   Code   RO         7486    i.ip_reass_dequeue_datagram  ip4_frag.o
    0x08004ca0   0x08004ca0   0x00000114   Code   RO         7487    i.ip_reass_free_complete_datagram  ip4_frag.o
    0x08004db4   0x08004db4   0x00000084   Code   RO         7488    i.ip_reass_remove_oldest_datagram  ip4_frag.o
    0x08004e38   0x08004e38   0x0000002c   Code   RO         7489    i.ip_reass_tmr      ip4_frag.o
    0x08004e64   0x08004e64   0x0000002c   Code   RO         7490    i.ipfrag_free_pbuf_custom  ip4_frag.o
    0x08004e90   0x08004e90   0x00000100   Code   RO         7719    i.low_level_init    ethernetif.o
    0x08004f90   0x08004f90   0x000000bc   Code   RO         7720    i.low_level_input   ethernetif.o
    0x0800504c   0x0800504c   0x000000a4   Code   RO         7721    i.low_level_output  ethernetif.o
    0x080050f0   0x080050f0   0x0000003c   Code   RO         6919    i.lwip_cyclic_timer  timeouts.o
    0x0800512c   0x0800512c   0x00000004   Code   RO         5476    i.lwip_htonl        def.o
    0x08005130   0x08005130   0x00000004   Code   RO         5477    i.lwip_htons        def.o
    0x08005134   0x08005134   0x00000022   Code   RO         5621    i.lwip_init         init.o
    0x08005156   0x08005156   0x00000056   Code   RO         5556    i.lwip_standard_chksum  inet_chksum.o
    0x080051ac   0x080051ac   0x0000004c   Code   RO         3591    i.main              main.o
    0x080051f8   0x080051f8   0x00000158   Code   RO         5715    i.mem_free          mem.o
    0x08005350   0x08005350   0x00000068   Code   RO         5716    i.mem_init          mem.o
    0x080053b8   0x080053b8   0x000001d0   Code   RO         5717    i.mem_malloc        mem.o
    0x08005588   0x08005588   0x00000010   Code   RO         5718    i.mem_to_ptr        mem.o
    0x08005598   0x08005598   0x0000016c   Code   RO         5719    i.mem_trim          mem.o
    0x08005704   0x08005704   0x0000003c   Code   RO         5783    i.memp_free         memp.o
    0x08005740   0x08005740   0x0000001c   Code   RO         5785    i.memp_init         memp.o
    0x0800575c   0x0800575c   0x0000002a   Code   RO         5786    i.memp_init_pool    memp.o
    0x08005786   0x08005786   0x00000002   PAD
    0x08005788   0x08005788   0x00000044   Code   RO         5787    i.memp_malloc       memp.o
    0x080057cc   0x080057cc   0x00000158   Code   RO         5920    i.netif_add         netif.o
    0x08005924   0x08005924   0x00000016   Code   RO         5922    i.netif_do_ip_addr_changed  netif.o
    0x0800593a   0x0800593a   0x00000016   Code   RO         5923    i.netif_do_set_gw   netif.o
    0x08005950   0x08005950   0x00000058   Code   RO         5924    i.netif_do_set_ipaddr  netif.o
    0x080059a8   0x080059a8   0x00000016   Code   RO         5925    i.netif_do_set_netmask  netif.o
    0x080059be   0x080059be   0x00000002   PAD
    0x080059c0   0x080059c0   0x00000024   Code   RO         5927    i.netif_get_by_index  netif.o
    0x080059e4   0x080059e4   0x00000002   Code   RO         5929    i.netif_init        netif.o
    0x080059e6   0x080059e6   0x00000002   PAD
    0x080059e8   0x080059e8   0x0000005c   Code   RO         5931    i.netif_issue_reports  netif.o
    0x08005a44   0x08005a44   0x00000006   Code   RO         5933    i.netif_null_output_ip4  netif.o
    0x08005a4a   0x08005a4a   0x00000002   PAD
    0x08005a4c   0x08005a4c   0x00000060   Code   RO         5935    i.netif_set_addr    netif.o
    0x08005aac   0x08005aac   0x0000000c   Code   RO         5936    i.netif_set_default  netif.o
    0x08005ab8   0x08005ab8   0x00000044   Code   RO         5937    i.netif_set_down    netif.o
    0x08005afc   0x08005afc   0x0000003c   Code   RO         5943    i.netif_set_up      netif.o
    0x08005b38   0x08005b38   0x00000006   Code   RO         6098    i.pbuf_add_header   pbuf.o
    0x08005b3e   0x08005b3e   0x00000002   PAD
    0x08005b40   0x08005b40   0x00000060   Code   RO         6100    i.pbuf_add_header_impl  pbuf.o
    0x08005ba0   0x08005ba0   0x000001b8   Code   RO         6101    i.pbuf_alloc        pbuf.o
    0x08005d58   0x08005d58   0x00000050   Code   RO         6102    i.pbuf_alloc_reference  pbuf.o
    0x08005da8   0x08005da8   0x00000038   Code   RO         6103    i.pbuf_alloced_custom  pbuf.o
    0x08005de0   0x08005de0   0x000000c0   Code   RO         6104    i.pbuf_cat          pbuf.o
    0x08005ea0   0x08005ea0   0x00000012   Code   RO         6106    i.pbuf_clen         pbuf.o
    0x08005eb2   0x08005eb2   0x00000002   PAD
    0x08005eb4   0x08005eb4   0x0000003c   Code   RO         6107    i.pbuf_clone        pbuf.o
    0x08005ef0   0x08005ef0   0x00000158   Code   RO         6109    i.pbuf_copy         pbuf.o
    0x08006048   0x08006048   0x000000b4   Code   RO         6110    i.pbuf_copy_partial  pbuf.o
    0x080060fc   0x080060fc   0x000000e8   Code   RO         6112    i.pbuf_free         pbuf.o
    0x080061e4   0x080061e4   0x00000006   Code   RO         6117    i.pbuf_header_force  pbuf.o
    0x080061ea   0x080061ea   0x0000000e   Code   RO         6118    i.pbuf_header_impl  pbuf.o
    0x080061f8   0x080061f8   0x0000001c   Code   RO         6119    i.pbuf_init_alloced_pbuf  pbuf.o
    0x08006214   0x08006214   0x000000bc   Code   RO         6123    i.pbuf_realloc      pbuf.o
    0x080062d0   0x080062d0   0x0000003c   Code   RO         6124    i.pbuf_ref          pbuf.o
    0x0800630c   0x0800630c   0x00000068   Code   RO         6125    i.pbuf_remove_header  pbuf.o
    0x08006374   0x08006374   0x00000128   Code   RO         5720    i.plug_holes        mem.o
    0x0800649c   0x0800649c   0x0000008c   Code   RO         7982    i.print_call_stack  cm_backtrace.o
    0x08006528   0x08006528   0x00000070   Code   RO         8567    i.prvAddCurrentTaskToDelayedList  tasks.o
    0x08006598   0x08006598   0x000000d0   Code   RO         8568    i.prvAddNewTaskToReadyList  tasks.o
    0x08006668   0x08006668   0x00000026   Code   RO         8236    i.prvCopyDataFromQueue  queue.o
    0x0800668e   0x0800668e   0x0000006c   Code   RO         8237    i.prvCopyDataToQueue  queue.o
    0x080066fa   0x080066fa   0x00000014   Code   RO         8569    i.prvDeleteTCB      tasks.o
    0x0800670e   0x0800670e   0x00000002   PAD
    0x08006710   0x08006710   0x0000004c   Code   RO         8995    i.prvHeapInit       heap_4.o
    0x0800675c   0x0800675c   0x0000005c   Code   RO         8570    i.prvIdleTask       tasks.o
    0x080067b8   0x080067b8   0x000000b4   Code   RO         8571    i.prvInitialiseNewTask  tasks.o
    0x0800686c   0x0800686c   0x0000004c   Code   RO         8996    i.prvInsertBlockIntoFreeList  heap_4.o
    0x080068b8   0x080068b8   0x0000001a   Code   RO         8238    i.prvIsQueueEmpty   queue.o
    0x080068d2   0x080068d2   0x00000002   PAD
    0x080068d4   0x080068d4   0x00000020   Code   RO         8572    i.prvResetNextTaskUnblockTime  tasks.o
    0x080068f4   0x080068f4   0x00000064   Code   RO         8907    i.prvTaskExitError  port.o
    0x08006958   0x08006958   0x0000006a   Code   RO         8239    i.prvUnlockQueue    queue.o
    0x080069c2   0x080069c2   0x00000002   PAD
    0x080069c4   0x080069c4   0x0000000c   Code   RO         5721    i.ptr_to_mem        mem.o
    0x080069d0   0x080069d0   0x00000114   Code   RO         8997    i.pvPortMalloc      heap_4.o
    0x08006ae4   0x08006ae4   0x00000018   Code   RO         8574    i.pvTaskIncrementMutexHeldCount  tasks.o
    0x08006afc   0x08006afc   0x0000002c   Code   RO         8908    i.pxPortInitialiseStack  port.o
    0x08006b28   0x08006b28   0x00000040   Code   RO         7780    i.sys_arch_mbox_fetch  sys_arch.o
    0x08006b68   0x08006b68   0x0000000a   Code   RO         7782    i.sys_arch_protect  sys_arch.o
    0x08006b72   0x08006b72   0x00000004   Code   RO         7785    i.sys_arch_unprotect  sys_arch.o
    0x08006b76   0x08006b76   0x00000002   PAD
    0x08006b78   0x08006b78   0x00000040   Code   RO         6920    i.sys_check_timeouts  timeouts.o
    0x08006bb8   0x08006bb8   0x00000024   Code   RO         7786    i.sys_init          sys_arch.o
    0x08006bdc   0x08006bdc   0x0000001e   Code   RO         7789    i.sys_mbox_new      sys_arch.o
    0x08006bfa   0x08006bfa   0x0000001c   Code   RO         7792    i.sys_mbox_trypost  sys_arch.o
    0x08006c16   0x08006c16   0x0000000a   Code   RO         7794    i.sys_mbox_valid    sys_arch.o
    0x08006c20   0x08006c20   0x0000000a   Code   RO         7796    i.sys_mutex_lock    sys_arch.o
    0x08006c2a   0x08006c2a   0x00000002   PAD
    0x08006c2c   0x08006c2c   0x0000003c   Code   RO         7797    i.sys_mutex_new     sys_arch.o
    0x08006c68   0x08006c68   0x0000000c   Code   RO         7799    i.sys_mutex_unlock  sys_arch.o
    0x08006c74   0x08006c74   0x00000010   Code   RO         7800    i.sys_now           sys_arch.o
    0x08006c84   0x08006c84   0x00000058   Code   RO         7802    i.sys_sem_new       sys_arch.o
    0x08006cdc   0x08006cdc   0x00000040   Code   RO         7804    i.sys_sem_signal    sys_arch.o
    0x08006d1c   0x08006d1c   0x0000005c   Code   RO         7806    i.sys_thread_new    sys_arch.o
    0x08006d78   0x08006d78   0x00000060   Code   RO         6922    i.sys_timeout       timeouts.o
    0x08006dd8   0x08006dd8   0x00000098   Code   RO         6923    i.sys_timeout_abs   timeouts.o
    0x08006e70   0x08006e70   0x00000024   Code   RO         6924    i.sys_timeouts_init  timeouts.o
    0x08006e94   0x08006e94   0x00000028   Code   RO         6925    i.sys_timeouts_sleeptime  timeouts.o
    0x08006ebc   0x08006ebc   0x0000013c   Code   RO         6378    i.tcp_abandon       tcp.o
    0x08006ff8   0x08006ff8   0x00000006   Code   RO         6379    i.tcp_abort         tcp.o
    0x08006ffe   0x08006ffe   0x00000002   PAD
    0x08007000   0x08007000   0x00000128   Code   RO         6382    i.tcp_alloc         tcp.o
    0x08007128   0x08007128   0x00000040   Code   RO         6386    i.tcp_close         tcp.o
    0x08007168   0x08007168   0x00000168   Code   RO         6387    i.tcp_close_shutdown  tcp.o
    0x080072d0   0x080072d0   0x00000064   Code   RO         6388    i.tcp_close_shutdown_fin  tcp.o
    0x08007334   0x08007334   0x00000110   Code   RO         6759    i.tcp_create_segment  tcp_out.o
    0x08007444   0x08007444   0x00000054   Code   RO         6391    i.tcp_eff_send_mss_netif  tcp.o
    0x08007498   0x08007498   0x000001a4   Code   RO         6760    i.tcp_enqueue_flags  tcp_out.o
    0x0800763c   0x0800763c   0x0000006c   Code   RO         6393    i.tcp_fasttmr       tcp.o
    0x080076a8   0x080076a8   0x00000030   Code   RO         6394    i.tcp_free          tcp.o
    0x080076d8   0x080076d8   0x000000d4   Code   RO         6675    i.tcp_free_acked_segments  tcp_in.o
    0x080077ac   0x080077ac   0x00000028   Code   RO         6676    i.tcp_get_next_optbyte  tcp_in.o
    0x080077d4   0x080077d4   0x00000002   Code   RO         6395    i.tcp_init          tcp.o
    0x080077d6   0x080077d6   0x00000002   PAD
    0x080077d8   0x080077d8   0x00000590   Code   RO         6677    i.tcp_input         tcp_in.o
    0x08007d68   0x08007d68   0x00000070   Code   RO         6678    i.tcp_input_delayed_close  tcp_in.o
    0x08007dd8   0x08007dd8   0x00000068   Code   RO         6761    i.tcp_keepalive     tcp_out.o
    0x08007e40   0x08007e40   0x0000005c   Code   RO         6396    i.tcp_kill_state    tcp.o
    0x08007e9c   0x08007e9c   0x0000009c   Code   RO         6397    i.tcp_listen_closed  tcp.o
    0x08007f38   0x08007f38   0x00000130   Code   RO         6679    i.tcp_listen_input  tcp_in.o
    0x08008068   0x08008068   0x0000004c   Code   RO         6400    i.tcp_netif_ip_addr_changed  tcp.o
    0x080080b4   0x080080b4   0x00000060   Code   RO         6401    i.tcp_netif_ip_addr_changed_pcblist  tcp.o
    0x08008114   0x08008114   0x00000038   Code   RO         6405    i.tcp_next_iss      tcp.o
    0x0800814c   0x0800814c   0x00000270   Code   RO         6762    i.tcp_output        tcp_out.o
    0x080083bc   0x080083bc   0x00000068   Code   RO         6763    i.tcp_output_alloc_header  tcp_out.o
    0x08008424   0x08008424   0x000000ac   Code   RO         6764    i.tcp_output_alloc_header_common  tcp_out.o
    0x080084d0   0x080084d0   0x0000007c   Code   RO         6765    i.tcp_output_control_segment  tcp_out.o
    0x0800854c   0x0800854c   0x0000006c   Code   RO         6766    i.tcp_output_fill_options  tcp_out.o
    0x080085b8   0x080085b8   0x0000015c   Code   RO         6767    i.tcp_output_segment  tcp_out.o
    0x08008714   0x08008714   0x00000044   Code   RO         6768    i.tcp_output_segment_busy  tcp_out.o
    0x08008758   0x08008758   0x00000098   Code   RO         6680    i.tcp_parseopt      tcp_in.o
    0x080087f0   0x080087f0   0x00000064   Code   RO         6406    i.tcp_pcb_purge     tcp.o
    0x08008854   0x08008854   0x000000ec   Code   RO         6407    i.tcp_pcb_remove    tcp.o
    0x08008940   0x08008940   0x0000044c   Code   RO         6681    i.tcp_process       tcp_in.o
    0x08008d8c   0x08008d8c   0x000000a4   Code   RO         6409    i.tcp_process_refused_data  tcp.o
    0x08008e30   0x08008e30   0x000004e0   Code   RO         6682    i.tcp_receive       tcp_in.o
    0x08009310   0x08009310   0x00000050   Code   RO         6411    i.tcp_recv_null     tcp.o
    0x08009360   0x08009360   0x0000009c   Code   RO         6412    i.tcp_recved        tcp.o
    0x080093fc   0x080093fc   0x00000088   Code   RO         6770    i.tcp_rexmit        tcp_out.o
    0x08009484   0x08009484   0x00000084   Code   RO         6771    i.tcp_rexmit_fast   tcp_out.o
    0x08009508   0x08009508   0x00000040   Code   RO         6772    i.tcp_rexmit_rto    tcp_out.o
    0x08009548   0x08009548   0x00000048   Code   RO         6773    i.tcp_rexmit_rto_commit  tcp_out.o
    0x08009590   0x08009590   0x00000094   Code   RO         6774    i.tcp_rexmit_rto_prepare  tcp_out.o
    0x08009624   0x08009624   0x00000010   Code   RO         6775    i.tcp_route         tcp_out.o
    0x08009634   0x08009634   0x000000a8   Code   RO         6776    i.tcp_rst           tcp_out.o
    0x080096dc   0x080096dc   0x0000001c   Code   RO         6413    i.tcp_seg_free      tcp.o
    0x080096f8   0x080096f8   0x00000012   Code   RO         6414    i.tcp_segs_free     tcp.o
    0x0800970a   0x0800970a   0x00000002   PAD
    0x0800970c   0x0800970c   0x00000088   Code   RO         6777    i.tcp_send_empty_ack  tcp_out.o
    0x08009794   0x08009794   0x0000006c   Code   RO         6778    i.tcp_send_fin      tcp_out.o
    0x08009800   0x08009800   0x000004f8   Code   RO         6418    i.tcp_slowtmr       tcp.o
    0x08009cf8   0x08009cf8   0x000001b0   Code   RO         6779    i.tcp_split_unsent_seg  tcp_out.o
    0x08009ea8   0x08009ea8   0x00000034   Code   RO         6927    i.tcp_timer_needed  timeouts.o
    0x08009edc   0x08009edc   0x00000098   Code   RO         6683    i.tcp_timewait_input  tcp_in.o
    0x08009f74   0x08009f74   0x00000020   Code   RO         6420    i.tcp_tmr           tcp.o
    0x08009f94   0x08009f94   0x00000010   Code   RO         6684    i.tcp_trigger_input_pcb_close  tcp_in.o
    0x08009fa4   0x08009fa4   0x0000008c   Code   RO         6422    i.tcp_update_rcv_ann_wnd  tcp.o
    0x0800a030   0x0800a030   0x000000e4   Code   RO         6782    i.tcp_zero_window_probe  tcp_out.o
    0x0800a114   0x0800a114   0x0000009c   Code   RO         5308    i.tcpip_init        tcpip.o
    0x0800a1b0   0x0800a1b0   0x00000060   Code   RO         5309    i.tcpip_inpkt       tcpip.o
    0x0800a210   0x0800a210   0x0000001c   Code   RO         5310    i.tcpip_input       tcpip.o
    0x0800a22c   0x0800a22c   0x00000038   Code   RO         6928    i.tcpip_tcp_timer   timeouts.o
    0x0800a264   0x0800a264   0x00000098   Code   RO         5312    i.tcpip_thread      tcpip.o
    0x0800a2fc   0x0800a2fc   0x0000006c   Code   RO         5313    i.tcpip_thread_handle_msg  tcpip.o
    0x0800a368   0x0800a368   0x00000002   Code   RO         7015    i.udp_init          udp.o
    0x0800a36a   0x0800a36a   0x00000002   PAD
    0x0800a36c   0x0800a36c   0x00000178   Code   RO         7016    i.udp_input         udp.o
    0x0800a4e4   0x0800a4e4   0x000000ac   Code   RO         7017    i.udp_input_local_match  udp.o
    0x0800a590   0x0800a590   0x00000034   Code   RO         7018    i.udp_netif_ip_addr_changed  udp.o
    0x0800a5c4   0x0800a5c4   0x00000026   Code   RO         8184    i.uxListRemove      list.o
    0x0800a5ea   0x0800a5ea   0x00000016   Code   RO         8185    i.vListInitialise   list.o
    0x0800a600   0x0800a600   0x00000006   Code   RO         8186    i.vListInitialiseItem  list.o
    0x0800a606   0x0800a606   0x00000030   Code   RO         8187    i.vListInsert       list.o
    0x0800a636   0x0800a636   0x00000018   Code   RO         8188    i.vListInsertEnd    list.o
    0x0800a64e   0x0800a64e   0x00000002   PAD
    0x0800a650   0x0800a650   0x00000078   Code   RO         8910    i.vPortEnterCritical  port.o
    0x0800a6c8   0x0800a6c8   0x00000064   Code   RO         8911    i.vPortExitCritical  port.o
    0x0800a72c   0x0800a72c   0x0000009c   Code   RO         8998    i.vPortFree         heap_4.o
    0x0800a7c8   0x0800a7c8   0x00000024   Code   RO         8912    i.vPortSetupTimerInterrupt  port.o
    0x0800a7ec   0x0800a7ec   0x0000008c   Code   RO         8913    i.vPortValidateInterruptPriority  port.o
    0x0800a878   0x0800a878   0x000000cc   Code   RO         8582    i.vTaskDelete       tasks.o
    0x0800a944   0x0800a944   0x00000010   Code   RO         8584    i.vTaskInternalSetTimeOutState  tasks.o
    0x0800a954   0x0800a954   0x0000000c   Code   RO         8585    i.vTaskMissedYield  tasks.o
    0x0800a960   0x0800a960   0x00000054   Code   RO         8587    i.vTaskPlaceOnEventList  tasks.o
    0x0800a9b4   0x0800a9b4   0x000000cc   Code   RO         8589    i.vTaskPriorityDisinheritAfterTimeout  tasks.o
    0x0800aa80   0x0800aa80   0x0000008c   Code   RO         8594    i.vTaskStartScheduler  tasks.o
    0x0800ab0c   0x0800ab0c   0x00000010   Code   RO         8596    i.vTaskSuspendAll   tasks.o
    0x0800ab1c   0x0800ab1c   0x0000007c   Code   RO         8597    i.vTaskSwitchContext  tasks.o
    0x0800ab98   0x0800ab98   0x00000138   Code   RO         8914    i.xPortStartScheduler  port.o
    0x0800acd0   0x0800acd0   0x0000002c   Code   RO         8915    i.xPortSysTickHandler  port.o
    0x0800acfc   0x0800acfc   0x0000005c   Code   RO         8246    i.xQueueCreateCountingSemaphore  queue.o
    0x0800ad58   0x0800ad58   0x00000024   Code   RO         8247    i.xQueueCreateMutex  queue.o
    0x0800ad7c   0x0800ad7c   0x00000068   Code   RO         8248    i.xQueueGenericCreate  queue.o
    0x0800ade4   0x0800ade4   0x000000a8   Code   RO         8249    i.xQueueGenericReset  queue.o
    0x0800ae8c   0x0800ae8c   0x00000174   Code   RO         8250    i.xQueueGenericSend  queue.o
    0x0800b000   0x0800b000   0x000000b4   Code   RO         8252    i.xQueueGiveFromISR  queue.o
    0x0800b0b4   0x0800b0b4   0x00000150   Code   RO         8258    i.xQueueReceive     queue.o
    0x0800b204   0x0800b204   0x0000018c   Code   RO         8260    i.xQueueSemaphoreTake  queue.o
    0x0800b390   0x0800b390   0x00000090   Code   RO         8598    i.xTaskCheckForTimeOut  tasks.o
    0x0800b420   0x0800b420   0x00000056   Code   RO         8599    i.xTaskCreate       tasks.o
    0x0800b476   0x0800b476   0x00000002   PAD
    0x0800b478   0x0800b478   0x0000001c   Code   RO         8603    i.xTaskGetSchedulerState  tasks.o
    0x0800b494   0x0800b494   0x0000000c   Code   RO         8604    i.xTaskGetTickCount  tasks.o
    0x0800b4a0   0x0800b4a0   0x000000e8   Code   RO         8606    i.xTaskIncrementTick  tasks.o
    0x0800b588   0x0800b588   0x000000b4   Code   RO         8609    i.xTaskPriorityDisinherit  tasks.o
    0x0800b63c   0x0800b63c   0x00000094   Code   RO         8610    i.xTaskPriorityInherit  tasks.o
    0x0800b6d0   0x0800b6d0   0x00000098   Code   RO         8611    i.xTaskRemoveFromEventList  tasks.o
    0x0800b768   0x0800b768   0x000000e4   Code   RO         8612    i.xTaskResumeAll    tasks.o
    0x0800b84c   0x0800b84c   0x00000010   Data   RO           15    .constdata          system_stm32f4xx.o
    0x0800b85c   0x0800b85c   0x00000008   Data   RO           16    .constdata          system_stm32f4xx.o
    0x0800b864   0x0800b864   0x0000000c   Data   RO         5802    .constdata          memp.o
    0x0800b870   0x0800b870   0x0000000c   Data   RO         5803    .constdata          memp.o
    0x0800b87c   0x0800b87c   0x0000000c   Data   RO         5804    .constdata          memp.o
    0x0800b888   0x0800b888   0x0000000c   Data   RO         5805    .constdata          memp.o
    0x0800b894   0x0800b894   0x0000000c   Data   RO         5806    .constdata          memp.o
    0x0800b8a0   0x0800b8a0   0x0000000c   Data   RO         5807    .constdata          memp.o
    0x0800b8ac   0x0800b8ac   0x0000000c   Data   RO         5808    .constdata          memp.o
    0x0800b8b8   0x0800b8b8   0x0000000c   Data   RO         5809    .constdata          memp.o
    0x0800b8c4   0x0800b8c4   0x0000000c   Data   RO         5810    .constdata          memp.o
    0x0800b8d0   0x0800b8d0   0x0000000c   Data   RO         5811    .constdata          memp.o
    0x0800b8dc   0x0800b8dc   0x0000000c   Data   RO         5812    .constdata          memp.o
    0x0800b8e8   0x0800b8e8   0x0000000c   Data   RO         5813    .constdata          memp.o
    0x0800b8f4   0x0800b8f4   0x0000000c   Data   RO         5814    .constdata          memp.o
    0x0800b900   0x0800b900   0x00000034   Data   RO         5815    .constdata          memp.o
    0x0800b934   0x0800b934   0x00000054   Data   RO         6423    .constdata          tcp.o
    0x0800b988   0x0800b988   0x00000018   Data   RO         6929    .constdata          timeouts.o
    0x0800b9a0   0x0800b9a0   0x00000004   Data   RO         7420    .constdata          ip4_addr.o
    0x0800b9a4   0x0800b9a4   0x00000006   Data   RO         7555    .constdata          ethernet.o
    0x0800b9aa   0x0800b9aa   0x00000006   Data   RO         7556    .constdata          ethernet.o
    0x0800b9b0   0x0800b9b0   0x000000dc   Data   RO         7984    .constdata          cm_backtrace.o
    0x0800ba8c   0x0800ba8c   0x00000075   Data   RO         6424    .conststring        tcp.o
    0x0800bb01   0x0800bb01   0x00000003   PAD
    0x0800bb04   0x0800bb04   0x00000055   Data   RO         6783    .conststring        tcp_out.o
    0x0800bb59   0x0800bb59   0x00000003   PAD
    0x0800bb5c   0x0800bb5c   0x00000041   Data   RO         7191    .conststring        etharp.o
    0x0800bb9d   0x0800bb9d   0x00000003   PAD
    0x0800bba0   0x0800bba0   0x00000815   Data   RO         7985    .conststring        cm_backtrace.o
    0x0800c3b5   0x0800c3b5   0x00000003   PAD
    0x0800c3b8   0x0800c3b8   0x00000020   Data   RO         9420    Region$$Table       anon$$obj.o


    Execution Region RW_IRAM1 (Exec base: 0x20000000, Load base: 0x0800c3d8, Size: 0x00025a20, Max: 0x00030000, ABSOLUTE, COMPRESSED[0x0000001c])

    Exec Addr    Load Addr    Size         Type   Attr      Idx    E Section Name        Object

    0x20000000   COMPRESSED   0x00000004   Data   RW           17    .data               system_stm32f4xx.o
    0x20000004   COMPRESSED   0x0000000c   Data   RW         2814    .data               stm32f4xx_hal.o
    0x20000010   COMPRESSED   0x00000004   Data   RW         3592    .data               main.o
    0x20000014   COMPRESSED   0x00000004   Data   RW         4141    .data               delay.o
    0x20000018   COMPRESSED   0x00000001   Data   RW         4247    .data               pcf8574.o
    0x20000019   COMPRESSED   0x00000003   PAD
    0x2000001c   COMPRESSED   0x00000010   Data   RW         5315    .data               tcpip.o
    0x2000002c   COMPRESSED   0x00000010   Data   RW         5723    .data               mem.o
    0x2000003c   COMPRESSED   0x00000004   Data   RW         5816    .data               memp.o
    0x20000040   COMPRESSED   0x00000004   Data   RW         5817    .data               memp.o
    0x20000044   COMPRESSED   0x00000004   Data   RW         5818    .data               memp.o
    0x20000048   COMPRESSED   0x00000004   Data   RW         5819    .data               memp.o
    0x2000004c   COMPRESSED   0x00000004   Data   RW         5820    .data               memp.o
    0x20000050   COMPRESSED   0x00000004   Data   RW         5821    .data               memp.o
    0x20000054   COMPRESSED   0x00000004   Data   RW         5822    .data               memp.o
    0x20000058   COMPRESSED   0x00000004   Data   RW         5823    .data               memp.o
    0x2000005c   COMPRESSED   0x00000004   Data   RW         5824    .data               memp.o
    0x20000060   COMPRESSED   0x00000004   Data   RW         5825    .data               memp.o
    0x20000064   COMPRESSED   0x00000004   Data   RW         5826    .data               memp.o
    0x20000068   COMPRESSED   0x00000004   Data   RW         5827    .data               memp.o
    0x2000006c   COMPRESSED   0x00000004   Data   RW         5828    .data               memp.o
    0x20000070   COMPRESSED   0x0000000c   Data   RW         5944    .data               netif.o
    0x2000007c   COMPRESSED   0x00000020   Data   RW         6425    .data               tcp.o
    0x2000009c   COMPRESSED   0x00000024   Data   RW         6686    .data               tcp_in.o
    0x200000c0   COMPRESSED   0x0000000c   Data   RW         6931    .data               timeouts.o
    0x200000cc   COMPRESSED   0x00000008   Data   RW         7027    .data               udp.o
    0x200000d4   COMPRESSED   0x00000001   Data   RW         7192    .data               etharp.o
    0x200000d5   COMPRESSED   0x00000001   PAD
    0x200000d6   COMPRESSED   0x00000002   Data   RW         7350    .data               ip4.o
    0x200000d8   COMPRESSED   0x00000008   Data   RW         7491    .data               ip4_frag.o
    0x200000e0   COMPRESSED   0x0000000c   Data   RW         7722    .data               ethernetif.o
    0x200000ec   COMPRESSED   0x00000014   Data   RW         7808    .data               sys_arch.o
    0x20000100   COMPRESSED   0x00000018   Data   RW         7986    .data               cm_backtrace.o
    0x20000118   COMPRESSED   0x0000003c   Data   RW         8615    .data               tasks.o
    0x20000154   COMPRESSED   0x0000000c   Data   RW         8916    .data               port.o
    0x20000160   COMPRESSED   0x00000018   Data   RW         9003    .data               heap_4.o
    0x20000178   COMPRESSED   0x00000004   Data   RW         9383    .data               mc_w.l(stdout.o)
    0x2000017c        -       0x00000040   Zero   RW         3889    .bss                bsp_debug_usart.o
    0x200001bc        -       0x00006188   Zero   RW         4081    .bss                bsp_eth.o
    0x20006344        -       0x00000018   Zero   RW         5690    .bss                ip.o
    0x2000635c        -       0x00003c13   Zero   RW         5722    .bss                mem.o
    0x20009f6f        -       0x00000083   Zero   RW         5789    .bss                memp.o
    0x20009ff2        -       0x00000393   Zero   RW         5790    .bss                memp.o
    0x2000a385        -       0x000000ab   Zero   RW         5791    .bss                memp.o
    0x2000a430        -       0x00000963   Zero   RW         5792    .bss                memp.o
    0x2000ad93        -       0x000000a3   Zero   RW         5793    .bss                memp.o
    0x2000ae36        -       0x0000016b   Zero   RW         5794    .bss                memp.o
    0x2000afa1        -       0x00000023   Zero   RW         5795    .bss                memp.o
    0x2000afc4        -       0x000000a3   Zero   RW         5796    .bss                memp.o
    0x2000b067        -       0x00000083   Zero   RW         5797    .bss                memp.o
    0x2000b0ea        -       0x00000083   Zero   RW         5798    .bss                memp.o
    0x2000b16d        -       0x00000063   Zero   RW         5799    .bss                memp.o
    0x2000b1d0        -       0x00000193   Zero   RW         5800    .bss                memp.o
    0x2000b363        -       0x00010d4f   Zero   RW         5801    .bss                memp.o
    0x2001c0b2   COMPRESSED   0x00000002   PAD
    0x2001c0b4        -       0x00000010   Zero   RW         6685    .bss                tcp_in.o
    0x2001c0c4        -       0x000000f0   Zero   RW         7190    .bss                etharp.o
    0x2001c1b4        -       0x00000050   Zero   RW         7807    .bss                sys_arch.o
    0x2001c204        -       0x00000134   Zero   RW         7983    .bss                cm_backtrace.o
    0x2001c338        -       0x000002e4   Zero   RW         8614    .bss                tasks.o
    0x2001c61c        -       0x00009000   Zero   RW         9002    .bss                heap_4.o
    0x2002561c   COMPRESSED   0x00000004   PAD
    0x20025620        -       0x00000400   Zero   RW            1    STACK               startup_stm32f429xx.o


==============================================================================

Image component sizes


      Code (inc. data)   RO Data    RW Data    ZI Data      Debug   Object Name

         0          0          0          0          0       9395   api_lib.o
         0          0          0          0          0       4411   api_msg.o
       376         80          0          0          0       6643   board.o
       196         22          0          0         64       2526   bsp_debug_usart.o
       554        160          0          0      24968       4828   bsp_eth.o
      1800        388       2289         24        308      10208   cm_backtrace.o
        12          0          0          0          0        464   cmb_fault.o
         8          0          0          0          0       1034   def.o
        98          8          0          4          0       2007   delay.o
      2124        512         65          1        240      12451   etharp.o
       308         58         12          0          0       2586   ethernet.o
       828        158          0         12          0       6348   ethernetif.o
       584        138          0         24      36864       4187   heap_4.o
       568        158          0          0          0       4206   icmp.o
       160          0          0          0          0       2671   inet_chksum.o
        34          0          0          0          0       1576   init.o
         0          0          0          0         24       3150   ip.o
       810         92          0          2          0       5392   ip4.o
        46          0          4          0          0       8366   ip4_addr.o
      2084        462          0          8          0      11790   ip4_frag.o
       138          0          0          0          0       3262   list.o
       108         30          0          4          0      40094   main.o
      1600        602          0         16      15379       7449   mem.o
       358        148        208         52      74051      10668   memp.o
       616         76          0          0          0       5070   myiic.o
         0          0          0          0          0       7820   netbuf.o
       870        278          0         12          0      13556   netif.o
      2104        820          0          0          0      18378   pbuf.o
       206         14          0          1          0       3176   pcf8574.o
      1086        384          0         12          0      10993   port.o
      1962        274          0          0          0      13445   queue.o
        36          8        428          0       1024        980   startup_stm32f429xx.o
       182         28          0         12          0       5283   stm32f4xx_hal.o
       568        270          0          0          0      31389   stm32f4xx_hal_cortex.o
      2308        254          0          0          0      12508   stm32f4xx_hal_eth.o
       824        142          0          0          0       2040   stm32f4xx_hal_gpio.o
       112         12          0          0          0       1360   stm32f4xx_hal_pwr_ex.o
      1880        200          0          0          0       6148   stm32f4xx_hal_rcc.o
      1468        166          0          0          0       4376   stm32f4xx_hal_uart.o
        52          0          0          0          0      11059   stm32f4xx_it.o
        16          0          0          0          0        496   sys.o
       684        196          0         20         80      10680   sys_arch.o
        84         18         24          4          0     751635   system_stm32f4xx.o
      2678        584          0         60        740      29276   tasks.o
      4086       1320        201         32          0      31314   tcp.o
      4760       1050          0         36         16      20675   tcp_in.o
      3984       1212         85          0          0      28422   tcp_out.o
       540        188          0         16          0       6587   tcpip.o
       556        188         24         12          0       7143   timeouts.o
       602        174          0          8          0       5556   udp.o

    ----------------------------------------------------------------------
     45112      10872       3384        376     153764    1205077   Object Totals
         0          0         32          0          0          0   (incl. Generated)
        54          0         12          4          6          0   (incl. Padding)

    ----------------------------------------------------------------------

      Code (inc. data)   RO Data    RW Data    ZI Data      Debug   Library Member Name

        58          0          0          0          0          0   __dczerorl.o
         0          0          0          0          0          0   entry.o
         0          0          0          0          0          0   entry10a.o
         0          0          0          0          0          0   entry11a.o
         8          4          0          0          0          0   entry2.o
         4          0          0          0          0          0   entry5.o
         0          0          0          0          0          0   entry7b.o
         0          0          0          0          0          0   entry8b.o
         8          4          0          0          0          0   entry9a.o
        30          0          0          0          0          0   handlers.o
        36          8          0          0          0         68   init.o
        30          0          0          0          0         68   llshl.o
        32          0          0          0          0         68   llushr.o
        26          0          0          0          0         80   memcmp.o
        64          0          0          0          0         76   memmovea.o
        36          0          0          0          0        108   memseta.o
      1204         60          0          0          0        504   printf8.o
         0          0          0          4          0          0   stdout.o
        98          0          0          0          0         92   uldiv.o

    ----------------------------------------------------------------------
      1640         76          0          4          0       1064   Library Totals
         6          0          0          0          0          0   (incl. Padding)

    ----------------------------------------------------------------------

      Code (inc. data)   RO Data    RW Data    ZI Data      Debug   Library Name

      1634         76          0          4          0       1064   mc_w.l

    ----------------------------------------------------------------------
      1640         76          0          4          0       1064   Library Totals

    ----------------------------------------------------------------------

==============================================================================


      Code (inc. data)   RO Data    RW Data    ZI Data      Debug   

     46752      10948       3384        380     153764    1175505   Grand Totals
     46752      10948       3384         28     153764    1175505   ELF Image Totals (compressed)
     46752      10948       3384         28          0          0   ROM Totals

==============================================================================

    Total RO  Size (Code + RO Data)                50136 (  48.96kB)
    Total RW  Size (RW Data + ZI Data)            154144 ( 150.53kB)
    Total ROM Size (Code + RO Data + RW Data)      50164 (  48.99kB)

==============================================================================

